Component: ARM Compiler 6.16 Tool: armlink [5dfeaa00]

==============================================================================

Section Cross References

    startup_at32f435_437.o(STACK) refers (Special) to heapauxi.o(.text) for __use_two_region_memory
    startup_at32f435_437.o(HEAP) refers (Special) to heapauxi.o(.text) for __use_two_region_memory
    startup_at32f435_437.o(RESET) refers (Special) to heapauxi.o(.text) for __use_two_region_memory
    startup_at32f435_437.o(RESET) refers to startup_at32f435_437.o(STACK) for __initial_sp
    startup_at32f435_437.o(RESET) refers to startup_at32f435_437.o(.text) for Reset_Handler
    startup_at32f435_437.o(RESET) refers to at32f435_437_int.o(.text.NMI_Handler) for NMI_Handler
    startup_at32f435_437.o(RESET) refers to at32f435_437_int.o(.text.HardFault_Handler) for HardFault_Handler
    startup_at32f435_437.o(RESET) refers to at32f435_437_int.o(.text.MemManage_Handler) for MemManage_Handler
    startup_at32f435_437.o(RESET) refers to at32f435_437_int.o(.text.BusFault_Handler) for BusFault_Handler
    startup_at32f435_437.o(RESET) refers to at32f435_437_int.o(.text.UsageFault_Handler) for UsageFault_Handler
    startup_at32f435_437.o(RESET) refers to at32f435_437_int.o(.text.SVC_Handler) for SVC_Handler
    startup_at32f435_437.o(RESET) refers to at32f435_437_int.o(.text.DebugMon_Handler) for DebugMon_Handler
    startup_at32f435_437.o(RESET) refers to at32f435_437_int.o(.text.PendSV_Handler) for PendSV_Handler
    startup_at32f435_437.o(RESET) refers to at32f435_437_int.o(.text.SysTick_Handler) for SysTick_Handler
    startup_at32f435_437.o(.text) refers (Special) to heapauxi.o(.text) for __use_two_region_memory
    startup_at32f435_437.o(.text) refers to system_at32f435_437.o(.text.SystemInit) for SystemInit
    startup_at32f435_437.o(.text) refers to __main.o(!!!main) for __main
    startup_at32f435_437.o(.text) refers to startup_at32f435_437.o(HEAP) for Heap_Mem
    startup_at32f435_437.o(.text) refers to startup_at32f435_437.o(STACK) for Stack_Mem
    system_at32f435_437.o(.ARM.exidx.text.SystemInit) refers to system_at32f435_437.o(.text.SystemInit) for [Anonymous Symbol]
    system_at32f435_437.o(.text.system_core_clock_update) refers to at32f435_437_crm.o(.text.crm_sysclk_switch_status_get) for crm_sysclk_switch_status_get
    system_at32f435_437.o(.text.system_core_clock_update) refers to system_at32f435_437.o(.data.system_core_clock) for system_core_clock
    system_at32f435_437.o(.text.system_core_clock_update) refers to system_at32f435_437.o(.rodata.system_core_clock_update.pll_fr_table) for system_core_clock_update.pll_fr_table
    system_at32f435_437.o(.text.system_core_clock_update) refers to lludivv7m.o(.text) for __aeabi_uldivmod
    system_at32f435_437.o(.text.system_core_clock_update) refers to system_at32f435_437.o(.rodata.system_core_clock_update.sys_ahb_div_table) for system_core_clock_update.sys_ahb_div_table
    system_at32f435_437.o(.ARM.exidx.text.system_core_clock_update) refers to system_at32f435_437.o(.text.system_core_clock_update) for [Anonymous Symbol]
    at32f435_437_acc.o(.ARM.exidx.text.acc_calibration_mode_enable) refers to at32f435_437_acc.o(.text.acc_calibration_mode_enable) for [Anonymous Symbol]
    at32f435_437_acc.o(.ARM.exidx.text.acc_step_set) refers to at32f435_437_acc.o(.text.acc_step_set) for [Anonymous Symbol]
    at32f435_437_acc.o(.ARM.exidx.text.acc_sof_select) refers to at32f435_437_acc.o(.text.acc_sof_select) for [Anonymous Symbol]
    at32f435_437_acc.o(.ARM.exidx.text.acc_interrupt_enable) refers to at32f435_437_acc.o(.text.acc_interrupt_enable) for [Anonymous Symbol]
    at32f435_437_acc.o(.ARM.exidx.text.acc_hicktrim_get) refers to at32f435_437_acc.o(.text.acc_hicktrim_get) for [Anonymous Symbol]
    at32f435_437_acc.o(.ARM.exidx.text.acc_hickcal_get) refers to at32f435_437_acc.o(.text.acc_hickcal_get) for [Anonymous Symbol]
    at32f435_437_acc.o(.ARM.exidx.text.acc_write_c1) refers to at32f435_437_acc.o(.text.acc_write_c1) for [Anonymous Symbol]
    at32f435_437_acc.o(.ARM.exidx.text.acc_write_c2) refers to at32f435_437_acc.o(.text.acc_write_c2) for [Anonymous Symbol]
    at32f435_437_acc.o(.ARM.exidx.text.acc_write_c3) refers to at32f435_437_acc.o(.text.acc_write_c3) for [Anonymous Symbol]
    at32f435_437_acc.o(.ARM.exidx.text.acc_read_c1) refers to at32f435_437_acc.o(.text.acc_read_c1) for [Anonymous Symbol]
    at32f435_437_acc.o(.ARM.exidx.text.acc_read_c2) refers to at32f435_437_acc.o(.text.acc_read_c2) for [Anonymous Symbol]
    at32f435_437_acc.o(.ARM.exidx.text.acc_read_c3) refers to at32f435_437_acc.o(.text.acc_read_c3) for [Anonymous Symbol]
    at32f435_437_acc.o(.ARM.exidx.text.acc_flag_get) refers to at32f435_437_acc.o(.text.acc_flag_get) for [Anonymous Symbol]
    at32f435_437_acc.o(.ARM.exidx.text.acc_flag_clear) refers to at32f435_437_acc.o(.text.acc_flag_clear) for [Anonymous Symbol]
[...]
    Removing at32f435_437_qspi.o(.ARM.exidx.text.qspi_half_word_read), (8 bytes).
    Removing at32f435_437_qspi.o(.text.qspi_word_read), (14 bytes).
    Removing at32f435_437_qspi.o(.ARM.exidx.text.qspi_word_read), (8 bytes).
    Removing at32f435_437_qspi.o(.text.qspi_byte_write), (22 bytes).
    Removing at32f435_437_qspi.o(.ARM.exidx.text.qspi_byte_write), (8 bytes).
    Removing at32f435_437_qspi.o(.text.qspi_half_word_write), (22 bytes).
    Removing at32f435_437_qspi.o(.ARM.exidx.text.qspi_half_word_write), (8 bytes).
    Removing at32f435_437_qspi.o(.text.qspi_word_write), (18 bytes).
    Removing at32f435_437_qspi.o(.ARM.exidx.text.qspi_word_write), (8 bytes).
    Removing at32f435_437_scfg.o(.text), (0 bytes).
    Removing at32f435_437_scfg.o(.text.scfg_reset), (30 bytes).
    Removing at32f435_437_scfg.o(.ARM.exidx.text.scfg_reset), (8 bytes).
    Removing at32f435_437_scfg.o(.text.scfg_xmc_mapping_swap_set), (38 bytes).
    Removing at32f435_437_scfg.o(.ARM.exidx.text.scfg_xmc_mapping_swap_set), (8 bytes).
    Removing at32f435_437_scfg.o(.text.scfg_infrared_config), (62 bytes).
    Removing at32f435_437_scfg.o(.ARM.exidx.text.scfg_infrared_config), (8 bytes).
    Removing at32f435_437_scfg.o(.text.scfg_mem_map_set), (30 bytes).
    Removing at32f435_437_scfg.o(.ARM.exidx.text.scfg_mem_map_set), (8 bytes).
    Removing at32f435_437_scfg.o(.text.scfg_emac_interface_set), (38 bytes).
    Removing at32f435_437_scfg.o(.ARM.exidx.text.scfg_emac_interface_set), (8 bytes).
    Removing at32f435_437_scfg.o(.text.scfg_exint_line_config), (228 bytes).
    Removing at32f435_437_scfg.o(.ARM.exidx.text.scfg_exint_line_config), (8 bytes).
    Removing at32f435_437_scfg.o(.text.scfg_pins_ultra_driven_enable), (82 bytes).
    Removing at32f435_437_scfg.o(.ARM.exidx.text.scfg_pins_ultra_driven_enable), (8 bytes).
    Removing at32f435_437_sdio.o(.text), (0 bytes).
    Removing at32f435_437_sdio.o(.text.sdio_reset), (54 bytes).
    Removing at32f435_437_sdio.o(.ARM.exidx.text.sdio_reset), (8 bytes).
    Removing at32f435_437_sdio.o(.text.sdio_power_set), (26 bytes).
    Removing at32f435_437_sdio.o(.ARM.exidx.text.sdio_power_set), (8 bytes).
    Removing at32f435_437_sdio.o(.text.sdio_power_status_get), (16 bytes).
    Removing at32f435_437_sdio.o(.ARM.exidx.text.sdio_power_status_get), (8 bytes).
    Removing at32f435_437_sdio.o(.text.sdio_clock_config), (74 bytes).
    Removing at32f435_437_sdio.o(.ARM.exidx.text.sdio_clock_config), (8 bytes).
    Removing at32f435_437_sdio.o(.text.sdio_bus_width_config), (34 bytes).
    Removing at32f435_437_sdio.o(.ARM.exidx.text.sdio_bus_width_config), (8 bytes).
    Removing at32f435_437_sdio.o(.text.sdio_clock_bypass), (34 bytes).
    Removing at32f435_437_sdio.o(.ARM.exidx.text.sdio_clock_bypass), (8 bytes).
    Removing at32f435_437_sdio.o(.text.sdio_power_saving_mode_enable), (34 bytes).
    Removing at32f435_437_sdio.o(.ARM.exidx.text.sdio_power_saving_mode_enable), (8 bytes).
    Removing at32f435_437_sdio.o(.text.sdio_flow_control_enable), (34 bytes).
    Removing at32f435_437_sdio.o(.ARM.exidx.text.sdio_flow_control_enable), (8 bytes).
    Removing at32f435_437_sdio.o(.text.sdio_clock_enable), (34 bytes).
    Removing at32f435_437_sdio.o(.ARM.exidx.text.sdio_clock_enable), (8 bytes).
    Removing at32f435_437_sdio.o(.text.sdio_dma_enable), (34 bytes).
    Removing at32f435_437_sdio.o(.ARM.exidx.text.sdio_dma_enable), (8 bytes).
    Removing at32f435_437_sdio.o(.text.sdio_interrupt_enable), (48 bytes).
    Removing at32f435_437_sdio.o(.ARM.exidx.text.sdio_interrupt_enable), (8 bytes).
    Removing at32f435_437_sdio.o(.text.sdio_flag_get), (50 bytes).
    Removing at32f435_437_sdio.o(.ARM.exidx.text.sdio_flag_get), (8 bytes).
    Removing at32f435_437_sdio.o(.text.sdio_flag_clear), (16 bytes).
    Removing at32f435_437_sdio.o(.ARM.exidx.text.sdio_flag_clear), (8 bytes).
    Removing at32f435_437_sdio.o(.text.sdio_command_config), (108 bytes).
    Removing at32f435_437_sdio.o(.ARM.exidx.text.sdio_command_config), (8 bytes).
    Removing at32f435_437_sdio.o(.text.sdio_command_state_machine_enable), (34 bytes).
    Removing at32f435_437_sdio.o(.ARM.exidx.text.sdio_command_state_machine_enable), (8 bytes).
    Removing at32f435_437_sdio.o(.text.sdio_command_response_get), (16 bytes).
    Removing at32f435_437_sdio.o(.ARM.exidx.text.sdio_command_response_get), (8 bytes).
    Removing at32f435_437_sdio.o(.text.sdio_response_get), (74 bytes).
    Removing at32f435_437_sdio.o(.ARM.exidx.text.sdio_response_get), (8 bytes).
    Removing at32f435_437_sdio.o(.text.sdio_data_config), (110 bytes).
    Removing at32f435_437_sdio.o(.ARM.exidx.text.sdio_data_config), (8 bytes).
    Removing at32f435_437_sdio.o(.text.sdio_data_state_machine_enable), (26 bytes).
    Removing at32f435_437_sdio.o(.ARM.exidx.text.sdio_data_state_machine_enable), (8 bytes).
    Removing at32f435_437_sdio.o(.text.sdio_data_counter_get), (12 bytes).
    Removing at32f435_437_sdio.o(.ARM.exidx.text.sdio_data_counter_get), (8 bytes).
    Removing at32f435_437_sdio.o(.text.sdio_data_read), (14 bytes).
    Removing at32f435_437_sdio.o(.ARM.exidx.text.sdio_data_read), (8 bytes).
    Removing at32f435_437_sdio.o(.text.sdio_buffer_counter_get), (12 bytes).
    Removing at32f435_437_sdio.o(.ARM.exidx.text.sdio_buffer_counter_get), (8 bytes).
    Removing at32f435_437_sdio.o(.text.sdio_data_write), (18 bytes).
    Removing at32f435_437_sdio.o(.ARM.exidx.text.sdio_data_write), (8 bytes).
    Removing at32f435_437_sdio.o(.text.sdio_read_wait_mode_set), (34 bytes).
    Removing at32f435_437_sdio.o(.ARM.exidx.text.sdio_read_wait_mode_set), (8 bytes).
    Removing at32f435_437_sdio.o(.text.sdio_read_wait_start), (34 bytes).
    Removing at32f435_437_sdio.o(.ARM.exidx.text.sdio_read_wait_start), (8 bytes).
    Removing at32f435_437_sdio.o(.text.sdio_read_wait_stop), (34 bytes).
    Removing at32f435_437_sdio.o(.ARM.exidx.text.sdio_read_wait_stop), (8 bytes).
    Removing at32f435_437_sdio.o(.text.sdio_io_function_enable), (34 bytes).
    Removing at32f435_437_sdio.o(.ARM.exidx.text.sdio_io_function_enable), (8 bytes).
    Removing at32f435_437_sdio.o(.text.sdio_io_suspend_command_set), (34 bytes).
    Removing at32f435_437_sdio.o(.ARM.exidx.text.sdio_io_suspend_command_set), (8 bytes).
    Removing at32f435_437_spi.o(.text), (0 bytes).
    Removing at32f435_437_spi.o(.text.spi_i2s_reset), (176 bytes).
    Removing at32f435_437_spi.o(.ARM.exidx.text.spi_i2s_reset), (8 bytes).
    Removing at32f435_437_spi.o(.text.spi_default_para_init), (44 bytes).
    Removing at32f435_437_spi.o(.ARM.exidx.text.spi_default_para_init), (8 bytes).
    Removing at32f435_437_spi.o(.text.spi_init), (502 bytes).
    Removing at32f435_437_spi.o(.ARM.exidx.text.spi_init), (8 bytes).
    Removing at32f435_437_spi.o(.text.spi_ti_mode_enable), (34 bytes).
    Removing at32f435_437_spi.o(.ARM.exidx.text.spi_ti_mode_enable), (8 bytes).
    Removing at32f435_437_spi.o(.text.spi_crc_next_transmit), (18 bytes).
    Removing at32f435_437_spi.o(.ARM.exidx.text.spi_crc_next_transmit), (8 bytes).
    Removing at32f435_437_spi.o(.text.spi_crc_polynomial_set), (30 bytes).
    Removing at32f435_437_spi.o(.ARM.exidx.text.spi_crc_polynomial_set), (8 bytes).
    Removing at32f435_437_spi.o(.text.spi_crc_polynomial_get), (14 bytes).
    Removing at32f435_437_spi.o(.ARM.exidx.text.spi_crc_polynomial_get), (8 bytes).
    Removing at32f435_437_spi.o(.text.spi_crc_enable), (34 bytes).
    Removing at32f435_437_spi.o(.ARM.exidx.text.spi_crc_enable), (8 bytes).
    Removing at32f435_437_spi.o(.text.spi_crc_value_get), (46 bytes).
    Removing at32f435_437_spi.o(.ARM.exidx.text.spi_crc_value_get), (8 bytes).
    Removing at32f435_437_spi.o(.text.spi_hardware_cs_output_enable), (34 bytes).
    Removing at32f435_437_spi.o(.ARM.exidx.text.spi_hardware_cs_output_enable), (8 bytes).
    Removing at32f435_437_spi.o(.text.spi_software_cs_internal_level_set), (34 bytes).
    Removing at32f435_437_spi.o(.ARM.exidx.text.spi_software_cs_internal_level_set), (8 bytes).
    Removing at32f435_437_spi.o(.text.spi_frame_bit_num_set), (34 bytes).
    Removing at32f435_437_spi.o(.ARM.exidx.text.spi_frame_bit_num_set), (8 bytes).
    Removing at32f435_437_spi.o(.text.spi_half_duplex_direction_set), (34 bytes).
    Removing at32f435_437_spi.o(.ARM.exidx.text.spi_half_duplex_direction_set), (8 bytes).
    Removing at32f435_437_spi.o(.text.spi_enable), (34 bytes).
    Removing at32f435_437_spi.o(.ARM.exidx.text.spi_enable), (8 bytes).
    Removing at32f435_437_spi.o(.text.i2s_default_para_init), (38 bytes).
    Removing at32f435_437_spi.o(.ARM.exidx.text.i2s_default_para_init), (8 bytes).
    Removing at32f435_437_spi.o(.text.i2s_init), (800 bytes).
    Removing at32f435_437_spi.o(.ARM.exidx.text.i2s_init), (8 bytes).
    Removing at32f435_437_spi.o(.text.i2s_enable), (34 bytes).
    Removing at32f435_437_spi.o(.ARM.exidx.text.i2s_enable), (8 bytes).
    Removing at32f435_437_spi.o(.text.spi_i2s_interrupt_enable), (46 bytes).
    Removing at32f435_437_spi.o(.ARM.exidx.text.spi_i2s_interrupt_enable), (8 bytes).
    Removing at32f435_437_spi.o(.text.spi_i2s_dma_transmitter_enable), (34 bytes).
    Removing at32f435_437_spi.o(.ARM.exidx.text.spi_i2s_dma_transmitter_enable), (8 bytes).
    Removing at32f435_437_spi.o(.text.spi_i2s_dma_receiver_enable), (26 bytes).
    Removing at32f435_437_spi.o(.ARM.exidx.text.spi_i2s_dma_receiver_enable), (8 bytes).
    Removing at32f435_437_spi.o(.text.spi_i2s_data_transmit), (20 bytes).
    Removing at32f435_437_spi.o(.ARM.exidx.text.spi_i2s_data_transmit), (8 bytes).
    Removing at32f435_437_spi.o(.text.spi_i2s_data_receive), (14 bytes).
    Removing at32f435_437_spi.o(.ARM.exidx.text.spi_i2s_data_receive), (8 bytes).
    Removing at32f435_437_spi.o(.text.spi_i2s_flag_get), (48 bytes).
    Removing at32f435_437_spi.o(.ARM.exidx.text.spi_i2s_flag_get), (8 bytes).
    Removing at32f435_437_spi.o(.text.spi_i2s_flag_clear), (122 bytes).
    Removing at32f435_437_spi.o(.ARM.exidx.text.spi_i2s_flag_clear), (8 bytes).
    Removing at32f435_437_tmr.o(.text), (0 bytes).
    Removing at32f435_437_tmr.o(.text.tmr_reset), (626 bytes).
    Removing at32f435_437_tmr.o(.ARM.exidx.text.tmr_reset), (8 bytes).
    Removing at32f435_437_tmr.o(.text.tmr_counter_enable), (26 bytes).
    Removing at32f435_437_tmr.o(.ARM.exidx.text.tmr_counter_enable), (8 bytes).
    Removing at32f435_437_tmr.o(.text.tmr_output_default_para_init), (38 bytes).
    Removing at32f435_437_tmr.o(.ARM.exidx.text.tmr_output_default_para_init), (8 bytes).
    Removing at32f435_437_tmr.o(.text.tmr_input_default_para_init), (28 bytes).
    Removing at32f435_437_tmr.o(.ARM.exidx.text.tmr_input_default_para_init), (8 bytes).
    Removing at32f435_437_tmr.o(.text.tmr_brkdt_default_para_init), (38 bytes).
    Removing at32f435_437_tmr.o(.ARM.exidx.text.tmr_brkdt_default_para_init), (8 bytes).
    Removing at32f435_437_tmr.o(.text.tmr_base_init), (34 bytes).
    Removing at32f435_437_tmr.o(.ARM.exidx.text.tmr_base_init), (8 bytes).
    Removing at32f435_437_tmr.o(.text.tmr_clock_source_div_set), (34 bytes).
    Removing at32f435_437_tmr.o(.ARM.exidx.text.tmr_clock_source_div_set), (8 bytes).
    Removing at32f435_437_tmr.o(.text.tmr_cnt_dir_set), (34 bytes).
    Removing at32f435_437_tmr.o(.ARM.exidx.text.tmr_cnt_dir_set), (8 bytes).
    Removing at32f435_437_tmr.o(.text.tmr_repetition_counter_set), (30 bytes).
    Removing at32f435_437_tmr.o(.ARM.exidx.text.tmr_repetition_counter_set), (8 bytes).
    Removing at32f435_437_tmr.o(.text.tmr_counter_value_set), (16 bytes).
    Removing at32f435_437_tmr.o(.ARM.exidx.text.tmr_counter_value_set), (8 bytes).
    Removing at32f435_437_tmr.o(.text.tmr_counter_value_get), (12 bytes).
    Removing at32f435_437_tmr.o(.ARM.exidx.text.tmr_counter_value_get), (8 bytes).
    Removing at32f435_437_tmr.o(.text.tmr_div_value_set), (16 bytes).
    Removing at32f435_437_tmr.o(.ARM.exidx.text.tmr_div_value_set), (8 bytes).
    Removing at32f435_437_tmr.o(.text.tmr_div_value_get), (12 bytes).
    Removing at32f435_437_tmr.o(.ARM.exidx.text.tmr_div_value_get), (8 bytes).
    Removing at32f435_437_tmr.o(.text.tmr_output_channel_config), (516 bytes).
    Removing at32f435_437_tmr.o(.ARM.exidx.text.tmr_output_channel_config), (8 bytes).
    Removing at32f435_437_tmr.o(.text.tmr_output_channel_mode_select), (172 bytes).
    Removing at32f435_437_tmr.o(.ARM.exidx.text.tmr_output_channel_mode_select), (8 bytes).
    Removing at32f435_437_tmr.o(.text.tmr_period_value_set), (16 bytes).
    Removing at32f435_437_tmr.o(.ARM.exidx.text.tmr_period_value_set), (8 bytes).
    Removing at32f435_437_tmr.o(.text.tmr_period_value_get), (12 bytes).
    Removing at32f435_437_tmr.o(.ARM.exidx.text.tmr_period_value_get), (8 bytes).
    Removing at32f435_437_tmr.o(.text.tmr_channel_value_set), (90 bytes).
    Removing at32f435_437_tmr.o(.ARM.exidx.text.tmr_channel_value_set), (8 bytes).
    Removing at32f435_437_tmr.o(.text.tmr_channel_value_get), (94 bytes).
    Removing at32f435_437_tmr.o(.ARM.exidx.text.tmr_channel_value_get), (8 bytes).
    Removing at32f435_437_tmr.o(.text.tmr_period_buffer_enable), (34 bytes).
    Removing at32f435_437_tmr.o(.ARM.exidx.text.tmr_period_buffer_enable), (8 bytes).
    Removing at32f435_437_tmr.o(.text.tmr_output_channel_buffer_enable), (172 bytes).
    Removing at32f435_437_tmr.o(.ARM.exidx.text.tmr_output_channel_buffer_enable), (8 bytes).
    Removing at32f435_437_tmr.o(.text.tmr_output_channel_immediately_set), (172 bytes).
    Removing at32f435_437_tmr.o(.ARM.exidx.text.tmr_output_channel_immediately_set), (8 bytes).
    Removing at32f435_437_tmr.o(.text.tmr_output_channel_switch_set), (172 bytes).
    Removing at32f435_437_tmr.o(.ARM.exidx.text.tmr_output_channel_switch_set), (8 bytes).
    Removing at32f435_437_tmr.o(.text.tmr_one_cycle_mode_enable), (34 bytes).
    Removing at32f435_437_tmr.o(.ARM.exidx.text.tmr_one_cycle_mode_enable), (8 bytes).
    Removing at32f435_437_tmr.o(.text.tmr_32_bit_function_enable), (62 bytes).
    Removing at32f435_437_tmr.o(.ARM.exidx.text.tmr_32_bit_function_enable), (8 bytes).
    Removing at32f435_437_tmr.o(.text.tmr_overflow_request_source_set), (34 bytes).
    Removing at32f435_437_tmr.o(.ARM.exidx.text.tmr_overflow_request_source_set), (8 bytes).
    Removing at32f435_437_tmr.o(.text.tmr_overflow_event_disable), (34 bytes).
    Removing at32f435_437_tmr.o(.ARM.exidx.text.tmr_overflow_event_disable), (8 bytes).
    Removing at32f435_437_tmr.o(.text.tmr_input_channel_init), (554 bytes).
    Removing at32f435_437_tmr.o(.ARM.exidx.text.tmr_input_channel_init), (8 bytes).
    Removing at32f435_437_tmr.o(.text.tmr_channel_enable), (212 bytes).
    Removing at32f435_437_tmr.o(.ARM.exidx.text.tmr_channel_enable), (8 bytes).
    Removing at32f435_437_tmr.o(.text.tmr_input_channel_filter_set), (148 bytes).
    Removing at32f435_437_tmr.o(.ARM.exidx.text.tmr_input_channel_filter_set), (8 bytes).
    Removing at32f435_437_tmr.o(.text.tmr_pwm_input_config), (546 bytes).
    Removing at32f435_437_tmr.o(.ARM.exidx.text.tmr_pwm_input_config), (8 bytes).
    Removing at32f435_437_tmr.o(.text.tmr_channel1_input_select), (34 bytes).
    Removing at32f435_437_tmr.o(.ARM.exidx.text.tmr_channel1_input_select), (8 bytes).
    Removing at32f435_437_tmr.o(.text.tmr_input_channel_divider_set), (148 bytes).
    Removing at32f435_437_tmr.o(.ARM.exidx.text.tmr_input_channel_divider_set), (8 bytes).
    Removing at32f435_437_tmr.o(.text.tmr_primary_mode_select), (34 bytes).
    Removing at32f435_437_tmr.o(.ARM.exidx.text.tmr_primary_mode_select), (8 bytes).
    Removing at32f435_437_tmr.o(.text.tmr_sub_mode_select), (26 bytes).
    Removing at32f435_437_tmr.o(.ARM.exidx.text.tmr_sub_mode_select), (8 bytes).
    Removing at32f435_437_tmr.o(.text.tmr_channel_dma_select), (34 bytes).
    Removing at32f435_437_tmr.o(.ARM.exidx.text.tmr_channel_dma_select), (8 bytes).
    Removing at32f435_437_tmr.o(.text.tmr_hall_select), (34 bytes).
    Removing at32f435_437_tmr.o(.ARM.exidx.text.tmr_hall_select), (8 bytes).
    Removing at32f435_437_tmr.o(.text.tmr_channel_buffer_enable), (26 bytes).
    Removing at32f435_437_tmr.o(.ARM.exidx.text.tmr_channel_buffer_enable), (8 bytes).
    Removing at32f435_437_tmr.o(.text.tmr_trgout2_enable), (30 bytes).
    Removing at32f435_437_tmr.o(.ARM.exidx.text.tmr_trgout2_enable), (8 bytes).
    Removing at32f435_437_tmr.o(.text.tmr_trigger_input_select), (34 bytes).
    Removing at32f435_437_tmr.o(.ARM.exidx.text.tmr_trigger_input_select), (8 bytes).
    Removing at32f435_437_tmr.o(.text.tmr_sub_sync_mode_set), (34 bytes).
    Removing at32f435_437_tmr.o(.ARM.exidx.text.tmr_sub_sync_mode_set), (8 bytes).
    Removing at32f435_437_tmr.o(.text.tmr_dma_request_enable), (64 bytes).
    Removing at32f435_437_tmr.o(.ARM.exidx.text.tmr_dma_request_enable), (8 bytes).
    Removing at32f435_437_tmr.o(.text.tmr_interrupt_enable), (58 bytes).
    Removing at32f435_437_tmr.o(.ARM.exidx.text.tmr_interrupt_enable), (8 bytes).
    Removing at32f435_437_tmr.o(.text.tmr_flag_get), (48 bytes).
    Removing at32f435_437_tmr.o(.ARM.exidx.text.tmr_flag_get), (8 bytes).
    Removing at32f435_437_tmr.o(.text.tmr_flag_clear), (18 bytes).
    Removing at32f435_437_tmr.o(.ARM.exidx.text.tmr_flag_clear), (8 bytes).
    Removing at32f435_437_tmr.o(.text.tmr_event_sw_trigger), (24 bytes).
    Removing at32f435_437_tmr.o(.ARM.exidx.text.tmr_event_sw_trigger), (8 bytes).
    Removing at32f435_437_tmr.o(.text.tmr_output_enable), (34 bytes).
    Removing at32f435_437_tmr.o(.ARM.exidx.text.tmr_output_enable), (8 bytes).
    Removing at32f435_437_tmr.o(.text.tmr_internal_clock_set), (18 bytes).
    Removing at32f435_437_tmr.o(.ARM.exidx.text.tmr_internal_clock_set), (8 bytes).
    Removing at32f435_437_tmr.o(.text.tmr_output_channel_polarity_set), (220 bytes).
    Removing at32f435_437_tmr.o(.ARM.exidx.text.tmr_output_channel_polarity_set), (8 bytes).
    Removing at32f435_437_tmr.o(.text.tmr_external_clock_config), (86 bytes).
    Removing at32f435_437_tmr.o(.ARM.exidx.text.tmr_external_clock_config), (8 bytes).
    Removing at32f435_437_tmr.o(.text.tmr_external_clock_mode1_config), (60 bytes).
    Removing at32f435_437_tmr.o(.ARM.exidx.text.tmr_external_clock_mode1_config), (8 bytes).
    Removing at32f435_437_tmr.o(.text.tmr_external_clock_mode2_config), (50 bytes).
    Removing at32f435_437_tmr.o(.ARM.exidx.text.tmr_external_clock_mode2_config), (8 bytes).
    Removing at32f435_437_tmr.o(.text.tmr_encoder_mode_config), (136 bytes).
    Removing at32f435_437_tmr.o(.ARM.exidx.text.tmr_encoder_mode_config), (8 bytes).
    Removing at32f435_437_tmr.o(.text.tmr_force_output_set), (172 bytes).
    Removing at32f435_437_tmr.o(.ARM.exidx.text.tmr_force_output_set), (8 bytes).
    Removing at32f435_437_tmr.o(.text.tmr_dma_control_config), (52 bytes).
    Removing at32f435_437_tmr.o(.ARM.exidx.text.tmr_dma_control_config), (8 bytes).
    Removing at32f435_437_tmr.o(.text.tmr_brkdt_config), (158 bytes).
    Removing at32f435_437_tmr.o(.ARM.exidx.text.tmr_brkdt_config), (8 bytes).
    Removing at32f435_437_tmr.o(.text.tmr_iremap_config), (88 bytes).
    Removing at32f435_437_tmr.o(.ARM.exidx.text.tmr_iremap_config), (8 bytes).
    Removing at32f435_437_usart.o(.text), (0 bytes).
    Removing at32f435_437_usart.o(.text.usart_reset), (344 bytes).
    Removing at32f435_437_usart.o(.ARM.exidx.text.usart_reset), (8 bytes).
    Removing at32f435_437_usart.o(.text.usart_init), (286 bytes).
    Removing at32f435_437_usart.o(.ARM.exidx.text.usart_init), (8 bytes).
    Removing at32f435_437_usart.o(.text.usart_parity_selection_config), (110 bytes).
    Removing at32f435_437_usart.o(.ARM.exidx.text.usart_parity_selection_config), (8 bytes).
    Removing at32f435_437_usart.o(.text.usart_enable), (34 bytes).
    Removing at32f435_437_usart.o(.ARM.exidx.text.usart_enable), (8 bytes).
    Removing at32f435_437_usart.o(.text.usart_transmitter_enable), (34 bytes).
    Removing at32f435_437_usart.o(.ARM.exidx.text.usart_transmitter_enable), (8 bytes).
    Removing at32f435_437_usart.o(.text.usart_receiver_enable), (34 bytes).
    Removing at32f435_437_usart.o(.ARM.exidx.text.usart_receiver_enable), (8 bytes).
    Removing at32f435_437_usart.o(.text.usart_clock_config), (86 bytes).
    Removing at32f435_437_usart.o(.ARM.exidx.text.usart_clock_config), (8 bytes).
    Removing at32f435_437_usart.o(.text.usart_clock_enable), (34 bytes).
    Removing at32f435_437_usart.o(.ARM.exidx.text.usart_clock_enable), (8 bytes).
    Removing at32f435_437_usart.o(.text.usart_interrupt_enable), (72 bytes).
    Removing at32f435_437_usart.o(.ARM.exidx.text.usart_interrupt_enable), (8 bytes).
    Removing at32f435_437_usart.o(.text.usart_dma_transmitter_enable), (34 bytes).
    Removing at32f435_437_usart.o(.ARM.exidx.text.usart_dma_transmitter_enable), (8 bytes).
    Removing at32f435_437_usart.o(.text.usart_dma_receiver_enable), (34 bytes).
    Removing at32f435_437_usart.o(.ARM.exidx.text.usart_dma_receiver_enable), (8 bytes).
    Removing at32f435_437_usart.o(.text.usart_wakeup_id_set), (84 bytes).
    Removing at32f435_437_usart.o(.ARM.exidx.text.usart_wakeup_id_set), (8 bytes).
    Removing at32f435_437_usart.o(.text.usart_wakeup_mode_set), (34 bytes).
    Removing at32f435_437_usart.o(.ARM.exidx.text.usart_wakeup_mode_set), (8 bytes).
    Removing at32f435_437_usart.o(.text.usart_receiver_mute_enable), (34 bytes).
    Removing at32f435_437_usart.o(.ARM.exidx.text.usart_receiver_mute_enable), (8 bytes).
    Removing at32f435_437_usart.o(.text.usart_break_bit_num_set), (34 bytes).
    Removing at32f435_437_usart.o(.ARM.exidx.text.usart_break_bit_num_set), (8 bytes).
    Removing at32f435_437_usart.o(.text.usart_lin_mode_enable), (34 bytes).
    Removing at32f435_437_usart.o(.ARM.exidx.text.usart_lin_mode_enable), (8 bytes).
    Removing at32f435_437_usart.o(.text.usart_data_transmit), (24 bytes).
    Removing at32f435_437_usart.o(.ARM.exidx.text.usart_data_transmit), (8 bytes).
    Removing at32f435_437_usart.o(.text.usart_data_receive), (14 bytes).
    Removing at32f435_437_usart.o(.ARM.exidx.text.usart_data_receive), (8 bytes).
    Removing at32f435_437_usart.o(.text.usart_break_send), (18 bytes).
    Removing at32f435_437_usart.o(.ARM.exidx.text.usart_break_send), (8 bytes).
    Removing at32f435_437_usart.o(.text.usart_smartcard_guard_time_set), (30 bytes).
    Removing at32f435_437_usart.o(.ARM.exidx.text.usart_smartcard_guard_time_set), (8 bytes).
    Removing at32f435_437_usart.o(.text.usart_irda_smartcard_division_set), (28 bytes).
    Removing at32f435_437_usart.o(.ARM.exidx.text.usart_irda_smartcard_division_set), (8 bytes).
    Removing at32f435_437_usart.o(.text.usart_smartcard_mode_enable), (34 bytes).
    Removing at32f435_437_usart.o(.ARM.exidx.text.usart_smartcard_mode_enable), (8 bytes).
    Removing at32f435_437_usart.o(.text.usart_smartcard_nack_set), (34 bytes).
    Removing at32f435_437_usart.o(.ARM.exidx.text.usart_smartcard_nack_set), (8 bytes).
    Removing at32f435_437_usart.o(.text.usart_single_line_halfduplex_select), (34 bytes).
    Removing at32f435_437_usart.o(.ARM.exidx.text.usart_single_line_halfduplex_select), (8 bytes).
    Removing at32f435_437_usart.o(.text.usart_irda_mode_enable), (34 bytes).
    Removing at32f435_437_usart.o(.ARM.exidx.text.usart_irda_mode_enable), (8 bytes).
    Removing at32f435_437_usart.o(.text.usart_irda_low_power_enable), (34 bytes).
    Removing at32f435_437_usart.o(.ARM.exidx.text.usart_irda_low_power_enable), (8 bytes).
    Removing at32f435_437_usart.o(.text.usart_hardware_flow_control_set), (144 bytes).
    Removing at32f435_437_usart.o(.ARM.exidx.text.usart_hardware_flow_control_set), (8 bytes).
    Removing at32f435_437_usart.o(.text.usart_flag_get), (42 bytes).
    Removing at32f435_437_usart.o(.ARM.exidx.text.usart_flag_get), (8 bytes).
    Removing at32f435_437_usart.o(.text.usart_flag_clear), (40 bytes).
    Removing at32f435_437_usart.o(.ARM.exidx.text.usart_flag_clear), (8 bytes).
    Removing at32f435_437_usart.o(.text.usart_rs485_delay_time_config), (60 bytes).
    Removing at32f435_437_usart.o(.ARM.exidx.text.usart_rs485_delay_time_config), (8 bytes).
    Removing at32f435_437_usart.o(.text.usart_transmit_receive_pin_swap), (34 bytes).
    Removing at32f435_437_usart.o(.ARM.exidx.text.usart_transmit_receive_pin_swap), (8 bytes).
    Removing at32f435_437_usart.o(.text.usart_id_bit_num_set), (34 bytes).
    Removing at32f435_437_usart.o(.ARM.exidx.text.usart_id_bit_num_set), (8 bytes).
    Removing at32f435_437_usart.o(.text.usart_de_polarity_set), (34 bytes).
    Removing at32f435_437_usart.o(.ARM.exidx.text.usart_de_polarity_set), (8 bytes).
    Removing at32f435_437_usart.o(.text.usart_rs485_mode_enable), (34 bytes).
    Removing at32f435_437_usart.o(.ARM.exidx.text.usart_rs485_mode_enable), (8 bytes).
    Removing at32f435_437_usb.o(.text), (0 bytes).
    Removing at32f435_437_usb.o(.text.usb_global_reset), (104 bytes).
    Removing at32f435_437_usb.o(.ARM.exidx.text.usb_global_reset), (8 bytes).
    Removing at32f435_437_usb.o(.text.usb_global_init), (26 bytes).
    Removing at32f435_437_usb.o(.ARM.exidx.text.usb_global_init), (8 bytes).
    Removing at32f435_437_usb.o(.text.usb_global_select_core), (38 bytes).
    Removing at32f435_437_usb.o(.ARM.exidx.text.usb_global_select_core), (8 bytes).
    Removing at32f435_437_usb.o(.text.usb_flush_tx_fifo), (82 bytes).
    Removing at32f435_437_usb.o(.ARM.exidx.text.usb_flush_tx_fifo), (8 bytes).
    Removing at32f435_437_usb.o(.text.usb_flush_rx_fifo), (60 bytes).
    Removing at32f435_437_usb.o(.ARM.exidx.text.usb_flush_rx_fifo), (8 bytes).
    Removing at32f435_437_usb.o(.text.usb_global_interrupt_enable), (54 bytes).
    Removing at32f435_437_usb.o(.ARM.exidx.text.usb_global_interrupt_enable), (8 bytes).
    Removing at32f435_437_usb.o(.text.usb_global_get_all_interrupt), (22 bytes).
    Removing at32f435_437_usb.o(.ARM.exidx.text.usb_global_get_all_interrupt), (8 bytes).
    Removing at32f435_437_usb.o(.text.usb_global_clear_interrupt), (16 bytes).
    Removing at32f435_437_usb.o(.ARM.exidx.text.usb_global_clear_interrupt), (8 bytes).
    Removing at32f435_437_usb.o(.text.usb_interrupt_enable), (18 bytes).
    Removing at32f435_437_usb.o(.ARM.exidx.text.usb_interrupt_enable), (8 bytes).
    Removing at32f435_437_usb.o(.text.usb_interrupt_disable), (18 bytes).
    Removing at32f435_437_usb.o(.ARM.exidx.text.usb_interrupt_disable), (8 bytes).
    Removing at32f435_437_usb.o(.text.usb_set_rx_fifo), (20 bytes).
    Removing at32f435_437_usb.o(.ARM.exidx.text.usb_set_rx_fifo), (8 bytes).
    Removing at32f435_437_usb.o(.text.usb_set_tx_fifo), (152 bytes).
    Removing at32f435_437_usb.o(.ARM.exidx.text.usb_set_tx_fifo), (8 bytes).
    Removing at32f435_437_usb.o(.text.usb_global_set_mode), (98 bytes).
    Removing at32f435_437_usb.o(.ARM.exidx.text.usb_global_set_mode), (8 bytes).
    Removing at32f435_437_usb.o(.text.usb_global_power_on), (42 bytes).
    Removing at32f435_437_usb.o(.ARM.exidx.text.usb_global_power_on), (8 bytes).
    Removing at32f435_437_usb.o(.text.usb_stop_phy_clk), (22 bytes).
    Removing at32f435_437_usb.o(.ARM.exidx.text.usb_stop_phy_clk), (8 bytes).
    Removing at32f435_437_usb.o(.text.usb_open_phy_clk), (22 bytes).
    Removing at32f435_437_usb.o(.ARM.exidx.text.usb_open_phy_clk), (8 bytes).
    Removing at32f435_437_usb.o(.text.usb_write_packet), (84 bytes).
    Removing at32f435_437_usb.o(.ARM.exidx.text.usb_write_packet), (8 bytes).
    Removing at32f435_437_usb.o(.text.usb_read_packet), (76 bytes).
    Removing at32f435_437_usb.o(.ARM.exidx.text.usb_read_packet), (8 bytes).
    Removing at32f435_437_usb.o(.text.usb_ept_open), (478 bytes).
    Removing at32f435_437_usb.o(.ARM.exidx.text.usb_ept_open), (8 bytes).
    Removing at32f435_437_usb.o(.text.usb_ept_close), (112 bytes).
    Removing at32f435_437_usb.o(.ARM.exidx.text.usb_ept_close), (8 bytes).
    Removing at32f435_437_usb.o(.text.usb_ept_stall), (162 bytes).
    Removing at32f435_437_usb.o(.ARM.exidx.text.usb_ept_stall), (8 bytes).
    Removing at32f435_437_usb.o(.text.usb_ept_clear_stall), (154 bytes).
    Removing at32f435_437_usb.o(.ARM.exidx.text.usb_ept_clear_stall), (8 bytes).
    Removing at32f435_437_usb.o(.text.usb_get_all_out_interrupt), (28 bytes).
    Removing at32f435_437_usb.o(.ARM.exidx.text.usb_get_all_out_interrupt), (8 bytes).
    Removing at32f435_437_usb.o(.text.usb_get_all_in_interrupt), (28 bytes).
    Removing at32f435_437_usb.o(.ARM.exidx.text.usb_get_all_in_interrupt), (8 bytes).
    Removing at32f435_437_usb.o(.text.usb_ept_out_interrupt), (34 bytes).
    Removing at32f435_437_usb.o(.ARM.exidx.text.usb_ept_out_interrupt), (8 bytes).
    Removing at32f435_437_usb.o(.text.usb_ept_in_interrupt), (64 bytes).
    Removing at32f435_437_usb.o(.ARM.exidx.text.usb_ept_in_interrupt), (8 bytes).
    Removing at32f435_437_usb.o(.text.usb_ept_out_clear), (26 bytes).
    Removing at32f435_437_usb.o(.ARM.exidx.text.usb_ept_out_clear), (8 bytes).
    Removing at32f435_437_usb.o(.text.usb_ept_in_clear), (26 bytes).
    Removing at32f435_437_usb.o(.ARM.exidx.text.usb_ept_in_clear), (8 bytes).
    Removing at32f435_437_usb.o(.text.usb_set_address), (38 bytes).
    Removing at32f435_437_usb.o(.ARM.exidx.text.usb_set_address), (8 bytes).
    Removing at32f435_437_usb.o(.text.usb_ept0_start), (56 bytes).
    Removing at32f435_437_usb.o(.ARM.exidx.text.usb_ept0_start), (8 bytes).
    Removing at32f435_437_usb.o(.text.usb_ept0_setup), (38 bytes).
    Removing at32f435_437_usb.o(.ARM.exidx.text.usb_ept0_setup), (8 bytes).
    Removing at32f435_437_usb.o(.text.usb_connect), (22 bytes).
    Removing at32f435_437_usb.o(.ARM.exidx.text.usb_connect), (8 bytes).
    Removing at32f435_437_usb.o(.text.usb_disconnect), (22 bytes).
    Removing at32f435_437_usb.o(.ARM.exidx.text.usb_disconnect), (8 bytes).
    Removing at32f435_437_usb.o(.text.usb_remote_wkup_set), (22 bytes).
    Removing at32f435_437_usb.o(.ARM.exidx.text.usb_remote_wkup_set), (8 bytes).
    Removing at32f435_437_usb.o(.text.usb_remote_wkup_clear), (22 bytes).
    Removing at32f435_437_usb.o(.ARM.exidx.text.usb_remote_wkup_clear), (8 bytes).
    Removing at32f435_437_usb.o(.text.usb_suspend_status_get), (18 bytes).
    Removing at32f435_437_usb.o(.ARM.exidx.text.usb_suspend_status_get), (8 bytes).
    Removing at32f435_437_usb.o(.text.usb_port_power_on), (68 bytes).
    Removing at32f435_437_usb.o(.ARM.exidx.text.usb_port_power_on), (8 bytes).
    Removing at32f435_437_usb.o(.text.usbh_get_frame), (22 bytes).
    Removing at32f435_437_usb.o(.ARM.exidx.text.usbh_get_frame), (8 bytes).
    Removing at32f435_437_usb.o(.text.usb_hc_enable), (332 bytes).
    Removing at32f435_437_usb.o(.ARM.exidx.text.usb_hc_enable), (8 bytes).
    Removing at32f435_437_usb.o(.text.usb_hch_read_interrupt), (22 bytes).
    Removing at32f435_437_usb.o(.ARM.exidx.text.usb_hch_read_interrupt), (8 bytes).
    Removing at32f435_437_usb.o(.text.usb_host_disable), (242 bytes).
    Removing at32f435_437_usb.o(.ARM.exidx.text.usb_host_disable), (8 bytes).
    Removing at32f435_437_usb.o(.text.usb_hch_halt), (250 bytes).
    Removing at32f435_437_usb.o(.ARM.exidx.text.usb_hch_halt), (8 bytes).
    Removing at32f435_437_usb.o(.text.usbh_fsls_clksel), (64 bytes).
    Removing at32f435_437_usb.o(.ARM.exidx.text.usbh_fsls_clksel), (8 bytes).
    Removing at32f435_437_wdt.o(.text), (0 bytes).
    Removing at32f435_437_wdt.o(.text.wdt_enable), (16 bytes).
    Removing at32f435_437_wdt.o(.ARM.exidx.text.wdt_enable), (8 bytes).
    Removing at32f435_437_wdt.o(.text.wdt_counter_reload), (16 bytes).
    Removing at32f435_437_wdt.o(.ARM.exidx.text.wdt_counter_reload), (8 bytes).
    Removing at32f435_437_wdt.o(.text.wdt_reload_value_set), (24 bytes).
    Removing at32f435_437_wdt.o(.ARM.exidx.text.wdt_reload_value_set), (8 bytes).
    Removing at32f435_437_wdt.o(.text.wdt_divider_set), (30 bytes).
    Removing at32f435_437_wdt.o(.ARM.exidx.text.wdt_divider_set), (8 bytes).
    Removing at32f435_437_wdt.o(.text.wdt_register_write_enable), (48 bytes).
    Removing at32f435_437_wdt.o(.ARM.exidx.text.wdt_register_write_enable), (8 bytes).
    Removing at32f435_437_wdt.o(.text.wdt_flag_get), (56 bytes).
    Removing at32f435_437_wdt.o(.ARM.exidx.text.wdt_flag_get), (8 bytes).
    Removing at32f435_437_wdt.o(.text.wdt_window_counter_set), (30 bytes).
    Removing at32f435_437_wdt.o(.ARM.exidx.text.wdt_window_counter_set), (8 bytes).
    Removing at32f435_437_wwdt.o(.text), (0 bytes).
    Removing at32f435_437_wwdt.o(.text.wwdt_reset), (30 bytes).
    Removing at32f435_437_wwdt.o(.ARM.exidx.text.wwdt_reset), (8 bytes).
    Removing at32f435_437_wwdt.o(.text.wwdt_divider_set), (38 bytes).
    Removing at32f435_437_wwdt.o(.ARM.exidx.text.wwdt_divider_set), (8 bytes).
    Removing at32f435_437_wwdt.o(.text.wwdt_flag_clear), (14 bytes).
    Removing at32f435_437_wwdt.o(.ARM.exidx.text.wwdt_flag_clear), (8 bytes).
    Removing at32f435_437_wwdt.o(.text.wwdt_enable), (28 bytes).
    Removing at32f435_437_wwdt.o(.ARM.exidx.text.wwdt_enable), (8 bytes).
    Removing at32f435_437_wwdt.o(.text.wwdt_interrupt_enable), (18 bytes).
    Removing at32f435_437_wwdt.o(.ARM.exidx.text.wwdt_interrupt_enable), (8 bytes).
    Removing at32f435_437_wwdt.o(.text.wwdt_flag_get), (16 bytes).
    Removing at32f435_437_wwdt.o(.ARM.exidx.text.wwdt_flag_get), (8 bytes).
    Removing at32f435_437_wwdt.o(.text.wwdt_counter_set), (30 bytes).
    Removing at32f435_437_wwdt.o(.ARM.exidx.text.wwdt_counter_set), (8 bytes).
    Removing at32f435_437_wwdt.o(.text.wwdt_window_counter_set), (30 bytes).
    Removing at32f435_437_wwdt.o(.ARM.exidx.text.wwdt_window_counter_set), (8 bytes).
    Removing at32f435_437_xmc.o(.text), (0 bytes).
    Removing at32f435_437_xmc.o(.text.xmc_nor_sram_reset), (88 bytes).
    Removing at32f435_437_xmc.o(.ARM.exidx.text.xmc_nor_sram_reset), (8 bytes).
    Removing at32f435_437_xmc.o(.text.xmc_nor_sram_init), (104 bytes).
    Removing at32f435_437_xmc.o(.ARM.exidx.text.xmc_nor_sram_init), (8 bytes).
    Removing at32f435_437_xmc.o(.text.xmc_nor_sram_timing_config), (152 bytes).
    Removing at32f435_437_xmc.o(.ARM.exidx.text.xmc_nor_sram_timing_config), (8 bytes).
    Removing at32f435_437_xmc.o(.text.xmc_norsram_default_para_init), (72 bytes).
    Removing at32f435_437_xmc.o(.ARM.exidx.text.xmc_norsram_default_para_init), (8 bytes).
    Removing at32f435_437_xmc.o(.text.xmc_norsram_timing_default_para_init), (88 bytes).
    Removing at32f435_437_xmc.o(.ARM.exidx.text.xmc_norsram_timing_default_para_init), (8 bytes).
    Removing at32f435_437_xmc.o(.text.xmc_nor_sram_enable), (38 bytes).
    Removing at32f435_437_xmc.o(.ARM.exidx.text.xmc_nor_sram_enable), (8 bytes).
    Removing at32f435_437_xmc.o(.text.xmc_ext_timing_config), (70 bytes).
    Removing at32f435_437_xmc.o(.ARM.exidx.text.xmc_ext_timing_config), (8 bytes).
    Removing at32f435_437_xmc.o(.text.xmc_nand_reset), (102 bytes).
    Removing at32f435_437_xmc.o(.ARM.exidx.text.xmc_nand_reset), (8 bytes).
    Removing at32f435_437_xmc.o(.text.xmc_nand_init), (78 bytes).
    Removing at32f435_437_xmc.o(.ARM.exidx.text.xmc_nand_init), (8 bytes).
    Removing at32f435_437_xmc.o(.text.xmc_nand_timing_config), (116 bytes).
    Removing at32f435_437_xmc.o(.ARM.exidx.text.xmc_nand_timing_config), (8 bytes).
    Removing at32f435_437_xmc.o(.text.xmc_nand_default_para_init), (38 bytes).
    Removing at32f435_437_xmc.o(.ARM.exidx.text.xmc_nand_default_para_init), (8 bytes).
    Removing at32f435_437_xmc.o(.text.xmc_nand_timing_default_para_init), (54 bytes).
    Removing at32f435_437_xmc.o(.ARM.exidx.text.xmc_nand_timing_default_para_init), (8 bytes).
    Removing at32f435_437_xmc.o(.text.xmc_nand_enable), (78 bytes).
    Removing at32f435_437_xmc.o(.ARM.exidx.text.xmc_nand_enable), (8 bytes).
    Removing at32f435_437_xmc.o(.text.xmc_nand_ecc_enable), (78 bytes).
    Removing at32f435_437_xmc.o(.ARM.exidx.text.xmc_nand_ecc_enable), (8 bytes).
    Removing at32f435_437_xmc.o(.text.xmc_ecc_get), (48 bytes).
    Removing at32f435_437_xmc.o(.ARM.exidx.text.xmc_ecc_get), (8 bytes).
    Removing at32f435_437_xmc.o(.text.xmc_sdram_reset), (82 bytes).
    Removing at32f435_437_xmc.o(.ARM.exidx.text.xmc_sdram_reset), (8 bytes).
    Removing at32f435_437_xmc.o(.text.xmc_sdram_init), (702 bytes).
    Removing at32f435_437_xmc.o(.ARM.exidx.text.xmc_sdram_init), (8 bytes).
    Removing at32f435_437_xmc.o(.text.xmc_sdram_default_para_init), (84 bytes).
    Removing at32f435_437_xmc.o(.ARM.exidx.text.xmc_sdram_default_para_init), (8 bytes).
    Removing at32f435_437_xmc.o(.text.xmc_sdram_cmd), (38 bytes).
    Removing at32f435_437_xmc.o(.ARM.exidx.text.xmc_sdram_cmd), (8 bytes).
    Removing at32f435_437_xmc.o(.text.xmc_sdram_status_get), (56 bytes).
    Removing at32f435_437_xmc.o(.ARM.exidx.text.xmc_sdram_status_get), (8 bytes).
    Removing at32f435_437_xmc.o(.text.xmc_sdram_refresh_counter_set), (36 bytes).
    Removing at32f435_437_xmc.o(.ARM.exidx.text.xmc_sdram_refresh_counter_set), (8 bytes).
    Removing at32f435_437_xmc.o(.text.xmc_sdram_auto_refresh_set), (34 bytes).
    Removing at32f435_437_xmc.o(.ARM.exidx.text.xmc_sdram_auto_refresh_set), (8 bytes).
    Removing at32f435_437_xmc.o(.text.xmc_interrupt_enable), (242 bytes).
    Removing at32f435_437_xmc.o(.ARM.exidx.text.xmc_interrupt_enable), (8 bytes).
    Removing at32f435_437_xmc.o(.text.xmc_flag_status_get), (136 bytes).
    Removing at32f435_437_xmc.o(.ARM.exidx.text.xmc_flag_status_get), (8 bytes).
    Removing at32f435_437_xmc.o(.text.xmc_flag_clear), (162 bytes).
    Removing at32f435_437_xmc.o(.ARM.exidx.text.xmc_flag_clear), (8 bytes).
    Removing at32f435_437_xmc.o(.text.xmc_pccard_reset), (50 bytes).
    Removing at32f435_437_xmc.o(.ARM.exidx.text.xmc_pccard_reset), (8 bytes).
    Removing at32f435_437_xmc.o(.text.xmc_pccard_init), (36 bytes).
    Removing at32f435_437_xmc.o(.ARM.exidx.text.xmc_pccard_init), (8 bytes).
    Removing at32f435_437_xmc.o(.text.xmc_pccard_timing_config), (102 bytes).
    Removing at32f435_437_xmc.o(.ARM.exidx.text.xmc_pccard_timing_config), (8 bytes).
    Removing at32f435_437_xmc.o(.text.xmc_pccard_default_para_init), (22 bytes).
    Removing at32f435_437_xmc.o(.ARM.exidx.text.xmc_pccard_default_para_init), (8 bytes).
    Removing at32f435_437_xmc.o(.text.xmc_pccard_timing_default_para_init), (76 bytes).
    Removing at32f435_437_xmc.o(.ARM.exidx.text.xmc_pccard_timing_default_para_init), (8 bytes).
    Removing at32f435_437_xmc.o(.text.xmc_pccard_enable), (36 bytes).
    Removing at32f435_437_xmc.o(.ARM.exidx.text.xmc_pccard_enable), (8 bytes).
    Removing main.o(.text), (0 bytes).
    Removing main.o(.ARM.exidx.text.main), (8 bytes).
    Removing main.o(.ARM.exidx.text.SysTick_Config), (8 bytes).
    Removing main.o(.ARM.exidx.text.__NVIC_SetPriority), (8 bytes).
    Removing main.o(.ARM.use_no_argv), (4 bytes).
    Removing at32f435_437_clock.o(.text), (0 bytes).
    Removing at32f435_437_clock.o(.text.system_clock_config), (174 bytes).
    Removing at32f435_437_clock.o(.ARM.exidx.text.system_clock_config), (8 bytes).
    Removing at32f435_437_int.o(.text), (0 bytes).
    Removing at32f435_437_int.o(.ARM.exidx.text.NMI_Handler), (8 bytes).
    Removing at32f435_437_int.o(.ARM.exidx.text.HardFault_Handler), (8 bytes).
    Removing at32f435_437_int.o(.ARM.exidx.text.MemManage_Handler), (8 bytes).
    Removing at32f435_437_int.o(.ARM.exidx.text.BusFault_Handler), (8 bytes).
    Removing at32f435_437_int.o(.ARM.exidx.text.UsageFault_Handler), (8 bytes).
    Removing at32f435_437_int.o(.ARM.exidx.text.SVC_Handler), (8 bytes).
    Removing at32f435_437_int.o(.ARM.exidx.text.DebugMon_Handler), (8 bytes).
    Removing at32f435_437_int.o(.ARM.exidx.text.PendSV_Handler), (8 bytes).
    Removing at32f435_437_int.o(.ARM.exidx.text.SysTick_Handler), (8 bytes).
    Removing delay.o(.text), (0 bytes).
    Removing delay.o(.text.delay_init), (62 bytes).
    Removing delay.o(.ARM.exidx.text.delay_init), (8 bytes).
    Removing delay.o(.text.delay_us), (142 bytes).
    Removing delay.o(.ARM.exidx.text.delay_us), (8 bytes).
    Removing delay.o(.text.delay_ms), (226 bytes).
    Removing delay.o(.ARM.exidx.text.delay_ms), (8 bytes).
    Removing delay.o(.text.SysTick_Config), (82 bytes).
    Removing delay.o(.ARM.exidx.text.SysTick_Config), (8 bytes).
    Removing delay.o(.text.delay_sec), (64 bytes).
    Removing delay.o(.ARM.exidx.text.delay_sec), (8 bytes).
    Removing delay.o(.text.__NVIC_SetPriority), (66 bytes).
    Removing delay.o(.ARM.exidx.text.__NVIC_SetPriority), (8 bytes).
    Removing delay.o(.bss.fac_us), (4 bytes).
    Removing delay.o(.bss.fac_ms), (4 bytes).

1684 unused section(s) (total 65768 bytes) removed from the image.

==============================================================================

Image Symbol Table

    Local Symbols

    Symbol Name                              Value     Ov Type        Size  Object(Section)

    ../Boot/startup_at32f435_437.s           0x00000000   Number         0  startup_at32f435_437.o ABSOLUTE
    ../clib/angel/boardlib.s                 0x00000000   Number         0  boardinit1.o ABSOLUTE
    ../clib/angel/boardlib.s                 0x00000000   Number         0  boardinit2.o ABSOLUTE
    ../clib/angel/boardlib.s                 0x00000000   Number         0  boardinit3.o ABSOLUTE
    ../clib/angel/boardlib.s                 0x00000000   Number         0  boardshut.o ABSOLUTE
    ../clib/angel/handlers.s                 0x00000000   Number         0  __scatter_zi.o ABSOLUTE
    ../clib/angel/kernel.s                   0x00000000   Number         0  __rtentry.o ABSOLUTE
    ../clib/angel/kernel.s                   0x00000000   Number         0  __rtentry2.o ABSOLUTE
    ../clib/angel/kernel.s                   0x00000000   Number         0  __rtentry4.o ABSOLUTE
    ../clib/angel/kernel.s                   0x00000000   Number         0  rtexit.o ABSOLUTE
    ../clib/angel/kernel.s                   0x00000000   Number         0  rtexit2.o ABSOLUTE
    ../clib/angel/rt.s                       0x00000000   Number         0  aeabi_ldiv0.o ABSOLUTE
    ../clib/angel/rt.s                       0x00000000   Number         0  aeabi_ldiv0_sigfpe.o ABSOLUTE
    ../clib/angel/rt.s                       0x00000000   Number         0  rt_div0.o ABSOLUTE
    ../clib/angel/rt.s                       0x00000000   Number         0  rt_raise.o ABSOLUTE
    ../clib/angel/scatter.s                  0x00000000   Number         0  __scatter.o ABSOLUTE
    ../clib/angel/startup.s                  0x00000000   Number         0  __main.o ABSOLUTE
    ../clib/angel/sys.s                      0x00000000   Number         0  sys_stackheap_outer.o ABSOLUTE
    ../clib/angel/sys.s                      0x00000000   Number         0  libspace.o ABSOLUTE
    ../clib/angel/sys.s                      0x00000000   Number         0  use_no_semi.o ABSOLUTE
    ../clib/angel/sys.s                      0x00000000   Number         0  indicate_semi.o ABSOLUTE
    ../clib/angel/sysapp.c                   0x00000000   Number         0  sys_exit.o ABSOLUTE
    ../clib/angel/sysapp.c                   0x00000000   Number         0  sys_exit_hlt.o ABSOLUTE
    ../clib/angel/sysapp.c                   0x00000000   Number         0  sys_wrch.o ABSOLUTE
    ../clib/angel/sysapp.c                   0x00000000   Number         0  sys_wrch_hlt.o ABSOLUTE
    ../clib/angel/sysapp.c                   0x00000000   Number         0  sys_command.o ABSOLUTE
    ../clib/angel/sysapp.c                   0x00000000   Number         0  sys_command_hlt.o ABSOLUTE
    ../clib/armsys.c                         0x00000000   Number         0  argv_veneer.o ABSOLUTE
    ../clib/armsys.c                         0x00000000   Number         0  argv_veneer.o ABSOLUTE
    ../clib/armsys.c                         0x00000000   Number         0  _get_argv_nomalloc.o ABSOLUTE
    ../clib/armsys.c                         0x00000000   Number         0  no_argv.o ABSOLUTE
    ../clib/heapalloc.c                      0x00000000   Number         0  hrguard.o ABSOLUTE
    ../clib/heapaux.c                        0x00000000   Number         0  heapauxi.o ABSOLUTE
    ../clib/libinit.s                        0x00000000   Number         0  libinit.o ABSOLUTE
    ../clib/libinit.s                        0x00000000   Number         0  libinit2.o ABSOLUTE
    ../clib/libinit.s                        0x00000000   Number         0  libshutdown.o ABSOLUTE
    ../clib/libinit.s                        0x00000000   Number         0  libshutdown2.o ABSOLUTE
    ../clib/longlong.s                       0x00000000   Number         0  lludivv7m.o ABSOLUTE
    ../clib/signal.c                         0x00000000   Number         0  defsig_fpe_outer.o ABSOLUTE
    ../clib/signal.c                         0x00000000   Number         0  defsig_fpe_formal.o ABSOLUTE
    ../clib/signal.c                         0x00000000   Number         0  defsig_exit.o ABSOLUTE
    ../clib/signal.c                         0x00000000   Number         0  defsig_fpe_inner.o ABSOLUTE
    ../clib/signal.c                         0x00000000   Number         0  __raise.o ABSOLUTE
    ../clib/signal.c                         0x00000000   Number         0  defsig_general.o ABSOLUTE
    ../clib/signal.c                         0x00000000   Number         0  defsig_abrt_inner.o ABSOLUTE
    ../clib/signal.c                         0x00000000   Number         0  defsig_rtred_inner.o ABSOLUTE
    ../clib/signal.c                         0x00000000   Number         0  defsig_rtmem_inner.o ABSOLUTE
    ../clib/signal.c                         0x00000000   Number         0  defsig_rtmem_outer.o ABSOLUTE
    ../clib/signal.c                         0x00000000   Number         0  defsig_rtmem_formal.o ABSOLUTE
    ../clib/signal.c                         0x00000000   Number         0  defsig_stak_inner.o ABSOLUTE
    ../clib/signal.c                         0x00000000   Number         0  defsig_pvfn_inner.o ABSOLUTE
    ../clib/signal.c                         0x00000000   Number         0  defsig_cppl_inner.o ABSOLUTE
    ../clib/signal.c                         0x00000000   Number         0  defsig_segv_inner.o ABSOLUTE
    ../clib/signal.c                         0x00000000   Number         0  defsig_other.o ABSOLUTE
    ../clib/signal.s                         0x00000000   Number         0  defsig.o ABSOLUTE
    ../clib/stdlib.c                         0x00000000   Number         0  exit.o ABSOLUTE
    ../fplib/fpinit.s                        0x00000000   Number         0  fpinit.o ABSOLUTE
    at32f435_437_acc.c                       0x00000000   Number         0  at32f435_437_acc.o ABSOLUTE
    at32f435_437_adc.c                       0x00000000   Number         0  at32f435_437_adc.o ABSOLUTE
    at32f435_437_can.c                       0x00000000   Number         0  at32f435_437_can.o ABSOLUTE
    at32f435_437_clock.c                     0x00000000   Number         0  at32f435_437_clock.o ABSOLUTE
    at32f435_437_crc.c                       0x00000000   Number         0  at32f435_437_crc.o ABSOLUTE
    at32f435_437_crm.c                       0x00000000   Number         0  at32f435_437_crm.o ABSOLUTE
    at32f435_437_dac.c                       0x00000000   Number         0  at32f435_437_dac.o ABSOLUTE
    at32f435_437_debug.c                     0x00000000   Number         0  at32f435_437_debug.o ABSOLUTE
    at32f435_437_dma.c                       0x00000000   Number         0  at32f435_437_dma.o ABSOLUTE
    at32f435_437_dvp.c                       0x00000000   Number         0  at32f435_437_dvp.o ABSOLUTE
    at32f435_437_edma.c                      0x00000000   Number         0  at32f435_437_edma.o ABSOLUTE
    at32f435_437_emac.c                      0x00000000   Number         0  at32f435_437_emac.o ABSOLUTE
    at32f435_437_ertc.c                      0x00000000   Number         0  at32f435_437_ertc.o ABSOLUTE
    at32f435_437_exint.c                     0x00000000   Number         0  at32f435_437_exint.o ABSOLUTE
    at32f435_437_flash.c                     0x00000000   Number         0  at32f435_437_flash.o ABSOLUTE
    at32f435_437_gpio.c                      0x00000000   Number         0  at32f435_437_gpio.o ABSOLUTE
    at32f435_437_i2c.c                       0x00000000   Number         0  at32f435_437_i2c.o ABSOLUTE
    at32f435_437_int.c                       0x00000000   Number         0  at32f435_437_int.o ABSOLUTE
    at32f435_437_misc.c                      0x00000000   Number         0  at32f435_437_misc.o ABSOLUTE
    at32f435_437_pwc.c                       0x00000000   Number         0  at32f435_437_pwc.o ABSOLUTE
    at32f435_437_qspi.c                      0x00000000   Number         0  at32f435_437_qspi.o ABSOLUTE
    at32f435_437_scfg.c                      0x00000000   Number         0  at32f435_437_scfg.o ABSOLUTE
    at32f435_437_sdio.c                      0x00000000   Number         0  at32f435_437_sdio.o ABSOLUTE
    at32f435_437_spi.c                       0x00000000   Number         0  at32f435_437_spi.o ABSOLUTE
    at32f435_437_tmr.c                       0x00000000   Number         0  at32f435_437_tmr.o ABSOLUTE
    at32f435_437_usart.c                     0x00000000   Number         0  at32f435_437_usart.o ABSOLUTE
    at32f435_437_usb.c                       0x00000000   Number         0  at32f435_437_usb.o ABSOLUTE
    at32f435_437_wdt.c                       0x00000000   Number         0  at32f435_437_wdt.o ABSOLUTE
    at32f435_437_wwdt.c                      0x00000000   Number         0  at32f435_437_wwdt.o ABSOLUTE
    at32f435_437_xmc.c                       0x00000000   Number         0  at32f435_437_xmc.o ABSOLUTE
    dc.s                                     0x00000000   Number         0  dc.o ABSOLUTE
    delay.c                                  0x00000000   Number         0  delay.o ABSOLUTE
    main.c                                   0x00000000   Number         0  main.o ABSOLUTE
    system_at32f435_437.c                    0x00000000   Number         0  system_at32f435_437.o ABSOLUTE
    RESET                                    0x08000000   Section      524  startup_at32f435_437.o(RESET)
    !!!main                                  0x0800020c   Section        8  __main.o(!!!main)
    !!!scatter                               0x08000214   Section       52  __scatter.o(!!!scatter)
    !!handler_zi                             0x08000248   Section       28  __scatter_zi.o(!!handler_zi)
    .ARM.Collect$$libinit$$00000000          0x08000264   Section        2  libinit.o(.ARM.Collect$$libinit$$00000000)
    .ARM.Collect$$libinit$$00000001          0x08000266   Section        4  libinit2.o(.ARM.Collect$$libinit$$00000001)
    .ARM.Collect$$libinit$$00000004          0x0800026a   Section        0  libinit2.o(.ARM.Collect$$libinit$$00000004)
    .ARM.Collect$$libinit$$0000000A          0x0800026a   Section        0  libinit2.o(.ARM.Collect$$libinit$$0000000A)
    .ARM.Collect$$libinit$$0000000C          0x0800026a   Section        0  libinit2.o(.ARM.Collect$$libinit$$0000000C)
    .ARM.Collect$$libinit$$0000000E          0x0800026a   Section        0  libinit2.o(.ARM.Collect$$libinit$$0000000E)
    .ARM.Collect$$libinit$$00000011          0x0800026a   Section        0  libinit2.o(.ARM.Collect$$libinit$$00000011)
    .ARM.Collect$$libinit$$00000013          0x0800026a   Section        0  libinit2.o(.ARM.Collect$$libinit$$00000013)
    .ARM.Collect$$libinit$$00000015          0x0800026a   Section        0  libinit2.o(.ARM.Collect$$libinit$$00000015)
    .ARM.Collect$$libinit$$00000017          0x0800026a   Section        0  libinit2.o(.ARM.Collect$$libinit$$00000017)
    .ARM.Collect$$libinit$$00000019          0x0800026a   Section        0  libinit2.o(.ARM.Collect$$libinit$$00000019)
    .ARM.Collect$$libinit$$0000001B          0x0800026a   Section        0  libinit2.o(.ARM.Collect$$libinit$$0000001B)
    .ARM.Collect$$libinit$$0000001D          0x0800026a   Section        0  libinit2.o(.ARM.Collect$$libinit$$0000001D)
    .ARM.Collect$$libinit$$0000001F          0x0800026a   Section        0  libinit2.o(.ARM.Collect$$libinit$$0000001F)
    .ARM.Collect$$libinit$$00000021          0x0800026a   Section        0  libinit2.o(.ARM.Collect$$libinit$$00000021)
    .ARM.Collect$$libinit$$00000023          0x0800026a   Section        0  libinit2.o(.ARM.Collect$$libinit$$00000023)
    .ARM.Collect$$libinit$$00000025          0x0800026a   Section        0  libinit2.o(.ARM.Collect$$libinit$$00000025)
    .ARM.Collect$$libinit$$0000002C          0x0800026a   Section        0  libinit2.o(.ARM.Collect$$libinit$$0000002C)
    .ARM.Collect$$libinit$$0000002E          0x0800026a   Section        0  libinit2.o(.ARM.Collect$$libinit$$0000002E)
    .ARM.Collect$$libinit$$00000030          0x0800026a   Section        0  libinit2.o(.ARM.Collect$$libinit$$00000030)
    .ARM.Collect$$libinit$$00000032          0x0800026a   Section        0  libinit2.o(.ARM.Collect$$libinit$$00000032)
    .ARM.Collect$$libinit$$00000033          0x0800026a   Section        2  libinit2.o(.ARM.Collect$$libinit$$00000033)
    .ARM.Collect$$libshutdown$$00000000      0x0800026c   Section        2  libshutdown.o(.ARM.Collect$$libshutdown$$00000000)
    .ARM.Collect$$libshutdown$$00000002      0x0800026e   Section        0  libshutdown2.o(.ARM.Collect$$libshutdown$$00000002)
    .ARM.Collect$$libshutdown$$00000004      0x0800026e   Section        0  libshutdown2.o(.ARM.Collect$$libshutdown$$00000004)
    .ARM.Collect$$libshutdown$$00000007      0x0800026e   Section        0  libshutdown2.o(.ARM.Collect$$libshutdown$$00000007)
    .ARM.Collect$$libshutdown$$0000000A      0x0800026e   Section        0  libshutdown2.o(.ARM.Collect$$libshutdown$$0000000A)
    .ARM.Collect$$libshutdown$$0000000C      0x0800026e   Section        0  libshutdown2.o(.ARM.Collect$$libshutdown$$0000000C)
    .ARM.Collect$$libshutdown$$0000000F      0x0800026e   Section        0  libshutdown2.o(.ARM.Collect$$libshutdown$$0000000F)
    .ARM.Collect$$libshutdown$$00000010      0x0800026e   Section        2  libshutdown2.o(.ARM.Collect$$libshutdown$$00000010)
    .ARM.Collect$$rtentry$$00000000          0x08000270   Section        0  __rtentry.o(.ARM.Collect$$rtentry$$00000000)
    .ARM.Collect$$rtentry$$00000002          0x08000270   Section        0  __rtentry2.o(.ARM.Collect$$rtentry$$00000002)
    .ARM.Collect$$rtentry$$00000004          0x08000270   Section        6  __rtentry4.o(.ARM.Collect$$rtentry$$00000004)
    .ARM.Collect$$rtentry$$00000009          0x08000276   Section        0  __rtentry2.o(.ARM.Collect$$rtentry$$00000009)
    .ARM.Collect$$rtentry$$0000000A          0x08000276   Section        4  __rtentry2.o(.ARM.Collect$$rtentry$$0000000A)
    .ARM.Collect$$rtentry$$0000000C          0x0800027a   Section        0  __rtentry2.o(.ARM.Collect$$rtentry$$0000000C)
    .ARM.Collect$$rtentry$$0000000D          0x0800027a   Section        8  __rtentry2.o(.ARM.Collect$$rtentry$$0000000D)
    .ARM.Collect$$rtexit$$00000000           0x08000282   Section        2  rtexit.o(.ARM.Collect$$rtexit$$00000000)
    .ARM.Collect$$rtexit$$00000002           0x08000284   Section        0  rtexit2.o(.ARM.Collect$$rtexit$$00000002)
    .ARM.Collect$$rtexit$$00000003           0x08000284   Section        4  rtexit2.o(.ARM.Collect$$rtexit$$00000003)
    .ARM.Collect$$rtexit$$00000004           0x08000288   Section        6  rtexit2.o(.ARM.Collect$$rtexit$$00000004)
    $v0                                      0x08000290   Number         0  startup_at32f435_437.o(.text)
    .text                                    0x08000290   Section       64  startup_at32f435_437.o(.text)
    .text                                    0x080002d0   Section        0  heapauxi.o(.text)
    .text                                    0x080002d6   Section       74  sys_stackheap_outer.o(.text)
    .text                                    0x08000320   Section        0  exit.o(.text)
    .text                                    0x08000334   Section        8  libspace.o(.text)
    .text                                    0x0800033c   Section        0  sys_exit.o(.text)
    .text                                    0x08000348   Section        2  use_no_semi.o(.text)
    .text                                    0x0800034a   Section        0  indicate_semi.o(.text)
    [Anonymous Symbol]                       0x0800034c   Section        0  at32f435_437_int.o(.text.BusFault_Handler)
    [Anonymous Symbol]                       0x08000350   Section        0  at32f435_437_int.o(.text.DebugMon_Handler)
    [Anonymous Symbol]                       0x08000354   Section        0  at32f435_437_int.o(.text.HardFault_Handler)
    [Anonymous Symbol]                       0x08000358   Section        0  at32f435_437_int.o(.text.MemManage_Handler)
    [Anonymous Symbol]                       0x0800035c   Section        0  at32f435_437_int.o(.text.NMI_Handler)
    [Anonymous Symbol]                       0x08000360   Section        0  at32f435_437_int.o(.text.PendSV_Handler)
    [Anonymous Symbol]                       0x08000364   Section        0  at32f435_437_int.o(.text.SVC_Handler)
    SysTick_Config                           0x08000369   Thumb Code    82  main.o(.text.SysTick_Config)
    [Anonymous Symbol]                       0x08000368   Section        0  main.o(.text.SysTick_Config)
    [Anonymous Symbol]                       0x080003bc   Section        0  at32f435_437_int.o(.text.SysTick_Handler)
    [Anonymous Symbol]                       0x080003c0   Section        0  system_at32f435_437.o(.text.SystemInit)
    [Anonymous Symbol]                       0x08000478   Section        0  at32f435_437_int.o(.text.UsageFault_Handler)
    __NVIC_SetPriority                       0x0800047d   Thumb Code    66  main.o(.text.__NVIC_SetPriority)
    [Anonymous Symbol]                       0x0800047c   Section        0  main.o(.text.__NVIC_SetPriority)
    [Anonymous Symbol]                       0x080004c0   Section        0  main.o(.text.main)
    [Anonymous Symbol]                       0x080004dc   Section        0  at32f435_437_misc.o(.text.systick_clock_source_config)
    $v0                                      0x08000514   Number         0  fpinit.o(x$fpl$fpinit)
    x$fpl$fpinit                             0x08000514   Section       26  fpinit.o(x$fpl$fpinit)
    .bss                                     0x20000000   Section       96  libspace.o(.bss)
    Heap_Mem                                 0x20000060   Data         512  startup_at32f435_437.o(HEAP)
    HEAP                                     0x20000060   Section      512  startup_at32f435_437.o(HEAP)
    Stack_Mem                                0x20000260   Data        1024  startup_at32f435_437.o(STACK)
    STACK                                    0x20000260   Section     1024  startup_at32f435_437.o(STACK)
    __initial_sp                             0x20000660   Data           0  startup_at32f435_437.o(STACK)

    Global Symbols

    Symbol Name                              Value     Ov Type        Size  Object(Section)

    BuildAttributes$$THM_ISAv4$E$P$D$K$B$S$7EM$VFPi3$EXTD16$VFPS$VFMA$PE$A:L22UL41UL21$X:L11$S22US41US21$IEEE1$IW$~IW$USESV6$~STKCKD$USESV7$~SHL$OSPACE$ROPI$EBA8$UX$STANDARDLIB$REQ8$PRES8$EABIv2 0x00000000   Number         0  anon$$obj.o ABSOLUTE
    __ARM_exceptions_init                     - Undefined Weak Reference
    __alloca_initialize                       - Undefined Weak Reference
    __arm_preinit_                            - Undefined Weak Reference
    __cpp_initialize__aeabi_                  - Undefined Weak Reference
    __cxa_finalize                            - Undefined Weak Reference
    __rt_locale                               - Undefined Weak Reference
    __sigvec_lookup                           - Undefined Weak Reference
    _atexit_init                              - Undefined Weak Reference
    _call_atexit_fns                          - Undefined Weak Reference
    _clock_init                               - Undefined Weak Reference
    _fp_trap_init                             - Undefined Weak Reference
    _fp_trap_shutdown                         - Undefined Weak Reference
    _get_lc_collate                           - Undefined Weak Reference
    _get_lc_ctype                             - Undefined Weak Reference
    _get_lc_monetary                          - Undefined Weak Reference
    _get_lc_numeric                           - Undefined Weak Reference
    _get_lc_time                              - Undefined Weak Reference
    _getenv_init                              - Undefined Weak Reference
    _handle_redirection                       - Undefined Weak Reference
    _init_alloc                               - Undefined Weak Reference
    _init_user_alloc                          - Undefined Weak Reference
    _initio                                   - Undefined Weak Reference
    _rand_init                                - Undefined Weak Reference
    _signal_finish                            - Undefined Weak Reference
    _signal_init                              - Undefined Weak Reference
    _terminate_alloc                          - Undefined Weak Reference
    _terminate_user_alloc                     - Undefined Weak Reference
    _terminateio                              - Undefined Weak Reference
    __Vectors_Size                           0x0000020c   Number         0  startup_at32f435_437.o ABSOLUTE
    __Vectors                                0x08000000   Data           4  startup_at32f435_437.o(RESET)
    __Vectors_End                            0x0800020c   Data           0  startup_at32f435_437.o(RESET)
    __main                                   0x0800020d   Thumb Code     8  __main.o(!!!main)
    __scatterload                            0x08000215   Thumb Code     0  __scatter.o(!!!scatter)
    __scatterload_rt2                        0x08000215   Thumb Code    44  __scatter.o(!!!scatter)
    __scatterload_rt2_thumb_only             0x08000215   Thumb Code     0  __scatter.o(!!!scatter)
    __scatterload_null                       0x08000223   Thumb Code     0  __scatter.o(!!!scatter)
    __scatterload_zeroinit                   0x08000249   Thumb Code    28  __scatter_zi.o(!!handler_zi)
    __rt_lib_init                            0x08000265   Thumb Code     0  libinit.o(.ARM.Collect$$libinit$$00000000)
    __rt_lib_init_fp_1                       0x08000267   Thumb Code     0  libinit2.o(.ARM.Collect$$libinit$$00000001)
    __rt_lib_init_alloca_1                   0x0800026b   Thumb Code     0  libinit2.o(.ARM.Collect$$libinit$$0000002E)
    __rt_lib_init_argv_1                     0x0800026b   Thumb Code     0  libinit2.o(.ARM.Collect$$libinit$$0000002C)
    __rt_lib_init_atexit_1                   0x0800026b   Thumb Code     0  libinit2.o(.ARM.Collect$$libinit$$0000001B)
    __rt_lib_init_clock_1                    0x0800026b   Thumb Code     0  libinit2.o(.ARM.Collect$$libinit$$00000021)
    __rt_lib_init_cpp_1                      0x0800026b   Thumb Code     0  libinit2.o(.ARM.Collect$$libinit$$00000032)
    __rt_lib_init_exceptions_1               0x0800026b   Thumb Code     0  libinit2.o(.ARM.Collect$$libinit$$00000030)
    __rt_lib_init_fp_trap_1                  0x0800026b   Thumb Code     0  libinit2.o(.ARM.Collect$$libinit$$0000001F)
    __rt_lib_init_getenv_1                   0x0800026b   Thumb Code     0  libinit2.o(.ARM.Collect$$libinit$$00000023)
    __rt_lib_init_heap_1                     0x0800026b   Thumb Code     0  libinit2.o(.ARM.Collect$$libinit$$0000000A)
    __rt_lib_init_lc_collate_1               0x0800026b   Thumb Code     0  libinit2.o(.ARM.Collect$$libinit$$00000011)
    __rt_lib_init_lc_ctype_1                 0x0800026b   Thumb Code     0  libinit2.o(.ARM.Collect$$libinit$$00000013)
    __rt_lib_init_lc_monetary_1              0x0800026b   Thumb Code     0  libinit2.o(.ARM.Collect$$libinit$$00000015)
    __rt_lib_init_lc_numeric_1               0x0800026b   Thumb Code     0  libinit2.o(.ARM.Collect$$libinit$$00000017)
    __rt_lib_init_lc_time_1                  0x0800026b   Thumb Code     0  libinit2.o(.ARM.Collect$$libinit$$00000019)
    __rt_lib_init_preinit_1                  0x0800026b   Thumb Code     0  libinit2.o(.ARM.Collect$$libinit$$00000004)
    __rt_lib_init_rand_1                     0x0800026b   Thumb Code     0  libinit2.o(.ARM.Collect$$libinit$$0000000E)
    __rt_lib_init_return                     0x0800026b   Thumb Code     0  libinit2.o(.ARM.Collect$$libinit$$00000033)
    __rt_lib_init_signal_1                   0x0800026b   Thumb Code     0  libinit2.o(.ARM.Collect$$libinit$$0000001D)
    __rt_lib_init_stdio_1                    0x0800026b   Thumb Code     0  libinit2.o(.ARM.Collect$$libinit$$00000025)
    __rt_lib_init_user_alloc_1               0x0800026b   Thumb Code     0  libinit2.o(.ARM.Collect$$libinit$$0000000C)
    __rt_lib_shutdown                        0x0800026d   Thumb Code     0  libshutdown.o(.ARM.Collect$$libshutdown$$00000000)
    __rt_lib_shutdown_cpp_1                  0x0800026f   Thumb Code     0  libshutdown2.o(.ARM.Collect$$libshutdown$$00000002)
    __rt_lib_shutdown_fp_trap_1              0x0800026f   Thumb Code     0  libshutdown2.o(.ARM.Collect$$libshutdown$$00000007)
    __rt_lib_shutdown_heap_1                 0x0800026f   Thumb Code     0  libshutdown2.o(.ARM.Collect$$libshutdown$$0000000F)
    __rt_lib_shutdown_return                 0x0800026f   Thumb Code     0  libshutdown2.o(.ARM.Collect$$libshutdown$$00000010)
    __rt_lib_shutdown_signal_1               0x0800026f   Thumb Code     0  libshutdown2.o(.ARM.Collect$$libshutdown$$0000000A)
    __rt_lib_shutdown_stdio_1                0x0800026f   Thumb Code     0  libshutdown2.o(.ARM.Collect$$libshutdown$$00000004)
    __rt_lib_shutdown_user_alloc_1           0x0800026f   Thumb Code     0  libshutdown2.o(.ARM.Collect$$libshutdown$$0000000C)
    __rt_entry                               0x08000271   Thumb Code     0  __rtentry.o(.ARM.Collect$$rtentry$$00000000)
    __rt_entry_presh_1                       0x08000271   Thumb Code     0  __rtentry2.o(.ARM.Collect$$rtentry$$00000002)
    __rt_entry_sh                            0x08000271   Thumb Code     0  __rtentry4.o(.ARM.Collect$$rtentry$$00000004)
    __rt_entry_li                            0x08000277   Thumb Code     0  __rtentry2.o(.ARM.Collect$$rtentry$$0000000A)
    __rt_entry_postsh_1                      0x08000277   Thumb Code     0  __rtentry2.o(.ARM.Collect$$rtentry$$00000009)
    __rt_entry_main                          0x0800027b   Thumb Code     0  __rtentry2.o(.ARM.Collect$$rtentry$$0000000D)
    __rt_entry_postli_1                      0x0800027b   Thumb Code     0  __rtentry2.o(.ARM.Collect$$rtentry$$0000000C)
    __rt_exit                                0x08000283   Thumb Code     0  rtexit.o(.ARM.Collect$$rtexit$$00000000)
    __rt_exit_ls                             0x08000285   Thumb Code     0  rtexit2.o(.ARM.Collect$$rtexit$$00000003)
    __rt_exit_prels_1                        0x08000285   Thumb Code     0  rtexit2.o(.ARM.Collect$$rtexit$$00000002)
    __rt_exit_exit                           0x08000289   Thumb Code     0  rtexit2.o(.ARM.Collect$$rtexit$$00000004)
    Reset_Handler                            0x08000291   Thumb Code     8  startup_at32f435_437.o(.text)
    ACC_IRQHandler                           0x080002ab   Thumb Code     0  startup_at32f435_437.o(.text)
    ADC1_2_3_IRQHandler                      0x080002ab   Thumb Code     0  startup_at32f435_437.o(.text)
    CAN1_RX0_IRQHandler                      0x080002ab   Thumb Code     0  startup_at32f435_437.o(.text)
    CAN1_RX1_IRQHandler                      0x080002ab   Thumb Code     0  startup_at32f435_437.o(.text)
    CAN1_SE_IRQHandler                       0x080002ab   Thumb Code     0  startup_at32f435_437.o(.text)
    CAN1_TX_IRQHandler                       0x080002ab   Thumb Code     0  startup_at32f435_437.o(.text)
    CAN2_RX0_IRQHandler                      0x080002ab   Thumb Code     0  startup_at32f435_437.o(.text)
    CAN2_RX1_IRQHandler                      0x080002ab   Thumb Code     0  startup_at32f435_437.o(.text)
    CAN2_SE_IRQHandler                       0x080002ab   Thumb Code     0  startup_at32f435_437.o(.text)
    CAN2_TX_IRQHandler                       0x080002ab   Thumb Code     0  startup_at32f435_437.o(.text)
    CRM_IRQHandler                           0x080002ab   Thumb Code     0  startup_at32f435_437.o(.text)
    DMA1_Channel1_IRQHandler                 0x080002ab   Thumb Code     0  startup_at32f435_437.o(.text)
    DMA1_Channel2_IRQHandler                 0x080002ab   Thumb Code     0  startup_at32f435_437.o(.text)
    DMA1_Channel3_IRQHandler                 0x080002ab   Thumb Code     0  startup_at32f435_437.o(.text)
    DMA1_Channel4_IRQHandler                 0x080002ab   Thumb Code     0  startup_at32f435_437.o(.text)
    DMA1_Channel5_IRQHandler                 0x080002ab   Thumb Code     0  startup_at32f435_437.o(.text)
    DMA1_Channel6_IRQHandler                 0x080002ab   Thumb Code     0  startup_at32f435_437.o(.text)
    DMA1_Channel7_IRQHandler                 0x080002ab   Thumb Code     0  startup_at32f435_437.o(.text)
    DMA2_Channel1_IRQHandler                 0x080002ab   Thumb Code     0  startup_at32f435_437.o(.text)
    DMA2_Channel2_IRQHandler                 0x080002ab   Thumb Code     0  startup_at32f435_437.o(.text)
    DMA2_Channel3_IRQHandler                 0x080002ab   Thumb Code     0  startup_at32f435_437.o(.text)
    DMA2_Channel4_IRQHandler                 0x080002ab   Thumb Code     0  startup_at32f435_437.o(.text)
    DMA2_Channel5_IRQHandler                 0x080002ab   Thumb Code     0  startup_at32f435_437.o(.text)
    DMA2_Channel6_IRQHandler                 0x080002ab   Thumb Code     0  startup_at32f435_437.o(.text)
    DMA2_Channel7_IRQHandler                 0x080002ab   Thumb Code     0  startup_at32f435_437.o(.text)
    DMAMUX_IRQHandler                        0x080002ab   Thumb Code     0  startup_at32f435_437.o(.text)
    DVP_IRQHandler                           0x080002ab   Thumb Code     0  startup_at32f435_437.o(.text)
    EDMA_Stream1_IRQHandler                  0x080002ab   Thumb Code     0  startup_at32f435_437.o(.text)
    EDMA_Stream2_IRQHandler                  0x080002ab   Thumb Code     0  startup_at32f435_437.o(.text)
    EDMA_Stream3_IRQHandler                  0x080002ab   Thumb Code     0  startup_at32f435_437.o(.text)
    EDMA_Stream4_IRQHandler                  0x080002ab   Thumb Code     0  startup_at32f435_437.o(.text)
    EDMA_Stream5_IRQHandler                  0x080002ab   Thumb Code     0  startup_at32f435_437.o(.text)
    EDMA_Stream6_IRQHandler                  0x080002ab   Thumb Code     0  startup_at32f435_437.o(.text)
    EDMA_Stream7_IRQHandler                  0x080002ab   Thumb Code     0  startup_at32f435_437.o(.text)
    EDMA_Stream8_IRQHandler                  0x080002ab   Thumb Code     0  startup_at32f435_437.o(.text)
    EMAC_IRQHandler                          0x080002ab   Thumb Code     0  startup_at32f435_437.o(.text)
    EMAC_WKUP_IRQHandler                     0x080002ab   Thumb Code     0  startup_at32f435_437.o(.text)
    ERTCAlarm_IRQHandler                     0x080002ab   Thumb Code     0  startup_at32f435_437.o(.text)
    ERTC_WKUP_IRQHandler                     0x080002ab   Thumb Code     0  startup_at32f435_437.o(.text)
    EXINT0_IRQHandler                        0x080002ab   Thumb Code     0  startup_at32f435_437.o(.text)
    EXINT15_10_IRQHandler                    0x080002ab   Thumb Code     0  startup_at32f435_437.o(.text)
    EXINT1_IRQHandler                        0x080002ab   Thumb Code     0  startup_at32f435_437.o(.text)
    EXINT2_IRQHandler                        0x080002ab   Thumb Code     0  startup_at32f435_437.o(.text)
    EXINT3_IRQHandler                        0x080002ab   Thumb Code     0  startup_at32f435_437.o(.text)
    EXINT4_IRQHandler                        0x080002ab   Thumb Code     0  startup_at32f435_437.o(.text)
    EXINT9_5_IRQHandler                      0x080002ab   Thumb Code     0  startup_at32f435_437.o(.text)
    FLASH_IRQHandler                         0x080002ab   Thumb Code     0  startup_at32f435_437.o(.text)
    FPU_IRQHandler                           0x080002ab   Thumb Code     0  startup_at32f435_437.o(.text)
    I2C1_ERR_IRQHandler                      0x080002ab   Thumb Code     0  startup_at32f435_437.o(.text)
    I2C1_EVT_IRQHandler                      0x080002ab   Thumb Code     0  startup_at32f435_437.o(.text)
    I2C2_ERR_IRQHandler                      0x080002ab   Thumb Code     0  startup_at32f435_437.o(.text)
    I2C2_EVT_IRQHandler                      0x080002ab   Thumb Code     0  startup_at32f435_437.o(.text)
    I2C3_ERR_IRQHandler                      0x080002ab   Thumb Code     0  startup_at32f435_437.o(.text)
    I2C3_EVT_IRQHandler                      0x080002ab   Thumb Code     0  startup_at32f435_437.o(.text)
    OTGFS1_IRQHandler                        0x080002ab   Thumb Code     0  startup_at32f435_437.o(.text)
    OTGFS1_WKUP_IRQHandler                   0x080002ab   Thumb Code     0  startup_at32f435_437.o(.text)
    OTGFS2_IRQHandler                        0x080002ab   Thumb Code     0  startup_at32f435_437.o(.text)
    OTGFS2_WKUP_IRQHandler                   0x080002ab   Thumb Code     0  startup_at32f435_437.o(.text)
    PVM_IRQHandler                           0x080002ab   Thumb Code     0  startup_at32f435_437.o(.text)
    QSPI1_IRQHandler                         0x080002ab   Thumb Code     0  startup_at32f435_437.o(.text)
    QSPI2_IRQHandler                         0x080002ab   Thumb Code     0  startup_at32f435_437.o(.text)
    SDIO1_IRQHandler                         0x080002ab   Thumb Code     0  startup_at32f435_437.o(.text)
    SDIO2_IRQHandler                         0x080002ab   Thumb Code     0  startup_at32f435_437.o(.text)
    SPI1_IRQHandler                          0x080002ab   Thumb Code     0  startup_at32f435_437.o(.text)
    SPI2_I2S2EXT_IRQHandler                  0x080002ab   Thumb Code     0  startup_at32f435_437.o(.text)
    SPI3_I2S3EXT_IRQHandler                  0x080002ab   Thumb Code     0  startup_at32f435_437.o(.text)
    SPI4_IRQHandler                          0x080002ab   Thumb Code     0  startup_at32f435_437.o(.text)
    TAMP_STAMP_IRQHandler                    0x080002ab   Thumb Code     0  startup_at32f435_437.o(.text)
    TMR1_BRK_TMR9_IRQHandler                 0x080002ab   Thumb Code     0  startup_at32f435_437.o(.text)
    TMR1_CH_IRQHandler                       0x080002ab   Thumb Code     0  startup_at32f435_437.o(.text)
    TMR1_OVF_TMR10_IRQHandler                0x080002ab   Thumb Code     0  startup_at32f435_437.o(.text)
    TMR1_TRG_HALL_TMR11_IRQHandler           0x080002ab   Thumb Code     0  startup_at32f435_437.o(.text)
    TMR20_BRK_IRQHandler                     0x080002ab   Thumb Code     0  startup_at32f435_437.o(.text)
    TMR20_CH_IRQHandler                      0x080002ab   Thumb Code     0  startup_at32f435_437.o(.text)
    TMR20_OVF_IRQHandler                     0x080002ab   Thumb Code     0  startup_at32f435_437.o(.text)
    TMR20_TRG_HALL_IRQHandler                0x080002ab   Thumb Code     0  startup_at32f435_437.o(.text)
    TMR2_GLOBAL_IRQHandler                   0x080002ab   Thumb Code     0  startup_at32f435_437.o(.text)
    TMR3_GLOBAL_IRQHandler                   0x080002ab   Thumb Code     0  startup_at32f435_437.o(.text)
    TMR4_GLOBAL_IRQHandler                   0x080002ab   Thumb Code     0  startup_at32f435_437.o(.text)
    TMR5_GLOBAL_IRQHandler                   0x080002ab   Thumb Code     0  startup_at32f435_437.o(.text)
    TMR6_DAC_GLOBAL_IRQHandler               0x080002ab   Thumb Code     0  startup_at32f435_437.o(.text)
    TMR7_GLOBAL_IRQHandler                   0x080002ab   Thumb Code     0  startup_at32f435_437.o(.text)
    TMR8_BRK_TMR12_IRQHandler                0x080002ab   Thumb Code     0  startup_at32f435_437.o(.text)
    TMR8_CH_IRQHandler                       0x080002ab   Thumb Code     0  startup_at32f435_437.o(.text)
    TMR8_OVF_TMR13_IRQHandler                0x080002ab   Thumb Code     0  startup_at32f435_437.o(.text)
    TMR8_TRG_HALL_TMR14_IRQHandler           0x080002ab   Thumb Code     0  startup_at32f435_437.o(.text)
    UART4_IRQHandler                         0x080002ab   Thumb Code     0  startup_at32f435_437.o(.text)
    UART5_IRQHandler                         0x080002ab   Thumb Code     0  startup_at32f435_437.o(.text)
    UART7_IRQHandler                         0x080002ab   Thumb Code     0  startup_at32f435_437.o(.text)
    UART8_IRQHandler                         0x080002ab   Thumb Code     0  startup_at32f435_437.o(.text)
    USART1_IRQHandler                        0x080002ab   Thumb Code     0  startup_at32f435_437.o(.text)
    USART2_IRQHandler                        0x080002ab   Thumb Code     0  startup_at32f435_437.o(.text)
    USART3_IRQHandler                        0x080002ab   Thumb Code     0  startup_at32f435_437.o(.text)
    USART6_IRQHandler                        0x080002ab   Thumb Code     0  startup_at32f435_437.o(.text)
    WWDT_IRQHandler                          0x080002ab   Thumb Code     0  startup_at32f435_437.o(.text)
    XMC_IRQHandler                           0x080002ab   Thumb Code     0  startup_at32f435_437.o(.text)
    __user_initial_stackheap                 0x080002ad   Thumb Code     0  startup_at32f435_437.o(.text)
    __use_two_region_memory                  0x080002d1   Thumb Code     2  heapauxi.o(.text)
    __rt_heap_escrow$2region                 0x080002d3   Thumb Code     2  heapauxi.o(.text)
    __rt_heap_expand$2region                 0x080002d5   Thumb Code     2  heapauxi.o(.text)
    __user_setup_stackheap                   0x080002d7   Thumb Code    74  sys_stackheap_outer.o(.text)
    exit                                     0x08000321   Thumb Code    18  exit.o(.text)
    __user_libspace                          0x08000335   Thumb Code     8  libspace.o(.text)
    __user_perproc_libspace                  0x08000335   Thumb Code     0  libspace.o(.text)
    __user_perthread_libspace                0x08000335   Thumb Code     0  libspace.o(.text)
    _sys_exit                                0x0800033d   Thumb Code     8  sys_exit.o(.text)
    __I$use$semihosting                      0x08000349   Thumb Code     0  use_no_semi.o(.text)
    __use_no_semihosting_swi                 0x08000349   Thumb Code     2  use_no_semi.o(.text)
    __semihosting_library_function           0x0800034b   Thumb Code     0  indicate_semi.o(.text)
    BusFault_Handler                         0x0800034d   Thumb Code     4  at32f435_437_int.o(.text.BusFault_Handler)
    DebugMon_Handler                         0x08000351   Thumb Code     2  at32f435_437_int.o(.text.DebugMon_Handler)
    HardFault_Handler                        0x08000355   Thumb Code     4  at32f435_437_int.o(.text.HardFault_Handler)
    MemManage_Handler                        0x08000359   Thumb Code     4  at32f435_437_int.o(.text.MemManage_Handler)
    NMI_Handler                              0x0800035d   Thumb Code     2  at32f435_437_int.o(.text.NMI_Handler)
    PendSV_Handler                           0x08000361   Thumb Code     2  at32f435_437_int.o(.text.PendSV_Handler)
    SVC_Handler                              0x08000365   Thumb Code     2  at32f435_437_int.o(.text.SVC_Handler)
    SysTick_Handler                          0x080003bd   Thumb Code     2  at32f435_437_int.o(.text.SysTick_Handler)
    SystemInit                               0x080003c1   Thumb Code   184  system_at32f435_437.o(.text.SystemInit)
    UsageFault_Handler                       0x08000479   Thumb Code     4  at32f435_437_int.o(.text.UsageFault_Handler)
    main                                     0x080004c1   Thumb Code    26  main.o(.text.main)
    systick_clock_source_config              0x080004dd   Thumb Code    56  at32f435_437_misc.o(.text.systick_clock_source_config)
    _fp_init                                 0x08000515   Thumb Code    26  fpinit.o(x$fpl$fpinit)
    __fplib_config_fpu_vfp                   0x0800052d   Thumb Code     0  fpinit.o(x$fpl$fpinit)
    __fplib_config_pureend_doubles           0x0800052d   Thumb Code     0  fpinit.o(x$fpl$fpinit)
    Region$$Table$$Base                      0x08000530   Number         0  anon$$obj.o(Region$$Table)
    Region$$Table$$Limit                     0x08000540   Number         0  anon$$obj.o(Region$$Table)
    __libspace_start                         0x20000000   Data          96  libspace.o(.bss)
    __temporary_stack_top$libspace           0x20000060   Data           0  libspace.o(.bss)



==============================================================================

Memory Map of the image

  Image Entry point : 0x0800020d

  Load Region LR_IROM1 (Base: 0x08000000, Size: 0x00000540, Max: 0x003f0000, ABSOLUTE)

    Execution Region ER_IROM1 (Exec base: 0x08000000, Load base: 0x08000000, Size: 0x00000540, Max: 0x003f0000, ABSOLUTE)

    Exec Addr    Load Addr    Size         Type   Attr      Idx    E Section Name        Object

    0x08000000   0x08000000   0x0000020c   Data   RO            3    RESET               startup_at32f435_437.o
    0x0800020c   0x0800020c   0x00000008   Code   RO         1911  * !!!main             c_w.l(__main.o)
    0x08000214   0x08000214   0x00000034   Code   RO         2084    !!!scatter          c_w.l(__scatter.o)
    0x08000248   0x08000248   0x0000001c   Code   RO         2086    !!handler_zi        c_w.l(__scatter_zi.o)
    0x08000264   0x08000264   0x00000002   Code   RO         1948    .ARM.Collect$$libinit$$00000000  c_w.l(libinit.o)
    0x08000266   0x08000266   0x00000004   Code   RO         1960    .ARM.Collect$$libinit$$00000001  c_w.l(libinit2.o)
    0x0800026a   0x0800026a   0x00000000   Code   RO         1963    .ARM.Collect$$libinit$$00000004  c_w.l(libinit2.o)
    0x0800026a   0x0800026a   0x00000000   Code   RO         1966    .ARM.Collect$$libinit$$0000000A  c_w.l(libinit2.o)
    0x0800026a   0x0800026a   0x00000000   Code   RO         1968    .ARM.Collect$$libinit$$0000000C  c_w.l(libinit2.o)
    0x0800026a   0x0800026a   0x00000000   Code   RO         1970    .ARM.Collect$$libinit$$0000000E  c_w.l(libinit2.o)
    0x0800026a   0x0800026a   0x00000000   Code   RO         1973    .ARM.Collect$$libinit$$00000011  c_w.l(libinit2.o)
    0x0800026a   0x0800026a   0x00000000   Code   RO         1975    .ARM.Collect$$libinit$$00000013  c_w.l(libinit2.o)
    0x0800026a   0x0800026a   0x00000000   Code   RO         1977    .ARM.Collect$$libinit$$00000015  c_w.l(libinit2.o)
    0x0800026a   0x0800026a   0x00000000   Code   RO         1979    .ARM.Collect$$libinit$$00000017  c_w.l(libinit2.o)
    0x0800026a   0x0800026a   0x00000000   Code   RO         1981    .ARM.Collect$$libinit$$00000019  c_w.l(libinit2.o)
    0x0800026a   0x0800026a   0x00000000   Code   RO         1983    .ARM.Collect$$libinit$$0000001B  c_w.l(libinit2.o)
    0x0800026a   0x0800026a   0x00000000   Code   RO         1985    .ARM.Collect$$libinit$$0000001D  c_w.l(libinit2.o)
    0x0800026a   0x0800026a   0x00000000   Code   RO         1987    .ARM.Collect$$libinit$$0000001F  c_w.l(libinit2.o)
    0x0800026a   0x0800026a   0x00000000   Code   RO         1989    .ARM.Collect$$libinit$$00000021  c_w.l(libinit2.o)
    0x0800026a   0x0800026a   0x00000000   Code   RO         1991    .ARM.Collect$$libinit$$00000023  c_w.l(libinit2.o)
    0x0800026a   0x0800026a   0x00000000   Code   RO         1993    .ARM.Collect$$libinit$$00000025  c_w.l(libinit2.o)
    0x0800026a   0x0800026a   0x00000000   Code   RO         1997    .ARM.Collect$$libinit$$0000002C  c_w.l(libinit2.o)
    0x0800026a   0x0800026a   0x00000000   Code   RO         1999    .ARM.Collect$$libinit$$0000002E  c_w.l(libinit2.o)
    0x0800026a   0x0800026a   0x00000000   Code   RO         2001    .ARM.Collect$$libinit$$00000030  c_w.l(libinit2.o)
    0x0800026a   0x0800026a   0x00000000   Code   RO         2003    .ARM.Collect$$libinit$$00000032  c_w.l(libinit2.o)
    0x0800026a   0x0800026a   0x00000002   Code   RO         2004    .ARM.Collect$$libinit$$00000033  c_w.l(libinit2.o)
    0x0800026c   0x0800026c   0x00000002   Code   RO         2039    .ARM.Collect$$libshutdown$$00000000  c_w.l(libshutdown.o)
    0x0800026e   0x0800026e   0x00000000   Code   RO         2067    .ARM.Collect$$libshutdown$$00000002  c_w.l(libshutdown2.o)
    0x0800026e   0x0800026e   0x00000000   Code   RO         2069    .ARM.Collect$$libshutdown$$00000004  c_w.l(libshutdown2.o)
    0x0800026e   0x0800026e   0x00000000   Code   RO         2072    .ARM.Collect$$libshutdown$$00000007  c_w.l(libshutdown2.o)
    0x0800026e   0x0800026e   0x00000000   Code   RO         2075    .ARM.Collect$$libshutdown$$0000000A  c_w.l(libshutdown2.o)
    0x0800026e   0x0800026e   0x00000000   Code   RO         2077    .ARM.Collect$$libshutdown$$0000000C  c_w.l(libshutdown2.o)
    0x0800026e   0x0800026e   0x00000000   Code   RO         2080    .ARM.Collect$$libshutdown$$0000000F  c_w.l(libshutdown2.o)
    0x0800026e   0x0800026e   0x00000002   Code   RO         2081    .ARM.Collect$$libshutdown$$00000010  c_w.l(libshutdown2.o)
    0x08000270   0x08000270   0x00000000   Code   RO         1913    .ARM.Collect$$rtentry$$00000000  c_w.l(__rtentry.o)
    0x08000270   0x08000270   0x00000000   Code   RO         1919    .ARM.Collect$$rtentry$$00000002  c_w.l(__rtentry2.o)
    0x08000270   0x08000270   0x00000006   Code   RO         1931    .ARM.Collect$$rtentry$$00000004  c_w.l(__rtentry4.o)
    0x08000276   0x08000276   0x00000000   Code   RO         1921    .ARM.Collect$$rtentry$$00000009  c_w.l(__rtentry2.o)
    0x08000276   0x08000276   0x00000004   Code   RO         1922    .ARM.Collect$$rtentry$$0000000A  c_w.l(__rtentry2.o)
    0x0800027a   0x0800027a   0x00000000   Code   RO         1924    .ARM.Collect$$rtentry$$0000000C  c_w.l(__rtentry2.o)
    0x0800027a   0x0800027a   0x00000008   Code   RO         1925    .ARM.Collect$$rtentry$$0000000D  c_w.l(__rtentry2.o)
    0x08000282   0x08000282   0x00000002   Code   RO         1952    .ARM.Collect$$rtexit$$00000000  c_w.l(rtexit.o)
    0x08000284   0x08000284   0x00000000   Code   RO         2010    .ARM.Collect$$rtexit$$00000002  c_w.l(rtexit2.o)
    0x08000284   0x08000284   0x00000004   Code   RO         2011    .ARM.Collect$$rtexit$$00000003  c_w.l(rtexit2.o)
    0x08000288   0x08000288   0x00000006   Code   RO         2012    .ARM.Collect$$rtexit$$00000004  c_w.l(rtexit2.o)
    0x0800028e   0x0800028e   0x00000002   PAD
    0x08000290   0x08000290   0x00000040   Code   RO            4    .text               startup_at32f435_437.o
    0x080002d0   0x080002d0   0x00000006   Code   RO         1909    .text               c_w.l(heapauxi.o)
    0x080002d6   0x080002d6   0x0000004a   Code   RO         1935    .text               c_w.l(sys_stackheap_outer.o)
    0x08000320   0x08000320   0x00000012   Code   RO         1937    .text               c_w.l(exit.o)
    0x08000332   0x08000332   0x00000002   PAD
    0x08000334   0x08000334   0x00000008   Code   RO         1949    .text               c_w.l(libspace.o)
    0x0800033c   0x0800033c   0x0000000c   Code   RO         2005    .text               c_w.l(sys_exit.o)
    0x08000348   0x08000348   0x00000002   Code   RO         2028    .text               c_w.l(use_no_semi.o)
    0x0800034a   0x0800034a   0x00000000   Code   RO         2030    .text               c_w.l(indicate_semi.o)
    0x0800034a   0x0800034a   0x00000002   PAD
    0x0800034c   0x0800034c   0x00000004   Code   RO         1866    .text.BusFault_Handler  at32f435_437_int.o
    0x08000350   0x08000350   0x00000002   Code   RO         1872    .text.DebugMon_Handler  at32f435_437_int.o
    0x08000352   0x08000352   0x00000002   PAD
    0x08000354   0x08000354   0x00000004   Code   RO         1862    .text.HardFault_Handler  at32f435_437_int.o
    0x08000358   0x08000358   0x00000004   Code   RO         1864    .text.MemManage_Handler  at32f435_437_int.o
    0x0800035c   0x0800035c   0x00000002   Code   RO         1860    .text.NMI_Handler   at32f435_437_int.o
    0x0800035e   0x0800035e   0x00000002   PAD
    0x08000360   0x08000360   0x00000002   Code   RO         1874    .text.PendSV_Handler  at32f435_437_int.o
    0x08000362   0x08000362   0x00000002   PAD
    0x08000364   0x08000364   0x00000002   Code   RO         1870    .text.SVC_Handler   at32f435_437_int.o
    0x08000366   0x08000366   0x00000002   PAD
    0x08000368   0x08000368   0x00000052   Code   RO         1840    .text.SysTick_Config  main.o
    0x080003ba   0x080003ba   0x00000002   PAD
    0x080003bc   0x080003bc   0x00000002   Code   RO         1876    .text.SysTick_Handler  at32f435_437_int.o
    0x080003be   0x080003be   0x00000002   PAD
    0x080003c0   0x080003c0   0x000000b8   Code   RO           11    .text.SystemInit    system_at32f435_437.o
    0x08000478   0x08000478   0x00000004   Code   RO         1868    .text.UsageFault_Handler  at32f435_437_int.o
    0x0800047c   0x0800047c   0x00000042   Code   RO         1842    .text.__NVIC_SetPriority  main.o
    0x080004be   0x080004be   0x00000002   PAD
    0x080004c0   0x080004c0   0x0000001a   Code   RO         1838    .text.main          main.o
    0x080004da   0x080004da   0x00000002   PAD
    0x080004dc   0x080004dc   0x00000038   Code   RO         1212    .text.systick_clock_source_config  at32f435_437_misc.o
    0x08000514   0x08000514   0x0000001a   Code   RO         2022    x$fpl$fpinit        fz_wm.l(fpinit.o)
    0x0800052e   0x0800052e   0x00000002   PAD
    0x08000530   0x08000530   0x00000010   Data   RO         2083    Region$$Table       anon$$obj.o


    Execution Region RW_IRAM1 (Exec base: 0x20000000, Load base: 0x08000540, Size: 0x00000660, Max: 0x00060000, ABSOLUTE)

    Exec Addr    Load Addr    Size         Type   Attr      Idx    E Section Name        Object

    0x20000000        -       0x00000060   Zero   RW         1950    .bss                c_w.l(libspace.o)
    0x20000060        -       0x00000200   Zero   RW            2    HEAP                startup_at32f435_437.o
    0x20000260        -       0x00000400   Zero   RW            1    STACK               startup_at32f435_437.o


==============================================================================

Image component sizes


      Code (inc. data)   RO Data    RW Data    ZI Data      Debug   Object Name

        26          0          0          0          0        999   at32f435_437_int.o
        56          0          0          0          0       6961   at32f435_437_misc.o
       174          0          0          0          0       4570   main.o
        64         26        524          0       1536        860   startup_at32f435_437.o
       184          0          0          0          0      11536   system_at32f435_437.o

    ----------------------------------------------------------------------
       520         26        540          0       1536      24926   Object Totals
         0          0         16          0          0          0   (incl. Generated)
        16          0          0          0          0          0   (incl. Padding)

    ----------------------------------------------------------------------

      Code (inc. data)   RO Data    RW Data    ZI Data      Debug   Library Member Name

         8          0          0          0          0         68   __main.o
         0          0          0          0          0          0   __rtentry.o
        12          0          0          0          0          0   __rtentry2.o
         6          0          0          0          0          0   __rtentry4.o
        52          8          0          0          0          0   __scatter.o
        28          0          0          0          0          0   __scatter_zi.o
        18          0          0          0          0         80   exit.o
         6          0          0          0          0        152   heapauxi.o
         0          0          0          0          0          0   indicate_semi.o
         2          0          0          0          0          0   libinit.o
         6          0          0          0          0          0   libinit2.o
         2          0          0          0          0          0   libshutdown.o
         2          0          0          0          0          0   libshutdown2.o
         8          4          0          0         96         68   libspace.o
         2          0          0          0          0          0   rtexit.o
        10          0          0          0          0          0   rtexit2.o
        12          4          0          0          0         68   sys_exit.o
        74          0          0          0          0         80   sys_stackheap_outer.o
         2          0          0          0          0         68   use_no_semi.o
        26          0          0          0          0        116   fpinit.o

    ----------------------------------------------------------------------
       284         16          0          0         96        700   Library Totals
         8          0          0          0          0          0   (incl. Padding)

    ----------------------------------------------------------------------

      Code (inc. data)   RO Data    RW Data    ZI Data      Debug   Library Name

       250         16          0          0         96        584   c_w.l
        26          0          0          0          0        116   fz_wm.l

    ----------------------------------------------------------------------
       284         16          0          0         96        700   Library Totals

    ----------------------------------------------------------------------

==============================================================================


      Code (inc. data)   RO Data    RW Data    ZI Data      Debug   

       804         42        540          0       1632      25342   Grand Totals
       804         42        540          0       1632      25342   ELF Image Totals
       804         42        540          0          0          0   ROM Totals

==============================================================================

    Total RO  Size (Code + RO Data)                 1344 (   1.31kB)
    Total RW  Size (RW Data + ZI Data)              1632 (   1.59kB)
    Total ROM Size (Code + RO Data + RW Data)       1344 (   1.31kB)

==============================================================================

