Component: ARM Compiler 6.16 Tool: armlink [5dfeaa00]

==============================================================================

Section Cross References

    startup_at32f435_437.o(STACK) refers (Special) to heapauxi.o(.text) for __use_two_region_memory
    startup_at32f435_437.o(HEAP) refers (Special) to heapauxi.o(.text) for __use_two_region_memory
    startup_at32f435_437.o(RESET) refers (Special) to heapauxi.o(.text) for __use_two_region_memory
    startup_at32f435_437.o(RESET) refers to startup_at32f435_437.o(STACK) for __Initial_sp
    startup_at32f435_437.o(RESET) refers to startup_at32f435_437.o(.text) for Reset_Handler
    startup_at32f435_437.o(RESET) refers to at32f435_437_int.o(.text.NMI_Handler) for NMI_Handler
    startup_at32f435_437.o(RESET) refers to at32f435_437_int.o(.text.HardFault_Handler) for HardFault_Handler
    startup_at32f435_437.o(RESET) refers to at32f435_437_int.o(.text.MemManage_Handler) for MemManage_Handler
    startup_at32f435_437.o(RESET) refers to at32f435_437_int.o(.text.BusFault_Handler) for BusFault_Handler
    startup_at32f435_437.o(RESET) refers to at32f435_437_int.o(.text.UsageFault_Handler) for UsageFault_Handler
    startup_at32f435_437.o(RESET) refers to at32f435_437_int.o(.text.SVC_Handler) for SVC_Handler
    startup_at32f435_437.o(RESET) refers to at32f435_437_int.o(.text.DebugMon_Handler) for DebugMon_Handler
    startup_at32f435_437.o(RESET) refers to at32f435_437_int.o(.text.PendSV_Handler) for PendSV_Handler
    startup_at32f435_437.o(RESET) refers to at32f435_437_int.o(.text.SysTick_Handler) for SysTick_Handler
    startup_at32f435_437.o(.text) refers (Special) to heapauxi.o(.text) for __use_two_region_memory
    startup_at32f435_437.o(.text) refers to system_at32f435_437.o(.text.SystemInit) for SystemInit
    startup_at32f435_437.o(.text) refers to __main.o(!!!main) for __main
    startup_at32f435_437.o(.text) refers to startup_at32f435_437.o(HEAP) for Heap_Mem
    startup_at32f435_437.o(.text) refers to startup_at32f435_437.o(STACK) for Stack_Mem
    system_at32f435_437.o(.ARM.exidx.text.SystemInit) refers to system_at32f435_437.o(.text.SystemInit) for [Anonymous Symbol]
    system_at32f435_437.o(.text.system_core_Clock_Update) refers to at32f435_437_crm.o(.text.crm_sysclk_switch_Status_Get) for crm_sysclk_switch_Status_Get
    system_at32f435_437.o(.text.system_core_Clock_Update) refers to system_at32f435_437.o(.data.system_core_clock) for system_core_clock
    system_at32f435_437.o(.ARM.exidx.text.system_core_Clock_Update) refers to system_at32f435_437.o(.text.system_core_Clock_Update) for [Anonymous Symbol]
    at32f435_437_acc.o(.ARM.exidx.text.ACC_Calibration_Mode_Enable) refers to at32f435_437_acc.o(.text.ACC_Calibration_Mode_Enable) for [Anonymous Symbol]
    at32f435_437_acc.o(.ARM.exidx.text.ACC_Step_Set) refers to at32f435_437_acc.o(.text.ACC_Step_Set) for [Anonymous Symbol]
    at32f435_437_acc.o(.ARM.exidx.text.ACC_SOF_Select) refers to at32f435_437_acc.o(.text.ACC_SOF_Select) for [Anonymous Symbol]
    at32f435_437_acc.o(.ARM.exidx.text.ACC_Interrupt_Enable) refers to at32f435_437_acc.o(.text.ACC_Interrupt_Enable) for [Anonymous Symbol]
    at32f435_437_acc.o(.ARM.exidx.text.ACC_Hicktrim_Get) refers to at32f435_437_acc.o(.text.ACC_Hicktrim_Get) for [Anonymous Symbol]
    at32f435_437_acc.o(.ARM.exidx.text.ACC_Hickcal_Get) refers to at32f435_437_acc.o(.text.ACC_Hickcal_Get) for [Anonymous Symbol]
    at32f435_437_acc.o(.ARM.exidx.text.ACC_Write_C1) refers to at32f435_437_acc.o(.text.ACC_Write_C1) for [Anonymous Symbol]
    at32f435_437_acc.o(.ARM.exidx.text.ACC_Write_C2) refers to at32f435_437_acc.o(.text.ACC_Write_C2) for [Anonymous Symbol]
    at32f435_437_acc.o(.ARM.exidx.text.ACC_Write_C3) refers to at32f435_437_acc.o(.text.ACC_Write_C3) for [Anonymous Symbol]
    at32f435_437_acc.o(.ARM.exidx.text.ACC_Read_C1) refers to at32f435_437_acc.o(.text.ACC_Read_C1) for [Anonymous Symbol]
    at32f435_437_acc.o(.ARM.exidx.text.ACC_Read_C2) refers to at32f435_437_acc.o(.text.ACC_Read_C2) for [Anonymous Symbol]
    at32f435_437_acc.o(.ARM.exidx.text.ACC_Read_C3) refers to at32f435_437_acc.o(.text.ACC_Read_C3) for [Anonymous Symbol]
    at32f435_437_acc.o(.ARM.exidx.text.ACC_Flag_Get) refers to at32f435_437_acc.o(.text.ACC_Flag_Get) for [Anonymous Symbol]
    at32f435_437_acc.o(.ARM.exidx.text.ACC_Flag_Clear) refers to at32f435_437_acc.o(.text.ACC_Flag_Clear) for [Anonymous Symbol]
    at32f435_437_adc.o(.text.ADC_Reset) refers to at32f435_437_crm.o(.text.crm_periph_Reset) for crm_periph_Reset
    at32f435_437_adc.o(.ARM.exidx.text.ADC_Reset) refers to at32f435_437_adc.o(.text.ADC_Reset) for [Anonymous Symbol]
    at32f435_437_adc.o(.ARM.exidx.text.ADC_Enable) refers to at32f435_437_adc.o(.text.ADC_Enable) for [Anonymous Symbol]
    at32f435_437_adc.o(.ARM.exidx.text.ADC_base_Default_Para_Init) refers to at32f435_437_adc.o(.text.ADC_base_Default_Para_Init) for [Anonymous Symbol]
[...]
    Removing at32f435_437_qspi.o(.text.QSPI_xip_Enable), (64 bytes).
    Removing at32f435_437_qspi.o(.ARM.exidx.text.QSPI_xip_Enable), (8 bytes).
    Removing at32f435_437_qspi.o(.text.QSPI_CMD_Operation_kick), (78 bytes).
    Removing at32f435_437_qspi.o(.ARM.exidx.text.QSPI_CMD_Operation_kick), (8 bytes).
    Removing at32f435_437_qspi.o(.text.QSPI_xip_Init), (84 bytes).
    Removing at32f435_437_qspi.o(.ARM.exidx.text.QSPI_xip_Init), (8 bytes).
    Removing at32f435_437_qspi.o(.text.QSPI_Byte_Read), (6 bytes).
    Removing at32f435_437_qspi.o(.ARM.exidx.text.QSPI_Byte_Read), (8 bytes).
    Removing at32f435_437_qspi.o(.text.QSPI_half_Word_Read), (6 bytes).
    Removing at32f435_437_qspi.o(.ARM.exidx.text.QSPI_half_Word_Read), (8 bytes).
    Removing at32f435_437_qspi.o(.text.QSPI_Word_Read), (6 bytes).
    Removing at32f435_437_qspi.o(.ARM.exidx.text.QSPI_Word_Read), (8 bytes).
    Removing at32f435_437_qspi.o(.text.QSPI_Byte_Write), (6 bytes).
    Removing at32f435_437_qspi.o(.ARM.exidx.text.QSPI_Byte_Write), (8 bytes).
    Removing at32f435_437_qspi.o(.text.QSPI_half_Word_Write), (6 bytes).
    Removing at32f435_437_qspi.o(.ARM.exidx.text.QSPI_half_Word_Write), (8 bytes).
    Removing at32f435_437_qspi.o(.text.QSPI_Word_Write), (6 bytes).
    Removing at32f435_437_qspi.o(.ARM.exidx.text.QSPI_Word_Write), (8 bytes).
    Removing at32f435_437_scfg.o(.text), (0 bytes).
    Removing at32f435_437_scfg.o(.text.scfg_Reset), (26 bytes).
    Removing at32f435_437_scfg.o(.ARM.exidx.text.scfg_Reset), (8 bytes).
    Removing at32f435_437_scfg.o(.text.scfg_XMC_mapping_swap_Set), (26 bytes).
    Removing at32f435_437_scfg.o(.ARM.exidx.text.scfg_XMC_mapping_swap_Set), (8 bytes).
    Removing at32f435_437_scfg.o(.text.scfg_infrared_Config), (42 bytes).
    Removing at32f435_437_scfg.o(.ARM.exidx.text.scfg_infrared_Config), (8 bytes).
    Removing at32f435_437_scfg.o(.text.scfg_mem_map_Set), (18 bytes).
    Removing at32f435_437_scfg.o(.ARM.exidx.text.scfg_mem_map_Set), (8 bytes).
    Removing at32f435_437_scfg.o(.text.scfg_EMAC_interface_Set), (26 bytes).
    Removing at32f435_437_scfg.o(.ARM.exidx.text.scfg_EMAC_interface_Set), (8 bytes).
    Removing at32f435_437_scfg.o(.text.scfg_EXINT_line_Config), (148 bytes).
    Removing at32f435_437_scfg.o(.ARM.exidx.text.scfg_EXINT_line_Config), (8 bytes).
    Removing at32f435_437_scfg.o(.text.scfg_pins_ultra_driven_Enable), (40 bytes).
    Removing at32f435_437_scfg.o(.ARM.exidx.text.scfg_pins_ultra_driven_Enable), (8 bytes).
    Removing at32f435_437_sdio.o(.text), (0 bytes).
    Removing at32f435_437_sdio.o(.text.sdio_Reset), (30 bytes).
    Removing at32f435_437_sdio.o(.ARM.exidx.text.sdio_Reset), (8 bytes).
    Removing at32f435_437_sdio.o(.text.sdio_Power_Set), (10 bytes).
    Removing at32f435_437_sdio.o(.ARM.exidx.text.sdio_Power_Set), (8 bytes).
    Removing at32f435_437_sdio.o(.text.sdio_Power_Status_Get), (8 bytes).
    Removing at32f435_437_sdio.o(.ARM.exidx.text.sdio_Power_Status_Get), (8 bytes).
    Removing at32f435_437_sdio.o(.text.sdio_Clock_Config), (38 bytes).
    Removing at32f435_437_sdio.o(.ARM.exidx.text.sdio_Clock_Config), (8 bytes).
    Removing at32f435_437_sdio.o(.text.sdio_bus_width_Config), (18 bytes).
    Removing at32f435_437_sdio.o(.ARM.exidx.text.sdio_bus_width_Config), (8 bytes).
    Removing at32f435_437_sdio.o(.text.sdio_Clock_bypass), (18 bytes).
    Removing at32f435_437_sdio.o(.ARM.exidx.text.sdio_Clock_bypass), (8 bytes).
    Removing at32f435_437_sdio.o(.text.sdio_Power_saving_Mode_Enable), (18 bytes).
    Removing at32f435_437_sdio.o(.ARM.exidx.text.sdio_Power_saving_Mode_Enable), (8 bytes).
    Removing at32f435_437_sdio.o(.text.sdio_flow_Control_Enable), (18 bytes).
    Removing at32f435_437_sdio.o(.ARM.exidx.text.sdio_flow_Control_Enable), (8 bytes).
    Removing at32f435_437_sdio.o(.text.sdio_Clock_Enable), (18 bytes).
    Removing at32f435_437_sdio.o(.ARM.exidx.text.sdio_Clock_Enable), (8 bytes).
    Removing at32f435_437_sdio.o(.text.sdio_DMA_Enable), (18 bytes).
    Removing at32f435_437_sdio.o(.ARM.exidx.text.sdio_DMA_Enable), (8 bytes).
    Removing at32f435_437_sdio.o(.text.sdio_Interrupt_Enable), (16 bytes).
    Removing at32f435_437_sdio.o(.ARM.exidx.text.sdio_Interrupt_Enable), (8 bytes).
    Removing at32f435_437_sdio.o(.text.sdio_Flag_Get), (14 bytes).
    Removing at32f435_437_sdio.o(.ARM.exidx.text.sdio_Flag_Get), (8 bytes).
    Removing at32f435_437_sdio.o(.text.sdio_Flag_Clear), (4 bytes).
    Removing at32f435_437_sdio.o(.ARM.exidx.text.sdio_Flag_Clear), (8 bytes).
    Removing at32f435_437_sdio.o(.text.sdio_command_Config), (74 bytes).
    Removing at32f435_437_sdio.o(.ARM.exidx.text.sdio_command_Config), (8 bytes).
    Removing at32f435_437_sdio.o(.text.sdio_command_state_machine_Enable), (18 bytes).
    Removing at32f435_437_sdio.o(.ARM.exidx.text.sdio_command_state_machine_Enable), (8 bytes).
    Removing at32f435_437_sdio.o(.text.sdio_command_response_Get), (8 bytes).
    Removing at32f435_437_sdio.o(.ARM.exidx.text.sdio_command_response_Get), (8 bytes).
    Removing at32f435_437_sdio.o(.text.sdio_response_Get), (40 bytes).
    Removing at32f435_437_sdio.o(.ARM.exidx.text.sdio_response_Get), (8 bytes).
    Removing at32f435_437_sdio.o(.text.sdio_Data_Config), (64 bytes).
    Removing at32f435_437_sdio.o(.ARM.exidx.text.sdio_Data_Config), (8 bytes).
    Removing at32f435_437_sdio.o(.text.sdio_Data_state_machine_Enable), (10 bytes).
    Removing at32f435_437_sdio.o(.ARM.exidx.text.sdio_Data_state_machine_Enable), (8 bytes).
    Removing at32f435_437_sdio.o(.text.sdio_Data_Counter_Get), (4 bytes).
    Removing at32f435_437_sdio.o(.ARM.exidx.text.sdio_Data_Counter_Get), (8 bytes).
    Removing at32f435_437_sdio.o(.text.sdio_Data_Read), (6 bytes).
    Removing at32f435_437_sdio.o(.ARM.exidx.text.sdio_Data_Read), (8 bytes).
    Removing at32f435_437_sdio.o(.text.sdio_buffer_Counter_Get), (4 bytes).
    Removing at32f435_437_sdio.o(.ARM.exidx.text.sdio_buffer_Counter_Get), (8 bytes).
    Removing at32f435_437_sdio.o(.text.sdio_Data_Write), (6 bytes).
    Removing at32f435_437_sdio.o(.ARM.exidx.text.sdio_Data_Write), (8 bytes).
    Removing at32f435_437_sdio.o(.text.sdio_Read_Wait_Mode_Set), (18 bytes).
    Removing at32f435_437_sdio.o(.ARM.exidx.text.sdio_Read_Wait_Mode_Set), (8 bytes).
    Removing at32f435_437_sdio.o(.text.sdio_Read_Wait_Start), (18 bytes).
    Removing at32f435_437_sdio.o(.ARM.exidx.text.sdio_Read_Wait_Start), (8 bytes).
    Removing at32f435_437_sdio.o(.text.sdio_Read_Wait_stop), (18 bytes).
    Removing at32f435_437_sdio.o(.ARM.exidx.text.sdio_Read_Wait_stop), (8 bytes).
    Removing at32f435_437_sdio.o(.text.sdio_io_function_Enable), (18 bytes).
    Removing at32f435_437_sdio.o(.ARM.exidx.text.sdio_io_function_Enable), (8 bytes).
    Removing at32f435_437_sdio.o(.text.sdio_io_suspend_command_Set), (18 bytes).
    Removing at32f435_437_sdio.o(.ARM.exidx.text.sdio_io_suspend_command_Set), (8 bytes).
    Removing at32f435_437_spi.o(.text), (0 bytes).
    Removing at32f435_437_spi.o(.text.spi_i2s_Reset), (108 bytes).
    Removing at32f435_437_spi.o(.ARM.exidx.text.spi_i2s_Reset), (8 bytes).
    Removing at32f435_437_spi.o(.text.spi_Default_Para_Init), (14 bytes).
    Removing at32f435_437_spi.o(.ARM.exidx.text.spi_Default_Para_Init), (8 bytes).
    Removing at32f435_437_spi.o(.text.spi_Init), (292 bytes).
    Removing at32f435_437_spi.o(.ARM.exidx.text.spi_Init), (8 bytes).
    Removing at32f435_437_spi.o(.text.spi_ti_Mode_Enable), (18 bytes).
    Removing at32f435_437_spi.o(.ARM.exidx.text.spi_ti_Mode_Enable), (8 bytes).
    Removing at32f435_437_spi.o(.text.spi_CRC_next_transmit), (10 bytes).
    Removing at32f435_437_spi.o(.ARM.exidx.text.spi_CRC_next_transmit), (8 bytes).
    Removing at32f435_437_spi.o(.text.spi_CRC_polynomial_Set), (14 bytes).
    Removing at32f435_437_spi.o(.ARM.exidx.text.spi_CRC_polynomial_Set), (8 bytes).
    Removing at32f435_437_spi.o(.text.spi_CRC_polynomial_Get), (6 bytes).
    Removing at32f435_437_spi.o(.ARM.exidx.text.spi_CRC_polynomial_Get), (8 bytes).
    Removing at32f435_437_spi.o(.text.spi_CRC_Enable), (18 bytes).
    Removing at32f435_437_spi.o(.ARM.exidx.text.spi_CRC_Enable), (8 bytes).
    Removing at32f435_437_spi.o(.text.spi_CRC_Value_Get), (14 bytes).
    Removing at32f435_437_spi.o(.ARM.exidx.text.spi_CRC_Value_Get), (8 bytes).
    Removing at32f435_437_spi.o(.text.spi_hardware_cs_OutPut_Enable), (18 bytes).
    Removing at32f435_437_spi.o(.ARM.exidx.text.spi_hardware_cs_OutPut_Enable), (8 bytes).
    Removing at32f435_437_spi.o(.text.spi_Software_cs_Internal_level_Set), (18 bytes).
    Removing at32f435_437_spi.o(.ARM.exidx.text.spi_Software_cs_Internal_level_Set), (8 bytes).
    Removing at32f435_437_spi.o(.text.spi_frame_Bit_Num_Set), (18 bytes).
    Removing at32f435_437_spi.o(.ARM.exidx.text.spi_frame_Bit_Num_Set), (8 bytes).
    Removing at32f435_437_spi.o(.text.spi_half_duplex_direction_Set), (18 bytes).
    Removing at32f435_437_spi.o(.ARM.exidx.text.spi_half_duplex_direction_Set), (8 bytes).
    Removing at32f435_437_spi.o(.text.spi_Enable), (18 bytes).
    Removing at32f435_437_spi.o(.ARM.exidx.text.spi_Enable), (8 bytes).
    Removing at32f435_437_spi.o(.text.i2s_Default_Para_Init), (16 bytes).
    Removing at32f435_437_spi.o(.ARM.exidx.text.i2s_Default_Para_Init), (8 bytes).
    Removing at32f435_437_spi.o(.text.i2s_Init), (392 bytes).
    Removing at32f435_437_spi.o(.ARM.exidx.text.i2s_Init), (8 bytes).
    Removing at32f435_437_spi.o(.text.i2s_Enable), (18 bytes).
    Removing at32f435_437_spi.o(.ARM.exidx.text.i2s_Enable), (8 bytes).
    Removing at32f435_437_spi.o(.text.spi_i2s_Interrupt_Enable), (16 bytes).
    Removing at32f435_437_spi.o(.ARM.exidx.text.spi_i2s_Interrupt_Enable), (8 bytes).
    Removing at32f435_437_spi.o(.text.spi_i2s_DMA_transmitter_Enable), (18 bytes).
    Removing at32f435_437_spi.o(.ARM.exidx.text.spi_i2s_DMA_transmitter_Enable), (8 bytes).
    Removing at32f435_437_spi.o(.text.spi_i2s_DMA_Receiver_Enable), (10 bytes).
    Removing at32f435_437_spi.o(.ARM.exidx.text.spi_i2s_DMA_Receiver_Enable), (8 bytes).
    Removing at32f435_437_spi.o(.text.spi_i2s_Data_transmit), (4 bytes).
    Removing at32f435_437_spi.o(.ARM.exidx.text.spi_i2s_Data_transmit), (8 bytes).
    Removing at32f435_437_spi.o(.text.spi_i2s_Data_receive), (6 bytes).
    Removing at32f435_437_spi.o(.ARM.exidx.text.spi_i2s_Data_receive), (8 bytes).
    Removing at32f435_437_spi.o(.text.spi_i2s_Flag_Get), (10 bytes).
    Removing at32f435_437_spi.o(.ARM.exidx.text.spi_i2s_Flag_Get), (8 bytes).
    Removing at32f435_437_spi.o(.text.spi_i2s_Flag_Clear), (92 bytes).
    Removing at32f435_437_spi.o(.ARM.exidx.text.spi_i2s_Flag_Clear), (8 bytes).
    Removing at32f435_437_tmr.o(.text), (0 bytes).
    Removing at32f435_437_tmr.o(.text.tmr_Reset), (408 bytes).
    Removing at32f435_437_tmr.o(.ARM.exidx.text.tmr_Reset), (8 bytes).
    Removing at32f435_437_tmr.o(.text.tmr_Counter_Enable), (10 bytes).
    Removing at32f435_437_tmr.o(.ARM.exidx.text.tmr_Counter_Enable), (8 bytes).
    Removing at32f435_437_tmr.o(.text.tmr_OutPut_Default_Para_Init), (10 bytes).
    Removing at32f435_437_tmr.o(.ARM.exidx.text.tmr_OutPut_Default_Para_Init), (8 bytes).
    Removing at32f435_437_tmr.o(.text.tmr_Input_Default_Para_Init), (8 bytes).
    Removing at32f435_437_tmr.o(.ARM.exidx.text.tmr_Input_Default_Para_Init), (8 bytes).
    Removing at32f435_437_tmr.o(.text.tmr_brkdt_Default_Para_Init), (10 bytes).
    Removing at32f435_437_tmr.o(.ARM.exidx.text.tmr_brkdt_Default_Para_Init), (8 bytes).
    Removing at32f435_437_tmr.o(.text.tmr_base_Init), (14 bytes).
    Removing at32f435_437_tmr.o(.ARM.exidx.text.tmr_base_Init), (8 bytes).
    Removing at32f435_437_tmr.o(.text.tmr_Clock_Source_div_Set), (18 bytes).
    Removing at32f435_437_tmr.o(.ARM.exidx.text.tmr_Clock_Source_div_Set), (8 bytes).
    Removing at32f435_437_tmr.o(.text.tmr_cnt_dir_Set), (18 bytes).
    Removing at32f435_437_tmr.o(.ARM.exidx.text.tmr_cnt_dir_Set), (8 bytes).
    Removing at32f435_437_tmr.o(.text.tmr_repetition_Counter_Set), (14 bytes).
    Removing at32f435_437_tmr.o(.ARM.exidx.text.tmr_repetition_Counter_Set), (8 bytes).
    Removing at32f435_437_tmr.o(.text.tmr_Counter_Value_Set), (4 bytes).
    Removing at32f435_437_tmr.o(.ARM.exidx.text.tmr_Counter_Value_Set), (8 bytes).
    Removing at32f435_437_tmr.o(.text.tmr_Counter_Value_Get), (4 bytes).
    Removing at32f435_437_tmr.o(.ARM.exidx.text.tmr_Counter_Value_Get), (8 bytes).
    Removing at32f435_437_tmr.o(.text.tmr_div_Value_Set), (4 bytes).
    Removing at32f435_437_tmr.o(.ARM.exidx.text.tmr_div_Value_Set), (8 bytes).
    Removing at32f435_437_tmr.o(.text.tmr_div_Value_Get), (4 bytes).
    Removing at32f435_437_tmr.o(.ARM.exidx.text.tmr_div_Value_Get), (8 bytes).
    Removing at32f435_437_tmr.o(.text.tmr_OutPut_Channel_Config), (264 bytes).
    Removing at32f435_437_tmr.o(.ARM.exidx.text.tmr_OutPut_Channel_Config), (8 bytes).
    Removing at32f435_437_tmr.o(.text.tmr_OutPut_Channel_Mode_Select), (72 bytes).
    Removing at32f435_437_tmr.o(.ARM.exidx.text.tmr_OutPut_Channel_Mode_Select), (8 bytes).
    Removing at32f435_437_tmr.o(.text.tmr_period_Value_Set), (4 bytes).
    Removing at32f435_437_tmr.o(.ARM.exidx.text.tmr_period_Value_Set), (8 bytes).
    Removing at32f435_437_tmr.o(.text.tmr_period_Value_Get), (4 bytes).
    Removing at32f435_437_tmr.o(.ARM.exidx.text.tmr_period_Value_Get), (8 bytes).
    Removing at32f435_437_tmr.o(.text.tmr_Channel_Value_Set), (38 bytes).
    Removing at32f435_437_tmr.o(.ARM.exidx.text.tmr_Channel_Value_Set), (8 bytes).
    Removing at32f435_437_tmr.o(.text.tmr_Channel_Value_Get), (44 bytes).
    Removing at32f435_437_tmr.o(.ARM.exidx.text.tmr_Channel_Value_Get), (8 bytes).
    Removing at32f435_437_tmr.o(.text.tmr_period_buffer_Enable), (18 bytes).
    Removing at32f435_437_tmr.o(.ARM.exidx.text.tmr_period_buffer_Enable), (8 bytes).
    Removing at32f435_437_tmr.o(.text.tmr_OutPut_Channel_buffer_Enable), (72 bytes).
    Removing at32f435_437_tmr.o(.ARM.exidx.text.tmr_OutPut_Channel_buffer_Enable), (8 bytes).
    Removing at32f435_437_tmr.o(.text.tmr_OutPut_Channel_immediately_Set), (72 bytes).
    Removing at32f435_437_tmr.o(.ARM.exidx.text.tmr_OutPut_Channel_immediately_Set), (8 bytes).
    Removing at32f435_437_tmr.o(.text.tmr_OutPut_Channel_switch_Set), (70 bytes).
    Removing at32f435_437_tmr.o(.ARM.exidx.text.tmr_OutPut_Channel_switch_Set), (8 bytes).
    Removing at32f435_437_tmr.o(.text.tmr_One_cycle_Mode_Enable), (18 bytes).
    Removing at32f435_437_tmr.o(.ARM.exidx.text.tmr_One_cycle_Mode_Enable), (8 bytes).
    Removing at32f435_437_tmr.o(.text.tmr_32_Bit_function_Enable), (38 bytes).
    Removing at32f435_437_tmr.o(.ARM.exidx.text.tmr_32_Bit_function_Enable), (8 bytes).
    Removing at32f435_437_tmr.o(.text.tmr_OverFlow_Request_Source_Set), (18 bytes).
    Removing at32f435_437_tmr.o(.ARM.exidx.text.tmr_OverFlow_Request_Source_Set), (8 bytes).
    Removing at32f435_437_tmr.o(.text.tmr_OverFlow_Event_Disable), (18 bytes).
    Removing at32f435_437_tmr.o(.ARM.exidx.text.tmr_OverFlow_Event_Disable), (8 bytes).
    Removing at32f435_437_tmr.o(.text.tmr_Input_Channel_Init), (436 bytes).
    Removing at32f435_437_tmr.o(.ARM.exidx.text.tmr_Input_Channel_Init), (8 bytes).
    Removing at32f435_437_tmr.o(.text.tmr_Channel_Enable), (132 bytes).
    Removing at32f435_437_tmr.o(.ARM.exidx.text.tmr_Channel_Enable), (8 bytes).
    Removing at32f435_437_tmr.o(.text.tmr_Input_Channel_Filter_Set), (62 bytes).
    Removing at32f435_437_tmr.o(.ARM.exidx.text.tmr_Input_Channel_Filter_Set), (8 bytes).
    Removing at32f435_437_tmr.o(.text.tmr_pwm_Input_Config), (278 bytes).
    Removing at32f435_437_tmr.o(.ARM.exidx.text.tmr_pwm_Input_Config), (8 bytes).
    Removing at32f435_437_tmr.o(.text.tmr_channel1_Input_Select), (18 bytes).
    Removing at32f435_437_tmr.o(.ARM.exidx.text.tmr_channel1_Input_Select), (8 bytes).
    Removing at32f435_437_tmr.o(.text.tmr_Input_Channel_Divider_Set), (66 bytes).
    Removing at32f435_437_tmr.o(.ARM.exidx.text.tmr_Input_Channel_Divider_Set), (8 bytes).
    Removing at32f435_437_tmr.o(.text.tmr_primary_Mode_Select), (18 bytes).
    Removing at32f435_437_tmr.o(.ARM.exidx.text.tmr_primary_Mode_Select), (8 bytes).
    Removing at32f435_437_tmr.o(.text.tmr_Sub_Mode_Select), (10 bytes).
    Removing at32f435_437_tmr.o(.ARM.exidx.text.tmr_Sub_Mode_Select), (8 bytes).
    Removing at32f435_437_tmr.o(.text.tmr_Channel_DMA_Select), (18 bytes).
    Removing at32f435_437_tmr.o(.ARM.exidx.text.tmr_Channel_DMA_Select), (8 bytes).
    Removing at32f435_437_tmr.o(.text.tmr_hall_Select), (18 bytes).
    Removing at32f435_437_tmr.o(.ARM.exidx.text.tmr_hall_Select), (8 bytes).
    Removing at32f435_437_tmr.o(.text.tmr_Channel_buffer_Enable), (10 bytes).
    Removing at32f435_437_tmr.o(.ARM.exidx.text.tmr_Channel_buffer_Enable), (8 bytes).
    Removing at32f435_437_tmr.o(.text.tmr_trgout2_Enable), (14 bytes).
    Removing at32f435_437_tmr.o(.ARM.exidx.text.tmr_trgout2_Enable), (8 bytes).
    Removing at32f435_437_tmr.o(.text.tmr_Trigger_Input_Select), (18 bytes).
    Removing at32f435_437_tmr.o(.ARM.exidx.text.tmr_Trigger_Input_Select), (8 bytes).
    Removing at32f435_437_tmr.o(.text.tmr_Sub_Sync_Mode_Set), (18 bytes).
    Removing at32f435_437_tmr.o(.ARM.exidx.text.tmr_Sub_Sync_Mode_Set), (8 bytes).
    Removing at32f435_437_tmr.o(.text.tmr_DMA_Request_Enable), (26 bytes).
    Removing at32f435_437_tmr.o(.ARM.exidx.text.tmr_DMA_Request_Enable), (8 bytes).
    Removing at32f435_437_tmr.o(.text.tmr_Interrupt_Enable), (26 bytes).
    Removing at32f435_437_tmr.o(.ARM.exidx.text.tmr_Interrupt_Enable), (8 bytes).
    Removing at32f435_437_tmr.o(.text.tmr_Flag_Get), (10 bytes).
    Removing at32f435_437_tmr.o(.ARM.exidx.text.tmr_Flag_Get), (8 bytes).
    Removing at32f435_437_tmr.o(.text.tmr_Flag_Clear), (6 bytes).
    Removing at32f435_437_tmr.o(.ARM.exidx.text.tmr_Flag_Clear), (8 bytes).
    Removing at32f435_437_tmr.o(.text.tmr_Event_sw_trigger), (8 bytes).
    Removing at32f435_437_tmr.o(.ARM.exidx.text.tmr_Event_sw_trigger), (8 bytes).
    Removing at32f435_437_tmr.o(.text.tmr_OutPut_Enable), (18 bytes).
    Removing at32f435_437_tmr.o(.ARM.exidx.text.tmr_OutPut_Enable), (8 bytes).
    Removing at32f435_437_tmr.o(.text.tmr_Internal_Clock_Set), (10 bytes).
    Removing at32f435_437_tmr.o(.ARM.exidx.text.tmr_Internal_Clock_Set), (8 bytes).
    Removing at32f435_437_tmr.o(.text.tmr_OutPut_Channel_polarity_Set), (132 bytes).
    Removing at32f435_437_tmr.o(.ARM.exidx.text.tmr_OutPut_Channel_polarity_Set), (8 bytes).
    Removing at32f435_437_tmr.o(.text.tmr_external_Clock_Config), (54 bytes).
    Removing at32f435_437_tmr.o(.ARM.exidx.text.tmr_external_Clock_Config), (8 bytes).
    Removing at32f435_437_tmr.o(.text.tmr_external_Clock_Mode1_Config), (26 bytes).
    Removing at32f435_437_tmr.o(.ARM.exidx.text.tmr_external_Clock_Mode1_Config), (8 bytes).
    Removing at32f435_437_tmr.o(.text.tmr_external_Clock_Mode2_Config), (18 bytes).
    Removing at32f435_437_tmr.o(.ARM.exidx.text.tmr_external_Clock_Mode2_Config), (8 bytes).
    Removing at32f435_437_tmr.o(.text.tmr_encoder_Mode_Config), (72 bytes).
    Removing at32f435_437_tmr.o(.ARM.exidx.text.tmr_encoder_Mode_Config), (8 bytes).
    Removing at32f435_437_tmr.o(.text.tmr_force_OutPut_Set), (72 bytes).
    Removing at32f435_437_tmr.o(.ARM.exidx.text.tmr_force_OutPut_Set), (8 bytes).
    Removing at32f435_437_tmr.o(.text.tmr_DMA_Control_Config), (26 bytes).
    Removing at32f435_437_tmr.o(.ARM.exidx.text.tmr_DMA_Control_Config), (8 bytes).
    Removing at32f435_437_tmr.o(.text.tmr_brkdt_Config), (122 bytes).
    Removing at32f435_437_tmr.o(.ARM.exidx.text.tmr_brkdt_Config), (8 bytes).
    Removing at32f435_437_tmr.o(.text.tmr_iremap_Config), (68 bytes).
    Removing at32f435_437_tmr.o(.ARM.exidx.text.tmr_iremap_Config), (8 bytes).
    Removing at32f435_437_usart.o(.text), (0 bytes).
    Removing at32f435_437_usart.o(.text.usart_Reset), (224 bytes).
    Removing at32f435_437_usart.o(.ARM.exidx.text.usart_Reset), (8 bytes).
    Removing at32f435_437_usart.o(.text.usart_Init), (180 bytes).
    Removing at32f435_437_usart.o(.ARM.exidx.text.usart_Init), (8 bytes).
    Removing at32f435_437_usart.o(.text.usart_parity_Selection_Config), (58 bytes).
    Removing at32f435_437_usart.o(.ARM.exidx.text.usart_parity_Selection_Config), (8 bytes).
    Removing at32f435_437_usart.o(.text.usart_Enable), (18 bytes).
    Removing at32f435_437_usart.o(.ARM.exidx.text.usart_Enable), (8 bytes).
    Removing at32f435_437_usart.o(.text.usart_transmitter_Enable), (18 bytes).
    Removing at32f435_437_usart.o(.ARM.exidx.text.usart_transmitter_Enable), (8 bytes).
    Removing at32f435_437_usart.o(.text.usart_Receiver_Enable), (18 bytes).
    Removing at32f435_437_usart.o(.ARM.exidx.text.usart_Receiver_Enable), (8 bytes).
    Removing at32f435_437_usart.o(.text.usart_Clock_Config), (54 bytes).
    Removing at32f435_437_usart.o(.ARM.exidx.text.usart_Clock_Config), (8 bytes).
    Removing at32f435_437_usart.o(.text.usart_Clock_Enable), (18 bytes).
    Removing at32f435_437_usart.o(.ARM.exidx.text.usart_Clock_Enable), (8 bytes).
    Removing at32f435_437_usart.o(.text.usart_Interrupt_Enable), (32 bytes).
    Removing at32f435_437_usart.o(.ARM.exidx.text.usart_Interrupt_Enable), (8 bytes).
    Removing at32f435_437_usart.o(.text.usart_DMA_transmitter_Enable), (18 bytes).
    Removing at32f435_437_usart.o(.ARM.exidx.text.usart_DMA_transmitter_Enable), (8 bytes).
    Removing at32f435_437_usart.o(.text.usart_DMA_Receiver_Enable), (18 bytes).
    Removing at32f435_437_usart.o(.ARM.exidx.text.usart_DMA_Receiver_Enable), (8 bytes).
    Removing at32f435_437_usart.o(.text.usart_WakeUp_ID_Set), (46 bytes).
    Removing at32f435_437_usart.o(.ARM.exidx.text.usart_WakeUp_ID_Set), (8 bytes).
    Removing at32f435_437_usart.o(.text.usart_WakeUp_Mode_Set), (18 bytes).
    Removing at32f435_437_usart.o(.ARM.exidx.text.usart_WakeUp_Mode_Set), (8 bytes).
    Removing at32f435_437_usart.o(.text.usart_Receiver_mute_Enable), (18 bytes).
    Removing at32f435_437_usart.o(.ARM.exidx.text.usart_Receiver_mute_Enable), (8 bytes).
    Removing at32f435_437_usart.o(.text.usart_break_Bit_Num_Set), (18 bytes).
    Removing at32f435_437_usart.o(.ARM.exidx.text.usart_break_Bit_Num_Set), (8 bytes).
    Removing at32f435_437_usart.o(.text.usart_lin_Mode_Enable), (18 bytes).
    Removing at32f435_437_usart.o(.ARM.exidx.text.usart_lin_Mode_Enable), (8 bytes).
    Removing at32f435_437_usart.o(.text.usart_Data_transmit), (8 bytes).
    Removing at32f435_437_usart.o(.ARM.exidx.text.usart_Data_transmit), (8 bytes).
    Removing at32f435_437_usart.o(.text.usart_Data_receive), (6 bytes).
    Removing at32f435_437_usart.o(.ARM.exidx.text.usart_Data_receive), (8 bytes).
    Removing at32f435_437_usart.o(.text.usart_break_send), (10 bytes).
    Removing at32f435_437_usart.o(.ARM.exidx.text.usart_break_send), (8 bytes).
    Removing at32f435_437_usart.o(.text.usart_smartcard_guard_Time_Set), (14 bytes).
    Removing at32f435_437_usart.o(.ARM.exidx.text.usart_smartcard_guard_Time_Set), (8 bytes).
    Removing at32f435_437_usart.o(.text.usart_irda_smartcard_Division_Set), (12 bytes).
    Removing at32f435_437_usart.o(.ARM.exidx.text.usart_irda_smartcard_Division_Set), (8 bytes).
    Removing at32f435_437_usart.o(.text.usart_smartcard_Mode_Enable), (18 bytes).
    Removing at32f435_437_usart.o(.ARM.exidx.text.usart_smartcard_Mode_Enable), (8 bytes).
    Removing at32f435_437_usart.o(.text.usart_smartcard_nack_Set), (18 bytes).
    Removing at32f435_437_usart.o(.ARM.exidx.text.usart_smartcard_nack_Set), (8 bytes).
    Removing at32f435_437_usart.o(.text.usart_single_line_halfduplex_Select), (18 bytes).
    Removing at32f435_437_usart.o(.ARM.exidx.text.usart_single_line_halfduplex_Select), (8 bytes).
    Removing at32f435_437_usart.o(.text.usart_irda_Mode_Enable), (18 bytes).
    Removing at32f435_437_usart.o(.ARM.exidx.text.usart_irda_Mode_Enable), (8 bytes).
    Removing at32f435_437_usart.o(.text.usart_irda_low_Power_Enable), (18 bytes).
    Removing at32f435_437_usart.o(.ARM.exidx.text.usart_irda_low_Power_Enable), (8 bytes).
    Removing at32f435_437_usart.o(.text.usart_hardware_flow_Control_Set), (66 bytes).
    Removing at32f435_437_usart.o(.ARM.exidx.text.usart_hardware_flow_Control_Set), (8 bytes).
    Removing at32f435_437_usart.o(.text.usart_Flag_Get), (10 bytes).
    Removing at32f435_437_usart.o(.ARM.exidx.text.usart_Flag_Get), (8 bytes).
    Removing at32f435_437_usart.o(.text.usart_Flag_Clear), (16 bytes).
    Removing at32f435_437_usart.o(.ARM.exidx.text.usart_Flag_Clear), (8 bytes).
    Removing at32f435_437_usart.o(.text.usart_rs485_delay_Time_Config), (34 bytes).
    Removing at32f435_437_usart.o(.ARM.exidx.text.usart_rs485_delay_Time_Config), (8 bytes).
    Removing at32f435_437_usart.o(.text.usart_Transmit_receive_Pin_swap), (18 bytes).
    Removing at32f435_437_usart.o(.ARM.exidx.text.usart_Transmit_receive_Pin_swap), (8 bytes).
    Removing at32f435_437_usart.o(.text.usart_ID_Bit_Num_Set), (18 bytes).
    Removing at32f435_437_usart.o(.ARM.exidx.text.usart_ID_Bit_Num_Set), (8 bytes).
    Removing at32f435_437_usart.o(.text.usart_de_polarity_Set), (18 bytes).
    Removing at32f435_437_usart.o(.ARM.exidx.text.usart_de_polarity_Set), (8 bytes).
    Removing at32f435_437_usart.o(.text.usart_rs485_Mode_Enable), (18 bytes).
    Removing at32f435_437_usart.o(.ARM.exidx.text.usart_rs485_Mode_Enable), (8 bytes).
    Removing at32f435_437_usb.o(.text), (0 bytes).
    Removing at32f435_437_usb.o(.text.USB_Global_Reset), (60 bytes).
    Removing at32f435_437_usb.o(.ARM.exidx.text.USB_Global_Reset), (8 bytes).
    Removing at32f435_437_usb.o(.text.USB_Global_Init), (18 bytes).
    Removing at32f435_437_usb.o(.ARM.exidx.text.USB_Global_Init), (8 bytes).
    Removing at32f435_437_usb.o(.text.USB_Global_Select_core), (18 bytes).
    Removing at32f435_437_usb.o(.ARM.exidx.text.USB_Global_Select_core), (8 bytes).
    Removing at32f435_437_usb.o(.text.USB_flush_TX_FIFO), (48 bytes).
    Removing at32f435_437_usb.o(.ARM.exidx.text.USB_flush_TX_FIFO), (8 bytes).
    Removing at32f435_437_usb.o(.text.USB_flush_RX_FIFO), (40 bytes).
    Removing at32f435_437_usb.o(.ARM.exidx.text.USB_flush_RX_FIFO), (8 bytes).
    Removing at32f435_437_usb.o(.text.USB_Global_Interrupt_Enable), (16 bytes).
    Removing at32f435_437_usb.o(.ARM.exidx.text.USB_Global_Interrupt_Enable), (8 bytes).
    Removing at32f435_437_usb.o(.text.USB_Global_Get_All_interrupt), (8 bytes).
    Removing at32f435_437_usb.o(.ARM.exidx.text.USB_Global_Get_All_interrupt), (8 bytes).
    Removing at32f435_437_usb.o(.text.USB_Global_Clear_interrupt), (4 bytes).
    Removing at32f435_437_usb.o(.ARM.exidx.text.USB_Global_Clear_interrupt), (8 bytes).
    Removing at32f435_437_usb.o(.text.USB_Interrupt_Enable), (10 bytes).
    Removing at32f435_437_usb.o(.ARM.exidx.text.USB_Interrupt_Enable), (8 bytes).
    Removing at32f435_437_usb.o(.text.USB_Interrupt_Disable), (10 bytes).
    Removing at32f435_437_usb.o(.ARM.exidx.text.USB_Interrupt_Disable), (8 bytes).
    Removing at32f435_437_usb.o(.text.USB_Set_RX_FIFO), (4 bytes).
    Removing at32f435_437_usb.o(.ARM.exidx.text.USB_Set_RX_FIFO), (8 bytes).
    Removing at32f435_437_usb.o(.text.USB_Set_TX_FIFO), (66 bytes).
    Removing at32f435_437_usb.o(.ARM.exidx.text.USB_Set_TX_FIFO), (8 bytes).
    Removing at32f435_437_usb.o(.text.USB_Global_Set_Mode), (68 bytes).
    Removing at32f435_437_usb.o(.ARM.exidx.text.USB_Global_Set_Mode), (8 bytes).
    Removing at32f435_437_usb.o(.text.USB_Global_Power_on), (24 bytes).
    Removing at32f435_437_usb.o(.ARM.exidx.text.USB_Global_Power_on), (8 bytes).
    Removing at32f435_437_usb.o(.text.USB_Stop_PHY_clk), (14 bytes).
    Removing at32f435_437_usb.o(.ARM.exidx.text.USB_Stop_PHY_clk), (8 bytes).
    Removing at32f435_437_usb.o(.text.USB_open_PHY_clk), (14 bytes).
    Removing at32f435_437_usb.o(.ARM.exidx.text.USB_open_PHY_clk), (8 bytes).
    Removing at32f435_437_usb.o(.text.USB_Write_Packet), (42 bytes).
    Removing at32f435_437_usb.o(.ARM.exidx.text.USB_Write_Packet), (8 bytes).
    Removing at32f435_437_usb.o(.text.USB_Read_Packet), (34 bytes).
    Removing at32f435_437_usb.o(.ARM.exidx.text.USB_Read_Packet), (8 bytes).
    Removing at32f435_437_usb.o(.text.USB_EPT_open), (284 bytes).
    Removing at32f435_437_usb.o(.ARM.exidx.text.USB_EPT_open), (8 bytes).
    Removing at32f435_437_usb.o(.text.USB_EPT_close), (70 bytes).
    Removing at32f435_437_usb.o(.ARM.exidx.text.USB_EPT_close), (8 bytes).
    Removing at32f435_437_usb.o(.text.USB_EPT_stall), (64 bytes).
    Removing at32f435_437_usb.o(.ARM.exidx.text.USB_EPT_stall), (8 bytes).
    Removing at32f435_437_usb.o(.text.USB_EPT_Clear_stall), (86 bytes).
    Removing at32f435_437_usb.o(.ARM.exidx.text.USB_EPT_Clear_stall), (8 bytes).
    Removing at32f435_437_usb.o(.text.USB_Get_All_out_interrupt), (14 bytes).
    Removing at32f435_437_usb.o(.ARM.exidx.text.USB_Get_All_out_interrupt), (8 bytes).
    Removing at32f435_437_usb.o(.text.USB_Get_All_in_interrupt), (14 bytes).
    Removing at32f435_437_usb.o(.ARM.exidx.text.USB_Get_All_in_interrupt), (8 bytes).
    Removing at32f435_437_usb.o(.text.USB_EPT_out_interrupt), (16 bytes).
    Removing at32f435_437_usb.o(.ARM.exidx.text.USB_EPT_out_interrupt), (8 bytes).
    Removing at32f435_437_usb.o(.text.USB_EPT_in_interrupt), (30 bytes).
    Removing at32f435_437_usb.o(.ARM.exidx.text.USB_EPT_in_interrupt), (8 bytes).
    Removing at32f435_437_usb.o(.text.USB_EPT_out_Clear), (10 bytes).
    Removing at32f435_437_usb.o(.ARM.exidx.text.USB_EPT_out_Clear), (8 bytes).
    Removing at32f435_437_usb.o(.text.USB_EPT_in_Clear), (10 bytes).
    Removing at32f435_437_usb.o(.ARM.exidx.text.USB_EPT_in_Clear), (8 bytes).
    Removing at32f435_437_usb.o(.text.USB_Set_Address), (22 bytes).
    Removing at32f435_437_usb.o(.ARM.exidx.text.USB_Set_Address), (8 bytes).
    Removing at32f435_437_usb.o(.text.USB_ept0_Start), (48 bytes).
    Removing at32f435_437_usb.o(.ARM.exidx.text.USB_ept0_Start), (8 bytes).
    Removing at32f435_437_usb.o(.text.USB_ept0_Setup), (28 bytes).
    Removing at32f435_437_usb.o(.ARM.exidx.text.USB_ept0_Setup), (8 bytes).
    Removing at32f435_437_usb.o(.text.USB_Connect), (14 bytes).
    Removing at32f435_437_usb.o(.ARM.exidx.text.USB_Connect), (8 bytes).
    Removing at32f435_437_usb.o(.text.USB_Disconnect), (14 bytes).
    Removing at32f435_437_usb.o(.ARM.exidx.text.USB_Disconnect), (8 bytes).
    Removing at32f435_437_usb.o(.text.USB_Remote_wkup_Set), (14 bytes).
    Removing at32f435_437_usb.o(.ARM.exidx.text.USB_Remote_wkup_Set), (8 bytes).
    Removing at32f435_437_usb.o(.text.USB_Remote_wkup_Clear), (14 bytes).
    Removing at32f435_437_usb.o(.ARM.exidx.text.USB_Remote_wkup_Clear), (8 bytes).
    Removing at32f435_437_usb.o(.text.USB_suspend_Status_Get), (10 bytes).
    Removing at32f435_437_usb.o(.ARM.exidx.text.USB_suspend_Status_Get), (8 bytes).
    Removing at32f435_437_usb.o(.text.USB_Port_Power_on), (24 bytes).
    Removing at32f435_437_usb.o(.ARM.exidx.text.USB_Port_Power_on), (8 bytes).
    Removing at32f435_437_usb.o(.text.usbh_Get_frame), (8 bytes).
    Removing at32f435_437_usb.o(.ARM.exidx.text.usbh_Get_frame), (8 bytes).
    Removing at32f435_437_usb.o(.text.USB_hc_Enable), (224 bytes).
    Removing at32f435_437_usb.o(.ARM.exidx.text.USB_hc_Enable), (8 bytes).
    Removing at32f435_437_usb.o(.text.USB_hch_Read_interrupt), (8 bytes).
    Removing at32f435_437_usb.o(.ARM.exidx.text.USB_hch_Read_interrupt), (8 bytes).
    Removing at32f435_437_usb.o(.text.USB_host_Disable), (170 bytes).
    Removing at32f435_437_usb.o(.ARM.exidx.text.USB_host_Disable), (8 bytes).
    Removing at32f435_437_usb.o(.text.USB_hch_halt), (146 bytes).
    Removing at32f435_437_usb.o(.ARM.exidx.text.USB_hch_halt), (8 bytes).
    Removing at32f435_437_usb.o(.text.usbh_fsls_clksel), (30 bytes).
    Removing at32f435_437_usb.o(.ARM.exidx.text.usbh_fsls_clksel), (8 bytes).
    Removing at32f435_437_wdt.o(.text), (0 bytes).
    Removing at32f435_437_wdt.o(.text.WDT_Enable), (16 bytes).
    Removing at32f435_437_wdt.o(.ARM.exidx.text.WDT_Enable), (8 bytes).
    Removing at32f435_437_wdt.o(.text.WDT_Counter_reload), (16 bytes).
    Removing at32f435_437_wdt.o(.ARM.exidx.text.WDT_Counter_reload), (8 bytes).
    Removing at32f435_437_wdt.o(.text.WDT_Reload_Value_Set), (12 bytes).
    Removing at32f435_437_wdt.o(.ARM.exidx.text.WDT_Reload_Value_Set), (8 bytes).
    Removing at32f435_437_wdt.o(.text.WDT_Divider_Set), (18 bytes).
    Removing at32f435_437_wdt.o(.ARM.exidx.text.WDT_Divider_Set), (8 bytes).
    Removing at32f435_437_wdt.o(.text.WDT_Register_Write_Enable), (20 bytes).
    Removing at32f435_437_wdt.o(.ARM.exidx.text.WDT_Register_Write_Enable), (8 bytes).
    Removing at32f435_437_wdt.o(.text.WDT_Flag_Get), (18 bytes).
    Removing at32f435_437_wdt.o(.ARM.exidx.text.WDT_Flag_Get), (8 bytes).
    Removing at32f435_437_wdt.o(.text.WDT_Window_Counter_Set), (18 bytes).
    Removing at32f435_437_wdt.o(.ARM.exidx.text.WDT_Window_Counter_Set), (8 bytes).
    Removing at32f435_437_wwdt.o(.text), (0 bytes).
    Removing at32f435_437_wwdt.o(.text.wWDT_Reset), (26 bytes).
    Removing at32f435_437_wwdt.o(.ARM.exidx.text.wWDT_Reset), (8 bytes).
    Removing at32f435_437_wwdt.o(.text.wWDT_Divider_Set), (26 bytes).
    Removing at32f435_437_wwdt.o(.ARM.exidx.text.wWDT_Divider_Set), (8 bytes).
    Removing at32f435_437_wwdt.o(.text.wWDT_Flag_Clear), (14 bytes).
    Removing at32f435_437_wwdt.o(.ARM.exidx.text.wWDT_Flag_Clear), (8 bytes).
    Removing at32f435_437_wwdt.o(.text.wWDT_Enable), (16 bytes).
    Removing at32f435_437_wwdt.o(.ARM.exidx.text.wWDT_Enable), (8 bytes).
    Removing at32f435_437_wwdt.o(.text.wWDT_Interrupt_Enable), (18 bytes).
    Removing at32f435_437_wwdt.o(.ARM.exidx.text.wWDT_Interrupt_Enable), (8 bytes).
    Removing at32f435_437_wwdt.o(.text.wWDT_Flag_Get), (16 bytes).
    Removing at32f435_437_wwdt.o(.ARM.exidx.text.wWDT_Flag_Get), (8 bytes).
    Removing at32f435_437_wwdt.o(.text.wWDT_Counter_Set), (18 bytes).
    Removing at32f435_437_wwdt.o(.ARM.exidx.text.wWDT_Counter_Set), (8 bytes).
    Removing at32f435_437_wwdt.o(.text.wWDT_Window_Counter_Set), (18 bytes).
    Removing at32f435_437_wwdt.o(.ARM.exidx.text.wWDT_Window_Counter_Set), (8 bytes).
    Removing at32f435_437_xmc.o(.text), (0 bytes).
    Removing at32f435_437_xmc.o(.text.XMC_NOR_SRAM_Reset), (50 bytes).
    Removing at32f435_437_xmc.o(.ARM.exidx.text.XMC_NOR_SRAM_Reset), (8 bytes).
    Removing at32f435_437_xmc.o(.text.XMC_NOR_SRAM_Init), (84 bytes).
    Removing at32f435_437_xmc.o(.ARM.exidx.text.XMC_NOR_SRAM_Init), (8 bytes).
    Removing at32f435_437_xmc.o(.text.XMC_NOR_SRAM_Timing_Config), (116 bytes).
    Removing at32f435_437_xmc.o(.ARM.exidx.text.XMC_NOR_SRAM_Timing_Config), (8 bytes).
    Removing at32f435_437_xmc.o(.text.XMC_NORSRAM_Default_Para_Init), (38 bytes).
    Removing at32f435_437_xmc.o(.ARM.exidx.text.XMC_NORSRAM_Default_Para_Init), (8 bytes).
    Removing at32f435_437_xmc.o(.text.XMC_NORSRAM_Timing_Default_Para_Init), (46 bytes).
    Removing at32f435_437_xmc.o(.ARM.exidx.text.XMC_NORSRAM_Timing_Default_Para_Init), (8 bytes).
    Removing at32f435_437_xmc.o(.text.XMC_NOR_SRAM_Enable), (18 bytes).
    Removing at32f435_437_xmc.o(.ARM.exidx.text.XMC_NOR_SRAM_Enable), (8 bytes).
    Removing at32f435_437_xmc.o(.text.XMC_ext_Timing_Config), (40 bytes).
    Removing at32f435_437_xmc.o(.ARM.exidx.text.XMC_ext_Timing_Config), (8 bytes).
    Removing at32f435_437_xmc.o(.text.XMC_NAND_Reset), (56 bytes).
    Removing at32f435_437_xmc.o(.ARM.exidx.text.XMC_NAND_Reset), (8 bytes).
    Removing at32f435_437_xmc.o(.text.XMC_NAND_Init), (60 bytes).
    Removing at32f435_437_xmc.o(.ARM.exidx.text.XMC_NAND_Init), (8 bytes).
    Removing at32f435_437_xmc.o(.text.XMC_NAND_Timing_Config), (82 bytes).
    Removing at32f435_437_xmc.o(.ARM.exidx.text.XMC_NAND_Timing_Config), (8 bytes).
    Removing at32f435_437_xmc.o(.text.XMC_NAND_Default_Para_Init), (12 bytes).
    Removing at32f435_437_xmc.o(.ARM.exidx.text.XMC_NAND_Default_Para_Init), (8 bytes).
    Removing at32f435_437_xmc.o(.text.XMC_NAND_Timing_Default_Para_Init), (26 bytes).
    Removing at32f435_437_xmc.o(.ARM.exidx.text.XMC_NAND_Timing_Default_Para_Init), (8 bytes).
    Removing at32f435_437_xmc.o(.text.XMC_NAND_Enable), (48 bytes).
    Removing at32f435_437_xmc.o(.ARM.exidx.text.XMC_NAND_Enable), (8 bytes).
    Removing at32f435_437_xmc.o(.text.XMC_NAND_ecc_Enable), (48 bytes).
    Removing at32f435_437_xmc.o(.ARM.exidx.text.XMC_NAND_ecc_Enable), (8 bytes).
    Removing at32f435_437_xmc.o(.text.XMC_ecc_Get), (22 bytes).
    Removing at32f435_437_xmc.o(.ARM.exidx.text.XMC_ecc_Get), (8 bytes).
    Removing at32f435_437_xmc.o(.text.XMC_SDRAM_Reset), (36 bytes).
    Removing at32f435_437_xmc.o(.ARM.exidx.text.XMC_SDRAM_Reset), (8 bytes).
    Removing at32f435_437_xmc.o(.text.XMC_SDRAM_Init), (580 bytes).
    Removing at32f435_437_xmc.o(.ARM.exidx.text.XMC_SDRAM_Init), (8 bytes).
    Removing at32f435_437_xmc.o(.text.XMC_SDRAM_Default_Para_Init), (24 bytes).
    Removing at32f435_437_xmc.o(.ARM.exidx.text.XMC_SDRAM_Default_Para_Init), (8 bytes).
    Removing at32f435_437_xmc.o(.text.XMC_SDRAM_CMD), (30 bytes).
    Removing at32f435_437_xmc.o(.ARM.exidx.text.XMC_SDRAM_CMD), (8 bytes).
    Removing at32f435_437_xmc.o(.text.XMC_SDRAM_Status_Get), (28 bytes).
    Removing at32f435_437_xmc.o(.ARM.exidx.text.XMC_SDRAM_Status_Get), (8 bytes).
    Removing at32f435_437_xmc.o(.text.XMC_SDRAM_Refresh_Counter_Set), (18 bytes).
    Removing at32f435_437_xmc.o(.ARM.exidx.text.XMC_SDRAM_Refresh_Counter_Set), (8 bytes).
    Removing at32f435_437_xmc.o(.text.XMC_SDRAM_Auto_Refresh_Set), (18 bytes).
    Removing at32f435_437_xmc.o(.ARM.exidx.text.XMC_SDRAM_Auto_Refresh_Set), (8 bytes).
    Removing at32f435_437_xmc.o(.text.XMC_Interrupt_Enable), (124 bytes).
    Removing at32f435_437_xmc.o(.ARM.exidx.text.XMC_Interrupt_Enable), (8 bytes).
    Removing at32f435_437_xmc.o(.text.XMC_Flag_Status_Get), (34 bytes).
    Removing at32f435_437_xmc.o(.ARM.exidx.text.XMC_Flag_Status_Get), (8 bytes).
    Removing at32f435_437_xmc.o(.text.XMC_Flag_Clear), (118 bytes).
    Removing at32f435_437_xmc.o(.ARM.exidx.text.XMC_Flag_Clear), (8 bytes).
    Removing at32f435_437_xmc.o(.text.XMC_PcCard_Reset), (26 bytes).
    Removing at32f435_437_xmc.o(.ARM.exidx.text.XMC_PcCard_Reset), (8 bytes).
    Removing at32f435_437_xmc.o(.text.XMC_PcCard_Init), (28 bytes).
    Removing at32f435_437_xmc.o(.ARM.exidx.text.XMC_PcCard_Init), (8 bytes).
    Removing at32f435_437_xmc.o(.text.XMC_PcCard_Timing_Config), (82 bytes).
    Removing at32f435_437_xmc.o(.ARM.exidx.text.XMC_PcCard_Timing_Config), (8 bytes).
    Removing at32f435_437_xmc.o(.text.XMC_PcCard_Default_Para_Init), (10 bytes).
    Removing at32f435_437_xmc.o(.ARM.exidx.text.XMC_PcCard_Default_Para_Init), (8 bytes).
    Removing at32f435_437_xmc.o(.text.XMC_PcCard_Timing_Default_Para_Init), (44 bytes).
    Removing at32f435_437_xmc.o(.ARM.exidx.text.XMC_PcCard_Timing_Default_Para_Init), (8 bytes).
    Removing at32f435_437_xmc.o(.text.XMC_PcCard_Enable), (24 bytes).
    Removing at32f435_437_xmc.o(.ARM.exidx.text.XMC_PcCard_Enable), (8 bytes).
    Removing main.o(.text), (0 bytes).
    Removing main.o(.ARM.exidx.text.main), (8 bytes).
    Removing main.o(.ARM.exidx.text.SysTick_Config), (8 bytes).
    Removing main.o(.ARM.exidx.text.__NVIC_SetPriority), (8 bytes).
    Removing main.o(.ARM.use_no_argv), (4 bytes).
    Removing at32f435_437_clock.o(.text), (0 bytes).
    Removing at32f435_437_clock.o(.text.system_Clock_Config), (148 bytes).
    Removing at32f435_437_clock.o(.ARM.exidx.text.system_Clock_Config), (8 bytes).
    Removing at32f435_437_int.o(.text), (0 bytes).
    Removing at32f435_437_int.o(.ARM.exidx.text.NMI_Handler), (8 bytes).
    Removing at32f435_437_int.o(.ARM.exidx.text.HardFault_Handler), (8 bytes).
    Removing at32f435_437_int.o(.ARM.exidx.text.MemManage_Handler), (8 bytes).
    Removing at32f435_437_int.o(.ARM.exidx.text.BusFault_Handler), (8 bytes).
    Removing at32f435_437_int.o(.ARM.exidx.text.UsageFault_Handler), (8 bytes).
    Removing at32f435_437_int.o(.ARM.exidx.text.SVC_Handler), (8 bytes).
    Removing at32f435_437_int.o(.ARM.exidx.text.DebugMon_Handler), (8 bytes).
    Removing at32f435_437_int.o(.ARM.exidx.text.PendSV_Handler), (8 bytes).
    Removing at32f435_437_int.o(.ARM.exidx.text.SysTick_Handler), (8 bytes).

1662 unused section(s) (total 39170 bytes) removed from the image.

==============================================================================

Image Symbol Table

    Local Symbols

    Symbol Name                              Value     Ov Type        Size  Object(Section)

    ../Boot/startup_at32f435_437.s           0x00000000   Number         0  startup_at32f435_437.o ABSOLUTE
    ../clib/angel/boardlib.s                 0x00000000   Number         0  boardinit1.o ABSOLUTE
    ../clib/angel/boardlib.s                 0x00000000   Number         0  boardinit2.o ABSOLUTE
    ../clib/angel/boardlib.s                 0x00000000   Number         0  boardinit3.o ABSOLUTE
    ../clib/angel/boardlib.s                 0x00000000   Number         0  boardshut.o ABSOLUTE
    ../clib/angel/handlers.s                 0x00000000   Number         0  __scatter_zi.o ABSOLUTE
    ../clib/angel/kernel.s                   0x00000000   Number         0  __rtentry.o ABSOLUTE
    ../clib/angel/kernel.s                   0x00000000   Number         0  __rtentry2.o ABSOLUTE
    ../clib/angel/kernel.s                   0x00000000   Number         0  __rtentry4.o ABSOLUTE
    ../clib/angel/kernel.s                   0x00000000   Number         0  rtexit.o ABSOLUTE
    ../clib/angel/kernel.s                   0x00000000   Number         0  rtexit2.o ABSOLUTE
    ../clib/angel/rt.s                       0x00000000   Number         0  rt_raise.o ABSOLUTE
    ../clib/angel/scatter.s                  0x00000000   Number         0  __scatter.o ABSOLUTE
    ../clib/angel/startup.s                  0x00000000   Number         0  __main.o ABSOLUTE
    ../clib/angel/sys.s                      0x00000000   Number         0  sys_stackheap_outer.o ABSOLUTE
    ../clib/angel/sys.s                      0x00000000   Number         0  libspace.o ABSOLUTE
    ../clib/angel/sys.s                      0x00000000   Number         0  sys_stackheap.o ABSOLUTE
    ../clib/angel/sys.s                      0x00000000   Number         0  sys_stackheap_hlt.o ABSOLUTE
    ../clib/angel/sys.s                      0x00000000   Number         0  use_no_semi.o ABSOLUTE
    ../clib/angel/sys.s                      0x00000000   Number         0  indicate_semi.o ABSOLUTE
    ../clib/angel/sysapp.c                   0x00000000   Number         0  sys_exit.o ABSOLUTE
    ../clib/angel/sysapp.c                   0x00000000   Number         0  sys_exit_hlt.o ABSOLUTE
    ../clib/angel/sysapp.c                   0x00000000   Number         0  sys_command.o ABSOLUTE
    ../clib/angel/sysapp.c                   0x00000000   Number         0  sys_command_hlt.o ABSOLUTE
    ../clib/angel/sysapp.c                   0x00000000   Number         0  sys_wrch.o ABSOLUTE
    ../clib/angel/sysapp.c                   0x00000000   Number         0  sys_wrch_hlt.o ABSOLUTE
    ../clib/armsys.c                         0x00000000   Number         0  argv_veneer.o ABSOLUTE
    ../clib/armsys.c                         0x00000000   Number         0  argv_veneer.o ABSOLUTE
    ../clib/armsys.c                         0x00000000   Number         0  _get_argv_nomalloc.o ABSOLUTE
    ../clib/armsys.c                         0x00000000   Number         0  no_argv.o ABSOLUTE
    ../clib/heapalloc.c                      0x00000000   Number         0  hrguard.o ABSOLUTE
    ../clib/heapaux.c                        0x00000000   Number         0  heapauxi.o ABSOLUTE
    ../clib/libinit.s                        0x00000000   Number         0  libinit.o ABSOLUTE
    ../clib/libinit.s                        0x00000000   Number         0  libinit2.o ABSOLUTE
    ../clib/libinit.s                        0x00000000   Number         0  libshutdown.o ABSOLUTE
    ../clib/libinit.s                        0x00000000   Number         0  libshutdown2.o ABSOLUTE
    ../clib/signal.c                         0x00000000   Number         0  defsig_rtmem_outer.o ABSOLUTE
    ../clib/signal.c                         0x00000000   Number         0  defsig_rtmem_formal.o ABSOLUTE
    ../clib/signal.c                         0x00000000   Number         0  defsig_exit.o ABSOLUTE
    ../clib/signal.c                         0x00000000   Number         0  defsig_rtmem_inner.o ABSOLUTE
    ../clib/signal.c                         0x00000000   Number         0  __raise.o ABSOLUTE
    ../clib/signal.c                         0x00000000   Number         0  defsig_general.o ABSOLUTE
    ../clib/signal.c                         0x00000000   Number         0  defsig_abrt_inner.o ABSOLUTE
    ../clib/signal.c                         0x00000000   Number         0  defsig_fpe_inner.o ABSOLUTE
    ../clib/signal.c                         0x00000000   Number         0  defsig_rtred_inner.o ABSOLUTE
    ../clib/signal.c                         0x00000000   Number         0  defsig_stak_inner.o ABSOLUTE
    ../clib/signal.c                         0x00000000   Number         0  defsig_pvfn_inner.o ABSOLUTE
    ../clib/signal.c                         0x00000000   Number         0  defsig_cppl_inner.o ABSOLUTE
    ../clib/signal.c                         0x00000000   Number         0  defsig_segv_inner.o ABSOLUTE
    ../clib/signal.c                         0x00000000   Number         0  defsig_other.o ABSOLUTE
    ../clib/signal.s                         0x00000000   Number         0  defsig.o ABSOLUTE
    ../clib/stdlib.c                         0x00000000   Number         0  exit.o ABSOLUTE
    ../fplib/fpinit.s                        0x00000000   Number         0  fpinit.o ABSOLUTE
    at32f435_437_acc.c                       0x00000000   Number         0  at32f435_437_acc.o ABSOLUTE
    at32f435_437_adc.c                       0x00000000   Number         0  at32f435_437_adc.o ABSOLUTE
    at32f435_437_can.c                       0x00000000   Number         0  at32f435_437_can.o ABSOLUTE
    at32f435_437_clock.c                     0x00000000   Number         0  at32f435_437_clock.o ABSOLUTE
    at32f435_437_crc.c                       0x00000000   Number         0  at32f435_437_crc.o ABSOLUTE
    at32f435_437_crm.c                       0x00000000   Number         0  at32f435_437_crm.o ABSOLUTE
    at32f435_437_dac.c                       0x00000000   Number         0  at32f435_437_dac.o ABSOLUTE
    at32f435_437_debug.c                     0x00000000   Number         0  at32f435_437_debug.o ABSOLUTE
    at32f435_437_dma.c                       0x00000000   Number         0  at32f435_437_dma.o ABSOLUTE
    at32f435_437_dvp.c                       0x00000000   Number         0  at32f435_437_dvp.o ABSOLUTE
    at32f435_437_edma.c                      0x00000000   Number         0  at32f435_437_edma.o ABSOLUTE
    at32f435_437_emac.c                      0x00000000   Number         0  at32f435_437_emac.o ABSOLUTE
    at32f435_437_ertc.c                      0x00000000   Number         0  at32f435_437_ertc.o ABSOLUTE
    at32f435_437_exint.c                     0x00000000   Number         0  at32f435_437_exint.o ABSOLUTE
    at32f435_437_flash.c                     0x00000000   Number         0  at32f435_437_flash.o ABSOLUTE
    at32f435_437_gpio.c                      0x00000000   Number         0  at32f435_437_gpio.o ABSOLUTE
    at32f435_437_i2c.c                       0x00000000   Number         0  at32f435_437_i2c.o ABSOLUTE
    at32f435_437_int.c                       0x00000000   Number         0  at32f435_437_int.o ABSOLUTE
    at32f435_437_misc.c                      0x00000000   Number         0  at32f435_437_misc.o ABSOLUTE
    at32f435_437_pwc.c                       0x00000000   Number         0  at32f435_437_pwc.o ABSOLUTE
    at32f435_437_qspi.c                      0x00000000   Number         0  at32f435_437_qspi.o ABSOLUTE
    at32f435_437_scfg.c                      0x00000000   Number         0  at32f435_437_scfg.o ABSOLUTE
    at32f435_437_sdio.c                      0x00000000   Number         0  at32f435_437_sdio.o ABSOLUTE
    at32f435_437_spi.c                       0x00000000   Number         0  at32f435_437_spi.o ABSOLUTE
    at32f435_437_tmr.c                       0x00000000   Number         0  at32f435_437_tmr.o ABSOLUTE
    at32f435_437_usart.c                     0x00000000   Number         0  at32f435_437_usart.o ABSOLUTE
    at32f435_437_usb.c                       0x00000000   Number         0  at32f435_437_usb.o ABSOLUTE
    at32f435_437_wdt.c                       0x00000000   Number         0  at32f435_437_wdt.o ABSOLUTE
    at32f435_437_wwdt.c                      0x00000000   Number         0  at32f435_437_wwdt.o ABSOLUTE
    at32f435_437_xmc.c                       0x00000000   Number         0  at32f435_437_xmc.o ABSOLUTE
    dc.s                                     0x00000000   Number         0  dc.o ABSOLUTE
    main.c                                   0x00000000   Number         0  main.o ABSOLUTE
    system_at32f435_437.c                    0x00000000   Number         0  system_at32f435_437.o ABSOLUTE
    RESET                                    0x08000000   Section      524  startup_at32f435_437.o(RESET)
    !!!main                                  0x0800020c   Section        8  __main.o(!!!main)
    !!!scatter                               0x08000214   Section       52  __scatter.o(!!!scatter)
    !!handler_zi                             0x08000248   Section       28  __scatter_zi.o(!!handler_zi)
    .ARM.Collect$$libinit$$00000000          0x08000264   Section        2  libinit.o(.ARM.Collect$$libinit$$00000000)
    .ARM.Collect$$libinit$$00000001          0x08000266   Section        4  libinit2.o(.ARM.Collect$$libinit$$00000001)
    .ARM.Collect$$libinit$$00000004          0x0800026a   Section        0  libinit2.o(.ARM.Collect$$libinit$$00000004)
    .ARM.Collect$$libinit$$0000000A          0x0800026a   Section        0  libinit2.o(.ARM.Collect$$libinit$$0000000A)
    .ARM.Collect$$libinit$$0000000C          0x0800026a   Section        0  libinit2.o(.ARM.Collect$$libinit$$0000000C)
    .ARM.Collect$$libinit$$0000000E          0x0800026a   Section        0  libinit2.o(.ARM.Collect$$libinit$$0000000E)
    .ARM.Collect$$libinit$$00000011          0x0800026a   Section        0  libinit2.o(.ARM.Collect$$libinit$$00000011)
    .ARM.Collect$$libinit$$00000013          0x0800026a   Section        0  libinit2.o(.ARM.Collect$$libinit$$00000013)
    .ARM.Collect$$libinit$$00000015          0x0800026a   Section        0  libinit2.o(.ARM.Collect$$libinit$$00000015)
    .ARM.Collect$$libinit$$00000017          0x0800026a   Section        0  libinit2.o(.ARM.Collect$$libinit$$00000017)
    .ARM.Collect$$libinit$$00000019          0x0800026a   Section        0  libinit2.o(.ARM.Collect$$libinit$$00000019)
    .ARM.Collect$$libinit$$0000001B          0x0800026a   Section        0  libinit2.o(.ARM.Collect$$libinit$$0000001B)
    .ARM.Collect$$libinit$$0000001D          0x0800026a   Section        0  libinit2.o(.ARM.Collect$$libinit$$0000001D)
    .ARM.Collect$$libinit$$0000001F          0x0800026a   Section        0  libinit2.o(.ARM.Collect$$libinit$$0000001F)
    .ARM.Collect$$libinit$$00000021          0x0800026a   Section        0  libinit2.o(.ARM.Collect$$libinit$$00000021)
    .ARM.Collect$$libinit$$00000023          0x0800026a   Section        0  libinit2.o(.ARM.Collect$$libinit$$00000023)
    .ARM.Collect$$libinit$$00000025          0x0800026a   Section        0  libinit2.o(.ARM.Collect$$libinit$$00000025)
    .ARM.Collect$$libinit$$0000002C          0x0800026a   Section        0  libinit2.o(.ARM.Collect$$libinit$$0000002C)
    .ARM.Collect$$libinit$$0000002E          0x0800026a   Section        0  libinit2.o(.ARM.Collect$$libinit$$0000002E)
    .ARM.Collect$$libinit$$00000030          0x0800026a   Section        0  libinit2.o(.ARM.Collect$$libinit$$00000030)
    .ARM.Collect$$libinit$$00000032          0x0800026a   Section        0  libinit2.o(.ARM.Collect$$libinit$$00000032)
    .ARM.Collect$$libinit$$00000033          0x0800026a   Section        2  libinit2.o(.ARM.Collect$$libinit$$00000033)
    .ARM.Collect$$libshutdown$$00000000      0x0800026c   Section        2  libshutdown.o(.ARM.Collect$$libshutdown$$00000000)
    .ARM.Collect$$libshutdown$$00000002      0x0800026e   Section        0  libshutdown2.o(.ARM.Collect$$libshutdown$$00000002)
    .ARM.Collect$$libshutdown$$00000004      0x0800026e   Section        0  libshutdown2.o(.ARM.Collect$$libshutdown$$00000004)
    .ARM.Collect$$libshutdown$$00000007      0x0800026e   Section        0  libshutdown2.o(.ARM.Collect$$libshutdown$$00000007)
    .ARM.Collect$$libshutdown$$0000000A      0x0800026e   Section        0  libshutdown2.o(.ARM.Collect$$libshutdown$$0000000A)
    .ARM.Collect$$libshutdown$$0000000C      0x0800026e   Section        0  libshutdown2.o(.ARM.Collect$$libshutdown$$0000000C)
    .ARM.Collect$$libshutdown$$0000000F      0x0800026e   Section        0  libshutdown2.o(.ARM.Collect$$libshutdown$$0000000F)
    .ARM.Collect$$libshutdown$$00000010      0x0800026e   Section        2  libshutdown2.o(.ARM.Collect$$libshutdown$$00000010)
    .ARM.Collect$$rtentry$$00000000          0x08000270   Section        0  __rtentry.o(.ARM.Collect$$rtentry$$00000000)
    .ARM.Collect$$rtentry$$00000002          0x08000270   Section        0  __rtentry2.o(.ARM.Collect$$rtentry$$00000002)
    .ARM.Collect$$rtentry$$00000004          0x08000270   Section        6  __rtentry4.o(.ARM.Collect$$rtentry$$00000004)
    .ARM.Collect$$rtentry$$00000009          0x08000276   Section        0  __rtentry2.o(.ARM.Collect$$rtentry$$00000009)
    .ARM.Collect$$rtentry$$0000000A          0x08000276   Section        4  __rtentry2.o(.ARM.Collect$$rtentry$$0000000A)
    .ARM.Collect$$rtentry$$0000000C          0x0800027a   Section        0  __rtentry2.o(.ARM.Collect$$rtentry$$0000000C)
    .ARM.Collect$$rtentry$$0000000D          0x0800027a   Section        8  __rtentry2.o(.ARM.Collect$$rtentry$$0000000D)
    .ARM.Collect$$rtexit$$00000000           0x08000282   Section        2  rtexit.o(.ARM.Collect$$rtexit$$00000000)
    .ARM.Collect$$rtexit$$00000002           0x08000284   Section        0  rtexit2.o(.ARM.Collect$$rtexit$$00000002)
    .ARM.Collect$$rtexit$$00000003           0x08000284   Section        4  rtexit2.o(.ARM.Collect$$rtexit$$00000003)
    .ARM.Collect$$rtexit$$00000004           0x08000288   Section        6  rtexit2.o(.ARM.Collect$$rtexit$$00000004)
    $v0                                      0x08000290   Number         0  startup_at32f435_437.o(.text)
    .text                                    0x08000290   Section       64  startup_at32f435_437.o(.text)
    .text                                    0x080002d0   Section        0  heapauxi.o(.text)
    .text                                    0x080002d6   Section       74  sys_stackheap_outer.o(.text)
    .text                                    0x08000320   Section        0  exit.o(.text)
    .text                                    0x08000334   Section        8  libspace.o(.text)
    .text                                    0x0800033c   Section       48  sys_stackheap.o(.text)
    .text                                    0x0800036c   Section        2  use_no_semi.o(.text)
    .text                                    0x0800036e   Section        0  indicate_semi.o(.text)
    .text                                    0x08000370   Section        0  sys_exit.o(.text)
    [Anonymous Symbol]                       0x0800037c   Section        0  at32f435_437_int.o(.text.BusFault_Handler)
    [Anonymous Symbol]                       0x08000380   Section        0  at32f435_437_int.o(.text.DebugMon_Handler)
    [Anonymous Symbol]                       0x08000384   Section        0  at32f435_437_int.o(.text.HardFault_Handler)
    [Anonymous Symbol]                       0x08000388   Section        0  at32f435_437_int.o(.text.MemManage_Handler)
    [Anonymous Symbol]                       0x0800038c   Section        0  at32f435_437_int.o(.text.NMI_Handler)
    [Anonymous Symbol]                       0x08000390   Section        0  at32f435_437_int.o(.text.PendSV_Handler)
    [Anonymous Symbol]                       0x08000394   Section        0  at32f435_437_int.o(.text.SVC_Handler)
    SysTick_Config                           0x08000399   Thumb Code    30  main.o(.text.SysTick_Config)
    [Anonymous Symbol]                       0x08000398   Section        0  main.o(.text.SysTick_Config)
    [Anonymous Symbol]                       0x080003b8   Section        0  at32f435_437_int.o(.text.SysTick_Handler)
    [Anonymous Symbol]                       0x080003bc   Section        0  system_at32f435_437.o(.text.SystemInit)
    [Anonymous Symbol]                       0x08000424   Section        0  at32f435_437_int.o(.text.UsageFault_Handler)
    __NVIC_SetPriority                       0x08000429   Thumb Code    14  main.o(.text.__NVIC_SetPriority)
    [Anonymous Symbol]                       0x08000428   Section        0  main.o(.text.__NVIC_SetPriority)
    [Anonymous Symbol]                       0x08000438   Section        0  main.o(.text.main)
    [Anonymous Symbol]                       0x08000448   Section        0  at32f435_437_misc.o(.text.systick_Clock_Source_Config)
    $v0                                      0x08000460   Number         0  fpinit.o(x$fpl$fpinit)
    x$fpl$fpinit                             0x08000460   Section       26  fpinit.o(x$fpl$fpinit)
    .bss                                     0x20000000   Section       96  libspace.o(.bss)
    Heap_Mem                                 0x20000060   Data         512  startup_at32f435_437.o(HEAP)
    HEAP                                     0x20000060   Section      512  startup_at32f435_437.o(HEAP)
    Stack_Mem                                0x20000260   Data        1024  startup_at32f435_437.o(STACK)
    STACK                                    0x20000260   Section     1024  startup_at32f435_437.o(STACK)
    __Initial_sp                             0x20000660   Data           0  startup_at32f435_437.o(STACK)

    Global Symbols

    Symbol Name                              Value     Ov Type        Size  Object(Section)

    BuildAttributes$$THM_ISAv4$E$P$D$K$B$S$7EM$VFPi3$EXTD16$VFPS$VFMA$PE$A:L22UL41UL21$X:L11$S22US41US21$IEEE1$IW$~IW$USESV6$~STKCKD$USESV7$~SHL$OTIME$ROPI$EBA8$UX$STANDARDLIB$REQ8$PRES8$EABIv2 0x00000000   Number         0  anon$$obj.o ABSOLUTE
    Image$$ZI$$Limit                          - Undefined Weak Reference
    __ARM_exceptions_init                     - Undefined Weak Reference
    __alloca_initialize                       - Undefined Weak Reference
    __arm_preinit_                            - Undefined Weak Reference
    __cpp_initialize__aeabi_                  - Undefined Weak Reference
    __cxa_finalize                            - Undefined Weak Reference
    __rt_locale                               - Undefined Weak Reference
    __sigvec_lookup                           - Undefined Weak Reference
    _atexit_init                              - Undefined Weak Reference
    _call_atexit_fns                          - Undefined Weak Reference
    _clock_init                               - Undefined Weak Reference
    _fp_trap_init                             - Undefined Weak Reference
    _fp_trap_shutdown                         - Undefined Weak Reference
    _get_lc_collate                           - Undefined Weak Reference
    _get_lc_ctype                             - Undefined Weak Reference
    _get_lc_monetary                          - Undefined Weak Reference
    _get_lc_numeric                           - Undefined Weak Reference
    _get_lc_time                              - Undefined Weak Reference
    _getenv_init                              - Undefined Weak Reference
    _handle_redirection                       - Undefined Weak Reference
    _init_alloc                               - Undefined Weak Reference
    _init_user_alloc                          - Undefined Weak Reference
    _initio                                   - Undefined Weak Reference
    _rand_init                                - Undefined Weak Reference
    _signal_finish                            - Undefined Weak Reference
    _signal_init                              - Undefined Weak Reference
    _terminate_alloc                          - Undefined Weak Reference
    _terminate_user_alloc                     - Undefined Weak Reference
    _terminateio                              - Undefined Weak Reference
    __Vectors_Size                           0x0000020c   Number         0  startup_at32f435_437.o ABSOLUTE
    __Vectors                                0x08000000   Data           4  startup_at32f435_437.o(RESET)
    __Vectors_End                            0x0800020c   Data           0  startup_at32f435_437.o(RESET)
    __main                                   0x0800020d   Thumb Code     8  __main.o(!!!main)
    __scatterload                            0x08000215   Thumb Code     0  __scatter.o(!!!scatter)
    __scatterload_rt2                        0x08000215   Thumb Code    44  __scatter.o(!!!scatter)
    __scatterload_rt2_thumb_only             0x08000215   Thumb Code     0  __scatter.o(!!!scatter)
    __scatterload_null                       0x08000223   Thumb Code     0  __scatter.o(!!!scatter)
    __scatterload_zeroinit                   0x08000249   Thumb Code    28  __scatter_zi.o(!!handler_zi)
    __rt_lib_init                            0x08000265   Thumb Code     0  libinit.o(.ARM.Collect$$libinit$$00000000)
    __rt_lib_init_fp_1                       0x08000267   Thumb Code     0  libinit2.o(.ARM.Collect$$libinit$$00000001)
    __rt_lib_init_alloca_1                   0x0800026b   Thumb Code     0  libinit2.o(.ARM.Collect$$libinit$$0000002E)
    __rt_lib_init_argv_1                     0x0800026b   Thumb Code     0  libinit2.o(.ARM.Collect$$libinit$$0000002C)
    __rt_lib_init_atexit_1                   0x0800026b   Thumb Code     0  libinit2.o(.ARM.Collect$$libinit$$0000001B)
    __rt_lib_init_clock_1                    0x0800026b   Thumb Code     0  libinit2.o(.ARM.Collect$$libinit$$00000021)
    __rt_lib_init_cpp_1                      0x0800026b   Thumb Code     0  libinit2.o(.ARM.Collect$$libinit$$00000032)
    __rt_lib_init_exceptions_1               0x0800026b   Thumb Code     0  libinit2.o(.ARM.Collect$$libinit$$00000030)
    __rt_lib_init_fp_trap_1                  0x0800026b   Thumb Code     0  libinit2.o(.ARM.Collect$$libinit$$0000001F)
    __rt_lib_init_getenv_1                   0x0800026b   Thumb Code     0  libinit2.o(.ARM.Collect$$libinit$$00000023)
    __rt_lib_init_heap_1                     0x0800026b   Thumb Code     0  libinit2.o(.ARM.Collect$$libinit$$0000000A)
    __rt_lib_init_lc_collate_1               0x0800026b   Thumb Code     0  libinit2.o(.ARM.Collect$$libinit$$00000011)
    __rt_lib_init_lc_ctype_1                 0x0800026b   Thumb Code     0  libinit2.o(.ARM.Collect$$libinit$$00000013)
    __rt_lib_init_lc_monetary_1              0x0800026b   Thumb Code     0  libinit2.o(.ARM.Collect$$libinit$$00000015)
    __rt_lib_init_lc_numeric_1               0x0800026b   Thumb Code     0  libinit2.o(.ARM.Collect$$libinit$$00000017)
    __rt_lib_init_lc_time_1                  0x0800026b   Thumb Code     0  libinit2.o(.ARM.Collect$$libinit$$00000019)
    __rt_lib_init_preinit_1                  0x0800026b   Thumb Code     0  libinit2.o(.ARM.Collect$$libinit$$00000004)
    __rt_lib_init_rand_1                     0x0800026b   Thumb Code     0  libinit2.o(.ARM.Collect$$libinit$$0000000E)
    __rt_lib_init_return                     0x0800026b   Thumb Code     0  libinit2.o(.ARM.Collect$$libinit$$00000033)
    __rt_lib_init_signal_1                   0x0800026b   Thumb Code     0  libinit2.o(.ARM.Collect$$libinit$$0000001D)
    __rt_lib_init_stdio_1                    0x0800026b   Thumb Code     0  libinit2.o(.ARM.Collect$$libinit$$00000025)
    __rt_lib_init_user_alloc_1               0x0800026b   Thumb Code     0  libinit2.o(.ARM.Collect$$libinit$$0000000C)
    __rt_lib_shutdown                        0x0800026d   Thumb Code     0  libshutdown.o(.ARM.Collect$$libshutdown$$00000000)
    __rt_lib_shutdown_cpp_1                  0x0800026f   Thumb Code     0  libshutdown2.o(.ARM.Collect$$libshutdown$$00000002)
    __rt_lib_shutdown_fp_trap_1              0x0800026f   Thumb Code     0  libshutdown2.o(.ARM.Collect$$libshutdown$$00000007)
    __rt_lib_shutdown_heap_1                 0x0800026f   Thumb Code     0  libshutdown2.o(.ARM.Collect$$libshutdown$$0000000F)
    __rt_lib_shutdown_return                 0x0800026f   Thumb Code     0  libshutdown2.o(.ARM.Collect$$libshutdown$$00000010)
    __rt_lib_shutdown_signal_1               0x0800026f   Thumb Code     0  libshutdown2.o(.ARM.Collect$$libshutdown$$0000000A)
    __rt_lib_shutdown_stdio_1                0x0800026f   Thumb Code     0  libshutdown2.o(.ARM.Collect$$libshutdown$$00000004)
    __rt_lib_shutdown_user_alloc_1           0x0800026f   Thumb Code     0  libshutdown2.o(.ARM.Collect$$libshutdown$$0000000C)
    __rt_entry                               0x08000271   Thumb Code     0  __rtentry.o(.ARM.Collect$$rtentry$$00000000)
    __rt_entry_presh_1                       0x08000271   Thumb Code     0  __rtentry2.o(.ARM.Collect$$rtentry$$00000002)
    __rt_entry_sh                            0x08000271   Thumb Code     0  __rtentry4.o(.ARM.Collect$$rtentry$$00000004)
    __rt_entry_li                            0x08000277   Thumb Code     0  __rtentry2.o(.ARM.Collect$$rtentry$$0000000A)
    __rt_entry_postsh_1                      0x08000277   Thumb Code     0  __rtentry2.o(.ARM.Collect$$rtentry$$00000009)
    __rt_entry_main                          0x0800027b   Thumb Code     0  __rtentry2.o(.ARM.Collect$$rtentry$$0000000D)
    __rt_entry_postli_1                      0x0800027b   Thumb Code     0  __rtentry2.o(.ARM.Collect$$rtentry$$0000000C)
    __rt_exit                                0x08000283   Thumb Code     0  rtexit.o(.ARM.Collect$$rtexit$$00000000)
    __rt_exit_ls                             0x08000285   Thumb Code     0  rtexit2.o(.ARM.Collect$$rtexit$$00000003)
    __rt_exit_prels_1                        0x08000285   Thumb Code     0  rtexit2.o(.ARM.Collect$$rtexit$$00000002)
    __rt_exit_exit                           0x08000289   Thumb Code     0  rtexit2.o(.ARM.Collect$$rtexit$$00000004)
    Reset_Handler                            0x08000291   Thumb Code     8  startup_at32f435_437.o(.text)
    ACC_IRQHandler                           0x080002ab   Thumb Code     0  startup_at32f435_437.o(.text)
    ADC1_2_3_IRQHandler                      0x080002ab   Thumb Code     0  startup_at32f435_437.o(.text)
    CAN1_RX0_IRQHandler                      0x080002ab   Thumb Code     0  startup_at32f435_437.o(.text)
    CAN1_RX1_IRQHandler                      0x080002ab   Thumb Code     0  startup_at32f435_437.o(.text)
    CAN1_SE_IRQHandler                       0x080002ab   Thumb Code     0  startup_at32f435_437.o(.text)
    CAN1_TX_IRQHandler                       0x080002ab   Thumb Code     0  startup_at32f435_437.o(.text)
    CAN2_RX0_IRQHandler                      0x080002ab   Thumb Code     0  startup_at32f435_437.o(.text)
    CAN2_RX1_IRQHandler                      0x080002ab   Thumb Code     0  startup_at32f435_437.o(.text)
    CAN2_SE_IRQHandler                       0x080002ab   Thumb Code     0  startup_at32f435_437.o(.text)
    CAN2_TX_IRQHandler                       0x080002ab   Thumb Code     0  startup_at32f435_437.o(.text)
    CRM_IRQHandler                           0x080002ab   Thumb Code     0  startup_at32f435_437.o(.text)
    DMA1_Channel1_IRQHandler                 0x080002ab   Thumb Code     0  startup_at32f435_437.o(.text)
    DMA1_Channel2_IRQHandler                 0x080002ab   Thumb Code     0  startup_at32f435_437.o(.text)
    DMA1_Channel3_IRQHandler                 0x080002ab   Thumb Code     0  startup_at32f435_437.o(.text)
    DMA1_Channel4_IRQHandler                 0x080002ab   Thumb Code     0  startup_at32f435_437.o(.text)
    DMA1_Channel5_IRQHandler                 0x080002ab   Thumb Code     0  startup_at32f435_437.o(.text)
    DMA1_Channel6_IRQHandler                 0x080002ab   Thumb Code     0  startup_at32f435_437.o(.text)
    DMA1_Channel7_IRQHandler                 0x080002ab   Thumb Code     0  startup_at32f435_437.o(.text)
    DMA2_Channel1_IRQHandler                 0x080002ab   Thumb Code     0  startup_at32f435_437.o(.text)
    DMA2_Channel2_IRQHandler                 0x080002ab   Thumb Code     0  startup_at32f435_437.o(.text)
    DMA2_Channel3_IRQHandler                 0x080002ab   Thumb Code     0  startup_at32f435_437.o(.text)
    DMA2_Channel4_IRQHandler                 0x080002ab   Thumb Code     0  startup_at32f435_437.o(.text)
    DMA2_Channel5_IRQHandler                 0x080002ab   Thumb Code     0  startup_at32f435_437.o(.text)
    DMA2_Channel6_IRQHandler                 0x080002ab   Thumb Code     0  startup_at32f435_437.o(.text)
    DMA2_Channel7_IRQHandler                 0x080002ab   Thumb Code     0  startup_at32f435_437.o(.text)
    DMAMUX_IRQHandler                        0x080002ab   Thumb Code     0  startup_at32f435_437.o(.text)
    DVP_IRQHandler                           0x080002ab   Thumb Code     0  startup_at32f435_437.o(.text)
    EDMA_Stream1_IRQHandler                  0x080002ab   Thumb Code     0  startup_at32f435_437.o(.text)
    EDMA_Stream2_IRQHandler                  0x080002ab   Thumb Code     0  startup_at32f435_437.o(.text)
    EDMA_Stream3_IRQHandler                  0x080002ab   Thumb Code     0  startup_at32f435_437.o(.text)
    EDMA_Stream4_IRQHandler                  0x080002ab   Thumb Code     0  startup_at32f435_437.o(.text)
    EDMA_Stream5_IRQHandler                  0x080002ab   Thumb Code     0  startup_at32f435_437.o(.text)
    EDMA_Stream6_IRQHandler                  0x080002ab   Thumb Code     0  startup_at32f435_437.o(.text)
    EDMA_Stream7_IRQHandler                  0x080002ab   Thumb Code     0  startup_at32f435_437.o(.text)
    EDMA_Stream8_IRQHandler                  0x080002ab   Thumb Code     0  startup_at32f435_437.o(.text)
    EMAC_IRQHandler                          0x080002ab   Thumb Code     0  startup_at32f435_437.o(.text)
    EMAC_WKUP_IRQHandler                     0x080002ab   Thumb Code     0  startup_at32f435_437.o(.text)
    ERTCAlarm_IRQHandler                     0x080002ab   Thumb Code     0  startup_at32f435_437.o(.text)
    ERTC_WKUP_IRQHandler                     0x080002ab   Thumb Code     0  startup_at32f435_437.o(.text)
    EXINT0_IRQHandler                        0x080002ab   Thumb Code     0  startup_at32f435_437.o(.text)
    EXINT15_10_IRQHandler                    0x080002ab   Thumb Code     0  startup_at32f435_437.o(.text)
    EXINT1_IRQHandler                        0x080002ab   Thumb Code     0  startup_at32f435_437.o(.text)
    EXINT2_IRQHandler                        0x080002ab   Thumb Code     0  startup_at32f435_437.o(.text)
    EXINT3_IRQHandler                        0x080002ab   Thumb Code     0  startup_at32f435_437.o(.text)
    EXINT4_IRQHandler                        0x080002ab   Thumb Code     0  startup_at32f435_437.o(.text)
    EXINT9_5_IRQHandler                      0x080002ab   Thumb Code     0  startup_at32f435_437.o(.text)
    FLASH_IRQHandler                         0x080002ab   Thumb Code     0  startup_at32f435_437.o(.text)
    FPU_IRQHandler                           0x080002ab   Thumb Code     0  startup_at32f435_437.o(.text)
    I2C1_ERR_IRQHandler                      0x080002ab   Thumb Code     0  startup_at32f435_437.o(.text)
    I2C1_EVT_IRQHandler                      0x080002ab   Thumb Code     0  startup_at32f435_437.o(.text)
    I2C2_ERR_IRQHandler                      0x080002ab   Thumb Code     0  startup_at32f435_437.o(.text)
    I2C2_EVT_IRQHandler                      0x080002ab   Thumb Code     0  startup_at32f435_437.o(.text)
    I2C3_ERR_IRQHandler                      0x080002ab   Thumb Code     0  startup_at32f435_437.o(.text)
    I2C3_EVT_IRQHandler                      0x080002ab   Thumb Code     0  startup_at32f435_437.o(.text)
    OTGFS1_IRQHandler                        0x080002ab   Thumb Code     0  startup_at32f435_437.o(.text)
    OTGFS1_WKUP_IRQHandler                   0x080002ab   Thumb Code     0  startup_at32f435_437.o(.text)
    OTGFS2_IRQHandler                        0x080002ab   Thumb Code     0  startup_at32f435_437.o(.text)
    OTGFS2_WKUP_IRQHandler                   0x080002ab   Thumb Code     0  startup_at32f435_437.o(.text)
    PVM_IRQHandler                           0x080002ab   Thumb Code     0  startup_at32f435_437.o(.text)
    QSPI1_IRQHandler                         0x080002ab   Thumb Code     0  startup_at32f435_437.o(.text)
    QSPI2_IRQHandler                         0x080002ab   Thumb Code     0  startup_at32f435_437.o(.text)
    SDIO1_IRQHandler                         0x080002ab   Thumb Code     0  startup_at32f435_437.o(.text)
    SDIO2_IRQHandler                         0x080002ab   Thumb Code     0  startup_at32f435_437.o(.text)
    SPI1_IRQHandler                          0x080002ab   Thumb Code     0  startup_at32f435_437.o(.text)
    SPI2_I2S2EXT_IRQHandler                  0x080002ab   Thumb Code     0  startup_at32f435_437.o(.text)
    SPI3_I2S3EXT_IRQHandler                  0x080002ab   Thumb Code     0  startup_at32f435_437.o(.text)
    SPI4_IRQHandler                          0x080002ab   Thumb Code     0  startup_at32f435_437.o(.text)
    TAMP_STAMP_IRQHandler                    0x080002ab   Thumb Code     0  startup_at32f435_437.o(.text)
    TMR1_BRK_TMR9_IRQHandler                 0x080002ab   Thumb Code     0  startup_at32f435_437.o(.text)
    TMR1_CH_IRQHandler                       0x080002ab   Thumb Code     0  startup_at32f435_437.o(.text)
    TMR1_OVF_TMR10_IRQHandler                0x080002ab   Thumb Code     0  startup_at32f435_437.o(.text)
    TMR1_TRG_HALL_TMR11_IRQHandler           0x080002ab   Thumb Code     0  startup_at32f435_437.o(.text)
    TMR20_BRK_IRQHandler                     0x080002ab   Thumb Code     0  startup_at32f435_437.o(.text)
    TMR20_CH_IRQHandler                      0x080002ab   Thumb Code     0  startup_at32f435_437.o(.text)
    TMR20_OVF_IRQHandler                     0x080002ab   Thumb Code     0  startup_at32f435_437.o(.text)
    TMR20_TRG_HALL_IRQHandler                0x080002ab   Thumb Code     0  startup_at32f435_437.o(.text)
    TMR2_Global_IRQHandler                   0x080002ab   Thumb Code     0  startup_at32f435_437.o(.text)
    TMR3_Global_IRQHandler                   0x080002ab   Thumb Code     0  startup_at32f435_437.o(.text)
    TMR4_Global_IRQHandler                   0x080002ab   Thumb Code     0  startup_at32f435_437.o(.text)
    TMR5_Global_IRQHandler                   0x080002ab   Thumb Code     0  startup_at32f435_437.o(.text)
    TMR6_DAC_Global_IRQHandler               0x080002ab   Thumb Code     0  startup_at32f435_437.o(.text)
    TMR7_Global_IRQHandler                   0x080002ab   Thumb Code     0  startup_at32f435_437.o(.text)
    TMR8_BRK_TMR12_IRQHandler                0x080002ab   Thumb Code     0  startup_at32f435_437.o(.text)
    TMR8_CH_IRQHandler                       0x080002ab   Thumb Code     0  startup_at32f435_437.o(.text)
    TMR8_OVF_TMR13_IRQHandler                0x080002ab   Thumb Code     0  startup_at32f435_437.o(.text)
    TMR8_TRG_HALL_TMR14_IRQHandler           0x080002ab   Thumb Code     0  startup_at32f435_437.o(.text)
    UART4_IRQHandler                         0x080002ab   Thumb Code     0  startup_at32f435_437.o(.text)
    UART5_IRQHandler                         0x080002ab   Thumb Code     0  startup_at32f435_437.o(.text)
    UART7_IRQHandler                         0x080002ab   Thumb Code     0  startup_at32f435_437.o(.text)
    UART8_IRQHandler                         0x080002ab   Thumb Code     0  startup_at32f435_437.o(.text)
    USART1_IRQHandler                        0x080002ab   Thumb Code     0  startup_at32f435_437.o(.text)
    USART2_IRQHandler                        0x080002ab   Thumb Code     0  startup_at32f435_437.o(.text)
    USART3_IRQHandler                        0x080002ab   Thumb Code     0  startup_at32f435_437.o(.text)
    USART6_IRQHandler                        0x080002ab   Thumb Code     0  startup_at32f435_437.o(.text)
    WWDT_IRQHandler                          0x080002ab   Thumb Code     0  startup_at32f435_437.o(.text)
    XMC_IRQHandler                           0x080002ab   Thumb Code     0  startup_at32f435_437.o(.text)
    __User_Initial_stackheap                 0x080002ad   Thumb Code     0  startup_at32f435_437.o(.text)
    __use_two_region_memory                  0x080002d1   Thumb Code     2  heapauxi.o(.text)
    __rt_heap_escrow$2region                 0x080002d3   Thumb Code     2  heapauxi.o(.text)
    __rt_heap_expand$2region                 0x080002d5   Thumb Code     2  heapauxi.o(.text)
    __user_setup_stackheap                   0x080002d7   Thumb Code    74  sys_stackheap_outer.o(.text)
    exit                                     0x08000321   Thumb Code    18  exit.o(.text)
    __user_libspace                          0x08000335   Thumb Code     8  libspace.o(.text)
    __user_perproc_libspace                  0x08000335   Thumb Code     0  libspace.o(.text)
    __user_perthread_libspace                0x08000335   Thumb Code     0  libspace.o(.text)
    __user_initial_stackheap                 0x0800033d   Thumb Code    48  sys_stackheap.o(.text)
    _RW_Limit                                0x08000368   Data           0  sys_stackheap.o(.text)
    __I$use$semihosting                      0x0800036d   Thumb Code     0  use_no_semi.o(.text)
    __use_no_semihosting_swi                 0x0800036d   Thumb Code     2  use_no_semi.o(.text)
    __semihosting_library_function           0x0800036f   Thumb Code     0  indicate_semi.o(.text)
    _sys_exit                                0x08000371   Thumb Code     8  sys_exit.o(.text)
    BusFault_Handler                         0x0800037d   Thumb Code     2  at32f435_437_int.o(.text.BusFault_Handler)
    DebugMon_Handler                         0x08000381   Thumb Code     2  at32f435_437_int.o(.text.DebugMon_Handler)
    HardFault_Handler                        0x08000385   Thumb Code     2  at32f435_437_int.o(.text.HardFault_Handler)
    MemManage_Handler                        0x08000389   Thumb Code     2  at32f435_437_int.o(.text.MemManage_Handler)
    NMI_Handler                              0x0800038d   Thumb Code     2  at32f435_437_int.o(.text.NMI_Handler)
    PendSV_Handler                           0x08000391   Thumb Code     2  at32f435_437_int.o(.text.PendSV_Handler)
    SVC_Handler                              0x08000395   Thumb Code     2  at32f435_437_int.o(.text.SVC_Handler)
    SysTick_Handler                          0x080003b9   Thumb Code     2  at32f435_437_int.o(.text.SysTick_Handler)
    SystemInit                               0x080003bd   Thumb Code   104  system_at32f435_437.o(.text.SystemInit)
    UsageFault_Handler                       0x08000425   Thumb Code     2  at32f435_437_int.o(.text.UsageFault_Handler)
    main                                     0x08000439   Thumb Code    16  main.o(.text.main)
    systick_Clock_Source_Config              0x08000449   Thumb Code    24  at32f435_437_misc.o(.text.systick_Clock_Source_Config)
    _fp_init                                 0x08000461   Thumb Code    26  fpinit.o(x$fpl$fpinit)
    __fplib_config_fpu_vfp                   0x08000479   Thumb Code     0  fpinit.o(x$fpl$fpinit)
    __fplib_config_pureend_doubles           0x08000479   Thumb Code     0  fpinit.o(x$fpl$fpinit)
    Region$$Table$$Base                      0x0800047c   Number         0  anon$$obj.o(Region$$Table)
    Region$$Table$$Limit                     0x0800048c   Number         0  anon$$obj.o(Region$$Table)
    __libspace_start                         0x20000000   Data          96  libspace.o(.bss)
    __temporary_stack_top$libspace           0x20000060   Data           0  libspace.o(.bss)



==============================================================================

Memory Map of the image

  Image Entry point : 0x0800020d

  Load Region LR_IROM1 (Base: 0x08000000, Size: 0x0000048c, Max: 0x003f0000, ABSOLUTE)

    Execution Region ER_IROM1 (Exec base: 0x08000000, Load base: 0x08000000, Size: 0x0000048c, Max: 0x003f0000, ABSOLUTE)

    Exec Addr    Load Addr    Size         Type   Attr      Idx    E Section Name        Object

    0x08000000   0x08000000   0x0000020c   Data   RO            3    RESET               startup_at32f435_437.o
    0x0800020c   0x0800020c   0x00000008   Code   RO         1910  * !!!main             c_w.l(__main.o)
    0x08000214   0x08000214   0x00000034   Code   RO         2077    !!!scatter          c_w.l(__scatter.o)
    0x08000248   0x08000248   0x0000001c   Code   RO         2079    !!handler_zi        c_w.l(__scatter_zi.o)
    0x08000264   0x08000264   0x00000002   Code   RO         1937    .ARM.Collect$$libinit$$00000000  c_w.l(libinit.o)
    0x08000266   0x08000266   0x00000004   Code   RO         1947    .ARM.Collect$$libinit$$00000001  c_w.l(libinit2.o)
    0x0800026a   0x0800026a   0x00000000   Code   RO         1950    .ARM.Collect$$libinit$$00000004  c_w.l(libinit2.o)
    0x0800026a   0x0800026a   0x00000000   Code   RO         1953    .ARM.Collect$$libinit$$0000000A  c_w.l(libinit2.o)
    0x0800026a   0x0800026a   0x00000000   Code   RO         1955    .ARM.Collect$$libinit$$0000000C  c_w.l(libinit2.o)
    0x0800026a   0x0800026a   0x00000000   Code   RO         1957    .ARM.Collect$$libinit$$0000000E  c_w.l(libinit2.o)
    0x0800026a   0x0800026a   0x00000000   Code   RO         1960    .ARM.Collect$$libinit$$00000011  c_w.l(libinit2.o)
    0x0800026a   0x0800026a   0x00000000   Code   RO         1962    .ARM.Collect$$libinit$$00000013  c_w.l(libinit2.o)
    0x0800026a   0x0800026a   0x00000000   Code   RO         1964    .ARM.Collect$$libinit$$00000015  c_w.l(libinit2.o)
    0x0800026a   0x0800026a   0x00000000   Code   RO         1966    .ARM.Collect$$libinit$$00000017  c_w.l(libinit2.o)
    0x0800026a   0x0800026a   0x00000000   Code   RO         1968    .ARM.Collect$$libinit$$00000019  c_w.l(libinit2.o)
    0x0800026a   0x0800026a   0x00000000   Code   RO         1970    .ARM.Collect$$libinit$$0000001B  c_w.l(libinit2.o)
    0x0800026a   0x0800026a   0x00000000   Code   RO         1972    .ARM.Collect$$libinit$$0000001D  c_w.l(libinit2.o)
    0x0800026a   0x0800026a   0x00000000   Code   RO         1974    .ARM.Collect$$libinit$$0000001F  c_w.l(libinit2.o)
    0x0800026a   0x0800026a   0x00000000   Code   RO         1976    .ARM.Collect$$libinit$$00000021  c_w.l(libinit2.o)
    0x0800026a   0x0800026a   0x00000000   Code   RO         1978    .ARM.Collect$$libinit$$00000023  c_w.l(libinit2.o)
    0x0800026a   0x0800026a   0x00000000   Code   RO         1980    .ARM.Collect$$libinit$$00000025  c_w.l(libinit2.o)
    0x0800026a   0x0800026a   0x00000000   Code   RO         1984    .ARM.Collect$$libinit$$0000002C  c_w.l(libinit2.o)
    0x0800026a   0x0800026a   0x00000000   Code   RO         1986    .ARM.Collect$$libinit$$0000002E  c_w.l(libinit2.o)
    0x0800026a   0x0800026a   0x00000000   Code   RO         1988    .ARM.Collect$$libinit$$00000030  c_w.l(libinit2.o)
    0x0800026a   0x0800026a   0x00000000   Code   RO         1990    .ARM.Collect$$libinit$$00000032  c_w.l(libinit2.o)
    0x0800026a   0x0800026a   0x00000002   Code   RO         1991    .ARM.Collect$$libinit$$00000033  c_w.l(libinit2.o)
    0x0800026c   0x0800026c   0x00000002   Code   RO         2016    .ARM.Collect$$libshutdown$$00000000  c_w.l(libshutdown.o)
    0x0800026e   0x0800026e   0x00000000   Code   RO         2028    .ARM.Collect$$libshutdown$$00000002  c_w.l(libshutdown2.o)
    0x0800026e   0x0800026e   0x00000000   Code   RO         2030    .ARM.Collect$$libshutdown$$00000004  c_w.l(libshutdown2.o)
    0x0800026e   0x0800026e   0x00000000   Code   RO         2033    .ARM.Collect$$libshutdown$$00000007  c_w.l(libshutdown2.o)
    0x0800026e   0x0800026e   0x00000000   Code   RO         2036    .ARM.Collect$$libshutdown$$0000000A  c_w.l(libshutdown2.o)
    0x0800026e   0x0800026e   0x00000000   Code   RO         2038    .ARM.Collect$$libshutdown$$0000000C  c_w.l(libshutdown2.o)
    0x0800026e   0x0800026e   0x00000000   Code   RO         2041    .ARM.Collect$$libshutdown$$0000000F  c_w.l(libshutdown2.o)
    0x0800026e   0x0800026e   0x00000002   Code   RO         2042    .ARM.Collect$$libshutdown$$00000010  c_w.l(libshutdown2.o)
    0x08000270   0x08000270   0x00000000   Code   RO         1912    .ARM.Collect$$rtentry$$00000000  c_w.l(__rtentry.o)
    0x08000270   0x08000270   0x00000000   Code   RO         1914    .ARM.Collect$$rtentry$$00000002  c_w.l(__rtentry2.o)
    0x08000270   0x08000270   0x00000006   Code   RO         1926    .ARM.Collect$$rtentry$$00000004  c_w.l(__rtentry4.o)
    0x08000276   0x08000276   0x00000000   Code   RO         1916    .ARM.Collect$$rtentry$$00000009  c_w.l(__rtentry2.o)
    0x08000276   0x08000276   0x00000004   Code   RO         1917    .ARM.Collect$$rtentry$$0000000A  c_w.l(__rtentry2.o)
    0x0800027a   0x0800027a   0x00000000   Code   RO         1919    .ARM.Collect$$rtentry$$0000000C  c_w.l(__rtentry2.o)
    0x0800027a   0x0800027a   0x00000008   Code   RO         1920    .ARM.Collect$$rtentry$$0000000D  c_w.l(__rtentry2.o)
    0x08000282   0x08000282   0x00000002   Code   RO         1945    .ARM.Collect$$rtexit$$00000000  c_w.l(rtexit.o)
    0x08000284   0x08000284   0x00000000   Code   RO         1996    .ARM.Collect$$rtexit$$00000002  c_w.l(rtexit2.o)
    0x08000284   0x08000284   0x00000004   Code   RO         1997    .ARM.Collect$$rtexit$$00000003  c_w.l(rtexit2.o)
    0x08000288   0x08000288   0x00000006   Code   RO         1998    .ARM.Collect$$rtexit$$00000004  c_w.l(rtexit2.o)
    0x0800028e   0x0800028e   0x00000002   PAD
    0x08000290   0x08000290   0x00000040   Code   RO            4    .text               startup_at32f435_437.o
    0x080002d0   0x080002d0   0x00000006   Code   RO         1908    .text               c_w.l(heapauxi.o)
    0x080002d6   0x080002d6   0x0000004a   Code   RO         1928    .text               c_w.l(sys_stackheap_outer.o)
    0x08000320   0x08000320   0x00000012   Code   RO         1930    .text               c_w.l(exit.o)
    0x08000332   0x08000332   0x00000002   PAD
    0x08000334   0x08000334   0x00000008   Code   RO         1938    .text               c_w.l(libspace.o)
    0x0800033c   0x0800033c   0x00000030   Code   RO         1941    .text               c_w.l(sys_stackheap.o)
    0x0800036c   0x0800036c   0x00000002   Code   RO         1992    .text               c_w.l(use_no_semi.o)
    0x0800036e   0x0800036e   0x00000000   Code   RO         1994    .text               c_w.l(indicate_semi.o)
    0x0800036e   0x0800036e   0x00000002   PAD
    0x08000370   0x08000370   0x0000000c   Code   RO         2006    .text               c_w.l(sys_exit.o)
    0x0800037c   0x0800037c   0x00000002   Code   RO         1888    .text.BusFault_Handler  at32f435_437_int.o
    0x0800037e   0x0800037e   0x00000002   PAD
    0x08000380   0x08000380   0x00000002   Code   RO         1894    .text.DebugMon_Handler  at32f435_437_int.o
    0x08000382   0x08000382   0x00000002   PAD
    0x08000384   0x08000384   0x00000002   Code   RO         1884    .text.HardFault_Handler  at32f435_437_int.o
    0x08000386   0x08000386   0x00000002   PAD
    0x08000388   0x08000388   0x00000002   Code   RO         1886    .text.MemManage_Handler  at32f435_437_int.o
    0x0800038a   0x0800038a   0x00000002   PAD
    0x0800038c   0x0800038c   0x00000002   Code   RO         1882    .text.NMI_Handler   at32f435_437_int.o
    0x0800038e   0x0800038e   0x00000002   PAD
    0x08000390   0x08000390   0x00000002   Code   RO         1896    .text.PendSV_Handler  at32f435_437_int.o
    0x08000392   0x08000392   0x00000002   PAD
    0x08000394   0x08000394   0x00000002   Code   RO         1892    .text.SVC_Handler   at32f435_437_int.o
    0x08000396   0x08000396   0x00000002   PAD
    0x08000398   0x08000398   0x0000001e   Code   RO         1862    .text.SysTick_Config  main.o
    0x080003b6   0x080003b6   0x00000002   PAD
    0x080003b8   0x080003b8   0x00000002   Code   RO         1898    .text.SysTick_Handler  at32f435_437_int.o
    0x080003ba   0x080003ba   0x00000002   PAD
    0x080003bc   0x080003bc   0x00000068   Code   RO           11    .text.SystemInit    system_at32f435_437.o
    0x08000424   0x08000424   0x00000002   Code   RO         1890    .text.UsageFault_Handler  at32f435_437_int.o
    0x08000426   0x08000426   0x00000002   PAD
    0x08000428   0x08000428   0x0000000e   Code   RO         1864    .text.__NVIC_SetPriority  main.o
    0x08000436   0x08000436   0x00000002   PAD
    0x08000438   0x08000438   0x00000010   Code   RO         1860    .text.main          main.o
    0x08000448   0x08000448   0x00000018   Code   RO         1222    .text.systick_Clock_Source_Config  at32f435_437_misc.o
    0x08000460   0x08000460   0x0000001a   Code   RO         2004    x$fpl$fpinit        fz_wm.l(fpinit.o)
    0x0800047a   0x0800047a   0x00000002   PAD
    0x0800047c   0x0800047c   0x00000010   Data   RO         2076    Region$$Table       anon$$obj.o


    Execution Region RW_IRAM1 (Exec base: 0x20000000, Load base: 0x0800048c, Size: 0x00000660, Max: 0x00060000, ABSOLUTE)

    Exec Addr    Load Addr    Size         Type   Attr      Idx    E Section Name        Object

    0x20000000        -       0x00000060   Zero   RW         1939    .bss                c_w.l(libspace.o)
    0x20000060        -       0x00000200   Zero   RW            2    HEAP                startup_at32f435_437.o
    0x20000260        -       0x00000400   Zero   RW            1    STACK               startup_at32f435_437.o


==============================================================================

Image component sizes


      Code (inc. data)   RO Data    RW Data    ZI Data      Debug   Object Name

        18          0          0          0          0       1002   at32f435_437_int.o
        24          0          0          0          0       7648   at32f435_437_misc.o
        60          0          0          0          0       4517   main.o
        64         26        524          0       1536        860   startup_at32f435_437.o
       104          0          0          0          0      11692   system_at32f435_437.o

    ----------------------------------------------------------------------
       292         26        540          0       1536      25719   Object Totals
         0          0         16          0          0          0   (incl. Generated)
        22          0          0          0          0          0   (incl. Padding)

    ----------------------------------------------------------------------

      Code (inc. data)   RO Data    RW Data    ZI Data      Debug   Library Member Name

         8          0          0          0          0         68   __main.o
         0          0          0          0          0          0   __rtentry.o
        12          0          0          0          0          0   __rtentry2.o
         6          0          0          0          0          0   __rtentry4.o
        52          8          0          0          0          0   __scatter.o
        28          0          0          0          0          0   __scatter_zi.o
        18          0          0          0          0         80   exit.o
         6          0          0          0          0        152   heapauxi.o
         0          0          0          0          0          0   indicate_semi.o
         2          0          0          0          0          0   libinit.o
         6          0          0          0          0          0   libinit2.o
         2          0          0          0          0          0   libshutdown.o
         2          0          0          0          0          0   libshutdown2.o
         8          4          0          0         96         68   libspace.o
         2          0          0          0          0          0   rtexit.o
        10          0          0          0          0          0   rtexit2.o
        12          4          0          0          0         68   sys_exit.o
        48          8          0          0          0         80   sys_stackheap.o
        74          0          0          0          0         80   sys_stackheap_outer.o
         2          0          0          0          0         68   use_no_semi.o
        26          0          0          0          0        116   fpinit.o

    ----------------------------------------------------------------------
       332         24          0          0         96        780   Library Totals
         8          0          0          0          0          0   (incl. Padding)

    ----------------------------------------------------------------------

      Code (inc. data)   RO Data    RW Data    ZI Data      Debug   Library Name

       298         24          0          0         96        664   c_w.l
        26          0          0          0          0        116   fz_wm.l

    ----------------------------------------------------------------------
       332         24          0          0         96        780   Library Totals

    ----------------------------------------------------------------------

==============================================================================


      Code (inc. data)   RO Data    RW Data    ZI Data      Debug   

       624         50        540          0       1632      26163   Grand Totals
       624         50        540          0       1632      26163   ELF Image Totals
       624         50        540          0          0          0   ROM Totals

==============================================================================

    Total RO  Size (Code + RO Data)                 1164 (   1.14kB)
    Total RW  Size (RW Data + ZI Data)              1632 (   1.59kB)
    Total ROM Size (Code + RO Data + RW Data)       1164 (   1.14kB)

==============================================================================

